Archive member included to satisfy reference by file (symbol)

C:/ST/STM32CubeIDE_1.12.1/STM32CubeIDE/plugins/com.st.stm32cube.ide.mcu.externaltools.gnu-tools-for-stm32.11.3.rel1.win32_1.1.1.202309131626/tools/bin/../lib/gcc/arm-none-eabi/11.3.1/../../../../arm-none-eabi/lib/thumb/v7e-m+fp/hard\libstdc++_nano.a(del_ops.o)
                              ./Core/Src/main.o (operator delete(void*, unsigned int))
C:/ST/STM32CubeIDE_1.12.1/STM32CubeIDE/plugins/com.st.stm32cube.ide.mcu.externaltools.gnu-tools-for-stm32.11.3.rel1.win32_1.1.1.202309131626/tools/bin/../lib/gcc/arm-none-eabi/11.3.1/../../../../arm-none-eabi/lib/thumb/v7e-m+fp/hard\libstdc++_nano.a(new_op.o)
                              ./USB_DEVICE/App/usbd_cdc_if.o (operator new(unsigned int))
C:/ST/STM32CubeIDE_1.12.1/STM32CubeIDE/plugins/com.st.stm32cube.ide.mcu.externaltools.gnu-tools-for-stm32.11.3.rel1.win32_1.1.1.202309131626/tools/bin/../lib/gcc/arm-none-eabi/11.3.1/../../../../arm-none-eabi/lib/thumb/v7e-m+fp/hard\libstdc++_nano.a(functexcept.o)
                              ./USB_DEVICE/App/usbd_cdc_if.o (std::__throw_bad_alloc())
C:/ST/STM32CubeIDE_1.12.1/STM32CubeIDE/plugins/com.st.stm32cube.ide.mcu.externaltools.gnu-tools-for-stm32.11.3.rel1.win32_1.1.1.202309131626/tools/bin/../lib/gcc/arm-none-eabi/11.3.1/../../../../arm-none-eabi/lib/thumb/v7e-m+fp/hard\libstdc++_nano.a(snprintf_lite.o)
                              C:/ST/STM32CubeIDE_1.12.1/STM32CubeIDE/plugins/com.st.stm32cube.ide.mcu.externaltools.gnu-tools-for-stm32.11.3.rel1.win32_1.1.1.202309131626/tools/bin/../lib/gcc/arm-none-eabi/11.3.1/../../../../arm-none-eabi/lib/thumb/v7e-m+fp/hard\libstdc++_nano.a(functexcept.o) (__gnu_cxx::__snprintf_lite(char*, unsigned int, char const*, std::__va_list))
C:/ST/STM32CubeIDE_1.12.1/STM32CubeIDE/plugins/com.st.stm32cube.ide.mcu.externaltools.gnu-tools-for-stm32.11.3.rel1.win32_1.1.1.202309131626/tools/bin/../lib/gcc/arm-none-eabi/11.3.1/../../../../arm-none-eabi/lib/thumb/v7e-m+fp/hard\libstdc++_nano.a(del_op.o)
                              C:/ST/STM32CubeIDE_1.12.1/STM32CubeIDE/plugins/com.st.stm32cube.ide.mcu.externaltools.gnu-tools-for-stm32.11.3.rel1.win32_1.1.1.202309131626/tools/bin/../lib/gcc/arm-none-eabi/11.3.1/../../../../arm-none-eabi/lib/thumb/v7e-m+fp/hard\libstdc++_nano.a(del_ops.o) (operator delete(void*))
C:/ST/STM32CubeIDE_1.12.1/STM32CubeIDE/plugins/com.st.stm32cube.ide.mcu.externaltools.gnu-tools-for-stm32.11.3.rel1.win32_1.1.1.202309131626/tools/bin/../lib/gcc/arm-none-eabi/11.3.1/../../../../arm-none-eabi/lib/thumb/v7e-m+fp/hard\libstdc++_nano.a(new_handler.o)
                              C:/ST/STM32CubeIDE_1.12.1/STM32CubeIDE/plugins/com.st.stm32cube.ide.mcu.externaltools.gnu-tools-for-stm32.11.3.rel1.win32_1.1.1.202309131626/tools/bin/../lib/gcc/arm-none-eabi/11.3.1/../../../../arm-none-eabi/lib/thumb/v7e-m+fp/hard\libstdc++_nano.a(new_op.o) (std::get_new_handler())
C:/ST/STM32CubeIDE_1.12.1/STM32CubeIDE/plugins/com.st.stm32cube.ide.mcu.externaltools.gnu-tools-for-stm32.11.3.rel1.win32_1.1.1.202309131626/tools/bin/../lib/gcc/arm-none-eabi/11.3.1/../../../../arm-none-eabi/lib/thumb/v7e-m+fp/hard\libc_nano.a(libc_a-abort.o)
                              C:/ST/STM32CubeIDE_1.12.1/STM32CubeIDE/plugins/com.st.stm32cube.ide.mcu.externaltools.gnu-tools-for-stm32.11.3.rel1.win32_1.1.1.202309131626/tools/bin/../lib/gcc/arm-none-eabi/11.3.1/../../../../arm-none-eabi/lib/thumb/v7e-m+fp/hard\libstdc++_nano.a(new_op.o) (abort)
C:/ST/STM32CubeIDE_1.12.1/STM32CubeIDE/plugins/com.st.stm32cube.ide.mcu.externaltools.gnu-tools-for-stm32.11.3.rel1.win32_1.1.1.202309131626/tools/bin/../lib/gcc/arm-none-eabi/11.3.1/../../../../arm-none-eabi/lib/thumb/v7e-m+fp/hard\libc_nano.a(libc_a-exit.o)
                              C:/ST/STM32CubeIDE_1.12.1/STM32CubeIDE/plugins/com.st.stm32cube.ide.mcu.externaltools.gnu-tools-for-stm32.11.3.rel1.win32_1.1.1.202309131626/tools/bin/../lib/gcc/arm-none-eabi/11.3.1/../../../../arm-none-eabi/lib/thumb/v7e-m+fp/hard/crt0.o (exit)
C:/ST/STM32CubeIDE_1.12.1/STM32CubeIDE/plugins/com.st.stm32cube.ide.mcu.externaltools.gnu-tools-for-stm32.11.3.rel1.win32_1.1.1.202309131626/tools/bin/../lib/gcc/arm-none-eabi/11.3.1/../../../../arm-none-eabi/lib/thumb/v7e-m+fp/hard\libc_nano.a(libc_a-malloc.o)
                              C:/ST/STM32CubeIDE_1.12.1/STM32CubeIDE/plugins/com.st.stm32cube.ide.mcu.externaltools.gnu-tools-for-stm32.11.3.rel1.win32_1.1.1.202309131626/tools/bin/../lib/gcc/arm-none-eabi/11.3.1/../../../../arm-none-eabi/lib/thumb/v7e-m+fp/hard\libstdc++_nano.a(new_op.o) (malloc)
C:/ST/STM32CubeIDE_1.12.1/STM32CubeIDE/plugins/com.st.stm32cube.ide.mcu.externaltools.gnu-tools-for-stm32.11.3.rel1.win32_1.1.1.202309131626/tools/bin/../lib/gcc/arm-none-eabi/11.3.1/../../../../arm-none-eabi/lib/thumb/v7e-m+fp/hard\libc_nano.a(libc_a-mallocr.o)
[...]
Memory Configuration

Name             Origin             Length             Attributes
CCMRAM           0x0000000010000000 0x0000000000010000 xrw
RAM              0x0000000020000000 0x0000000000030000 xrw
FLASH            0x0000000008000000 0x0000000000200000 xr
*default*        0x0000000000000000 0xffffffffffffffff

Linker script and memory map

LOAD C:/ST/STM32CubeIDE_1.12.1/STM32CubeIDE/plugins/com.st.stm32cube.ide.mcu.externaltools.gnu-tools-for-stm32.11.3.rel1.win32_1.1.1.202309131626/tools/bin/../lib/gcc/arm-none-eabi/11.3.1/thumb/v7e-m+fp/hard/crti.o
LOAD C:/ST/STM32CubeIDE_1.12.1/STM32CubeIDE/plugins/com.st.stm32cube.ide.mcu.externaltools.gnu-tools-for-stm32.11.3.rel1.win32_1.1.1.202309131626/tools/bin/../lib/gcc/arm-none-eabi/11.3.1/thumb/v7e-m+fp/hard/crtbegin.o
LOAD C:/ST/STM32CubeIDE_1.12.1/STM32CubeIDE/plugins/com.st.stm32cube.ide.mcu.externaltools.gnu-tools-for-stm32.11.3.rel1.win32_1.1.1.202309131626/tools/bin/../lib/gcc/arm-none-eabi/11.3.1/../../../../arm-none-eabi/lib/thumb/v7e-m+fp/hard/crt0.o
LOAD ./Core/Src/Tim.o
LOAD ./Core/Src/main.o
LOAD ./Core/Src/stm32f4xx_hal_msp.o
LOAD ./Core/Src/stm32f4xx_it.o
LOAD ./Core/Src/syscalls.o
LOAD ./Core/Src/sysmem.o
LOAD ./Core/Src/system_stm32f4xx.o
LOAD ./Core/Startup/startup_stm32f429zitx.o
LOAD ./Drivers/STM32F4xx_HAL_Driver/Src/stm32f4xx_hal.o
LOAD ./Drivers/STM32F4xx_HAL_Driver/Src/stm32f4xx_hal_cortex.o
LOAD ./Drivers/STM32F4xx_HAL_Driver/Src/stm32f4xx_hal_dma.o
LOAD ./Drivers/STM32F4xx_HAL_Driver/Src/stm32f4xx_hal_dma_ex.o
LOAD ./Drivers/STM32F4xx_HAL_Driver/Src/stm32f4xx_hal_exti.o
LOAD ./Drivers/STM32F4xx_HAL_Driver/Src/stm32f4xx_hal_flash.o
LOAD ./Drivers/STM32F4xx_HAL_Driver/Src/stm32f4xx_hal_flash_ex.o
LOAD ./Drivers/STM32F4xx_HAL_Driver/Src/stm32f4xx_hal_flash_ramfunc.o
LOAD ./Drivers/STM32F4xx_HAL_Driver/Src/stm32f4xx_hal_gpio.o
LOAD ./Drivers/STM32F4xx_HAL_Driver/Src/stm32f4xx_hal_pcd.o
LOAD ./Drivers/STM32F4xx_HAL_Driver/Src/stm32f4xx_hal_pcd_ex.o
LOAD ./Drivers/STM32F4xx_HAL_Driver/Src/stm32f4xx_hal_pwr.o
LOAD ./Drivers/STM32F4xx_HAL_Driver/Src/stm32f4xx_hal_pwr_ex.o
LOAD ./Drivers/STM32F4xx_HAL_Driver/Src/stm32f4xx_hal_rcc.o
LOAD ./Drivers/STM32F4xx_HAL_Driver/Src/stm32f4xx_hal_rcc_ex.o
LOAD ./Drivers/STM32F4xx_HAL_Driver/Src/stm32f4xx_hal_tim.o
LOAD ./Drivers/STM32F4xx_HAL_Driver/Src/stm32f4xx_hal_tim_ex.o
LOAD ./Drivers/STM32F4xx_HAL_Driver/Src/stm32f4xx_ll_usb.o
LOAD ./Middlewares/ST/STM32_USB_Device_Library/Class/CDC/Src/usbd_cdc.o
LOAD ./Middlewares/ST/STM32_USB_Device_Library/Core/Src/usbd_core.o
LOAD ./Middlewares/ST/STM32_USB_Device_Library/Core/Src/usbd_ctlreq.o
LOAD ./Middlewares/ST/STM32_USB_Device_Library/Core/Src/usbd_ioreq.o
LOAD ./USB_DEVICE/App/usb_device.o
LOAD ./USB_DEVICE/App/usbd_cdc_if.o
LOAD ./USB_DEVICE/App/usbd_desc.o
LOAD ./USB_DEVICE/Target/usbd_conf.o
START GROUP
LOAD C:/ST/STM32CubeIDE_1.12.1/STM32CubeIDE/plugins/com.st.stm32cube.ide.mcu.externaltools.gnu-tools-for-stm32.11.3.rel1.win32_1.1.1.202309131626/tools/bin/../lib/gcc/arm-none-eabi/11.3.1/../../../../arm-none-eabi/lib/thumb/v7e-m+fp/hard\libstdc++_nano.a
LOAD C:/ST/STM32CubeIDE_1.12.1/STM32CubeIDE/plugins/com.st.stm32cube.ide.mcu.externaltools.gnu-tools-for-stm32.11.3.rel1.win32_1.1.1.202309131626/tools/bin/../lib/gcc/arm-none-eabi/11.3.1/../../../../arm-none-eabi/lib/thumb/v7e-m+fp/hard\libsupc++_nano.a
END GROUP
LOAD C:/ST/STM32CubeIDE_1.12.1/STM32CubeIDE/plugins/com.st.stm32cube.ide.mcu.externaltools.gnu-tools-for-stm32.11.3.rel1.win32_1.1.1.202309131626/tools/bin/../lib/gcc/arm-none-eabi/11.3.1/../../../../arm-none-eabi/lib/thumb/v7e-m+fp/hard\libstdc++_nano.a
LOAD C:/ST/STM32CubeIDE_1.12.1/STM32CubeIDE/plugins/com.st.stm32cube.ide.mcu.externaltools.gnu-tools-for-stm32.11.3.rel1.win32_1.1.1.202309131626/tools/bin/../lib/gcc/arm-none-eabi/11.3.1/../../../../arm-none-eabi/lib/thumb/v7e-m+fp/hard\libm.a
LOAD C:/ST/STM32CubeIDE_1.12.1/STM32CubeIDE/plugins/com.st.stm32cube.ide.mcu.externaltools.gnu-tools-for-stm32.11.3.rel1.win32_1.1.1.202309131626/tools/bin/../lib/gcc/arm-none-eabi/11.3.1/../../../../arm-none-eabi/lib/thumb/v7e-m+fp/hard\libc_nano.a
START GROUP
LOAD C:/ST/STM32CubeIDE_1.12.1/STM32CubeIDE/plugins/com.st.stm32cube.ide.mcu.externaltools.gnu-tools-for-stm32.11.3.rel1.win32_1.1.1.202309131626/tools/bin/../lib/gcc/arm-none-eabi/11.3.1/thumb/v7e-m+fp/hard\libgcc.a
LOAD C:/ST/STM32CubeIDE_1.12.1/STM32CubeIDE/plugins/com.st.stm32cube.ide.mcu.externaltools.gnu-tools-for-stm32.11.3.rel1.win32_1.1.1.202309131626/tools/bin/../lib/gcc/arm-none-eabi/11.3.1/../../../../arm-none-eabi/lib/thumb/v7e-m+fp/hard\libc_nano.a
END GROUP
START GROUP
LOAD C:/ST/STM32CubeIDE_1.12.1/STM32CubeIDE/plugins/com.st.stm32cube.ide.mcu.externaltools.gnu-tools-for-stm32.11.3.rel1.win32_1.1.1.202309131626/tools/bin/../lib/gcc/arm-none-eabi/11.3.1/thumb/v7e-m+fp/hard\libgcc.a
LOAD C:/ST/STM32CubeIDE_1.12.1/STM32CubeIDE/plugins/com.st.stm32cube.ide.mcu.externaltools.gnu-tools-for-stm32.11.3.rel1.win32_1.1.1.202309131626/tools/bin/../lib/gcc/arm-none-eabi/11.3.1/../../../../arm-none-eabi/lib/thumb/v7e-m+fp/hard\libc_nano.a
LOAD C:/ST/STM32CubeIDE_1.12.1/STM32CubeIDE/plugins/com.st.stm32cube.ide.mcu.externaltools.gnu-tools-for-stm32.11.3.rel1.win32_1.1.1.202309131626/tools/bin/../lib/gcc/arm-none-eabi/11.3.1/../../../../arm-none-eabi/lib/thumb/v7e-m+fp/hard\libnosys.a
END GROUP
START GROUP
LOAD C:/ST/STM32CubeIDE_1.12.1/STM32CubeIDE/plugins/com.st.stm32cube.ide.mcu.externaltools.gnu-tools-for-stm32.11.3.rel1.win32_1.1.1.202309131626/tools/bin/../lib/gcc/arm-none-eabi/11.3.1/thumb/v7e-m+fp/hard\libgcc.a
LOAD C:/ST/STM32CubeIDE_1.12.1/STM32CubeIDE/plugins/com.st.stm32cube.ide.mcu.externaltools.gnu-tools-for-stm32.11.3.rel1.win32_1.1.1.202309131626/tools/bin/../lib/gcc/arm-none-eabi/11.3.1/../../../../arm-none-eabi/lib/thumb/v7e-m+fp/hard\libc_nano.a
LOAD C:/ST/STM32CubeIDE_1.12.1/STM32CubeIDE/plugins/com.st.stm32cube.ide.mcu.externaltools.gnu-tools-for-stm32.11.3.rel1.win32_1.1.1.202309131626/tools/bin/../lib/gcc/arm-none-eabi/11.3.1/../../../../arm-none-eabi/lib/thumb/v7e-m+fp/hard\libnosys.a
END GROUP
LOAD C:/ST/STM32CubeIDE_1.12.1/STM32CubeIDE/plugins/com.st.stm32cube.ide.mcu.externaltools.gnu-tools-for-stm32.11.3.rel1.win32_1.1.1.202309131626/tools/bin/../lib/gcc/arm-none-eabi/11.3.1/thumb/v7e-m+fp/hard/crtend.o
LOAD C:/ST/STM32CubeIDE_1.12.1/STM32CubeIDE/plugins/com.st.stm32cube.ide.mcu.externaltools.gnu-tools-for-stm32.11.3.rel1.win32_1.1.1.202309131626/tools/bin/../lib/gcc/arm-none-eabi/11.3.1/thumb/v7e-m+fp/hard/crtn.o
                0x0000000020030000                _estack = (ORIGIN (RAM) + LENGTH (RAM))
                0x0000000000000400                _Min_Heap_Size = 0x400
                0x0000000000000400                _Min_Stack_Size = 0x400

.isr_vector     0x0000000008000000      0x1ac
                0x0000000008000000                . = ALIGN (0x4)
 *(.isr_vector)
 .isr_vector    0x0000000008000000      0x1ac ./Core/Startup/startup_stm32f429zitx.o
                0x0000000008000000                g_pfnVectors
                0x00000000080001ac                . = ALIGN (0x4)

.text           0x00000000080001ac     0x8020
                0x00000000080001ac                . = ALIGN (0x4)
 *(.text)
 .text          0x00000000080001ac       0x40 C:/ST/STM32CubeIDE_1.12.1/STM32CubeIDE/plugins/com.st.stm32cube.ide.mcu.externaltools.gnu-tools-for-stm32.11.3.rel1.win32_1.1.1.202309131626/tools/bin/../lib/gcc/arm-none-eabi/11.3.1/thumb/v7e-m+fp/hard/crtbegin.o
 .text          0x00000000080001ec       0x30 C:/ST/STM32CubeIDE_1.12.1/STM32CubeIDE/plugins/com.st.stm32cube.ide.mcu.externaltools.gnu-tools-for-stm32.11.3.rel1.win32_1.1.1.202309131626/tools/bin/../lib/gcc/arm-none-eabi/11.3.1/thumb/v7e-m+fp/hard\libgcc.a(_aeabi_uldivmod.o)
                0x00000000080001ec                __aeabi_uldivmod
 .text          0x000000000800021c      0x2c8 C:/ST/STM32CubeIDE_1.12.1/STM32CubeIDE/plugins/com.st.stm32cube.ide.mcu.externaltools.gnu-tools-for-stm32.11.3.rel1.win32_1.1.1.202309131626/tools/bin/../lib/gcc/arm-none-eabi/11.3.1/thumb/v7e-m+fp/hard\libgcc.a(_udivmoddi4.o)
                0x000000000800021c                __udivmoddi4
 .text          0x00000000080004e4        0x4 C:/ST/STM32CubeIDE_1.12.1/STM32CubeIDE/plugins/com.st.stm32cube.ide.mcu.externaltools.gnu-tools-for-stm32.11.3.rel1.win32_1.1.1.202309131626/tools/bin/../lib/gcc/arm-none-eabi/11.3.1/thumb/v7e-m+fp/hard\libgcc.a(_dvmd_tls.o)
                0x00000000080004e4                __aeabi_idiv0
                0x00000000080004e4                __aeabi_ldiv0
 *(.text*)
 .text._ZN3TimC2Ev
                0x00000000080004e8       0x1c ./Core/Src/Tim.o
                0x00000000080004e8                Tim::Tim()
                0x00000000080004e8                Tim::Tim()
 .text._ZN3Tim5resetEv
                0x0000000008000504       0x1a ./Core/Src/Tim.o
                0x0000000008000504                Tim::reset()
 .text._ZN3Tim8getMillsEv
                0x000000000800051e       0x1e ./Core/Src/Tim.o
                0x000000000800051e                Tim::getMills()
 .text._ZNSt12_Vector_baseIhSaIhEE12_Vector_implD2Ev
                0x000000000800053c       0x18 ./Core/Src/main.o
                0x000000000800053c                std::_Vector_base<unsigned char, std::allocator<unsigned char> >::_Vector_impl::~_Vector_impl()
                0x000000000800053c                std::_Vector_base<unsigned char, std::allocator<unsigned char> >::_Vector_impl::~_Vector_impl()
 .text._ZNSt12_Vector_baseIhSaIhEEC2Ev
                0x0000000008000554       0x1a ./Core/Src/main.o
                0x0000000008000554                std::_Vector_base<unsigned char, std::allocator<unsigned char> >::_Vector_base()
                0x0000000008000554                std::_Vector_base<unsigned char, std::allocator<unsigned char> >::_Vector_base()
 .text._ZNSt6vectorIhSaIhEEC2Ev
                0x000000000800056e       0x1a ./Core/Src/main.o
                0x000000000800056e                std::vector<unsigned char, std::allocator<unsigned char> >::vector()
                0x000000000800056e                std::vector<unsigned char, std::allocator<unsigned char> >::vector()
 .text.main     0x0000000008000588      0x12c ./Core/Src/main.o
                0x0000000008000588                main
 .text._Z18SystemClock_Configv
                0x00000000080006b4       0xe8 ./Core/Src/main.o
                0x00000000080006b4                SystemClock_Config()
 .text._ZL12MX_GPIO_Initv
                0x000000000800079c      0x208 ./Core/Src/main.o
 .text.Error_Handler
                0x00000000080009a4        0xa ./Core/Src/main.o
                0x00000000080009a4                Error_Handler
 .text._ZNSt12_Vector_baseIhSaIhEE12_Vector_implC2Ev
                0x00000000080009ae       0x20 ./Core/Src/main.o
                0x00000000080009ae                std::_Vector_base<unsigned char, std::allocator<unsigned char> >::_Vector_impl::_Vector_impl()
                0x00000000080009ae                std::_Vector_base<unsigned char, std::allocator<unsigned char> >::_Vector_impl::_Vector_impl()
 .text._ZNSaIhED2Ev
                0x00000000080009ce       0x18 ./Core/Src/main.o
                0x00000000080009ce                std::allocator<unsigned char>::~allocator()
                0x00000000080009ce                std::allocator<unsigned char>::~allocator()
 .text._ZNSt12_Vector_baseIhSaIhEED2Ev
                0x00000000080009e6       0x30 ./Core/Src/main.o
                0x00000000080009e6                std::_Vector_base<unsigned char, std::allocator<unsigned char> >::~_Vector_base()
                0x00000000080009e6                std::_Vector_base<unsigned char, std::allocator<unsigned char> >::~_Vector_base()
 .text._ZNKSt6vectorIhSaIhEE4sizeEv
                0x0000000008000a16       0x1e ./Core/Src/main.o
                0x0000000008000a16                std::vector<unsigned char, std::allocator<unsigned char> >::size() const
 .text._ZNSt6vectorIhSaIhEEixEj
                0x0000000008000a34       0x1e ./Core/Src/main.o
                0x0000000008000a34                std::vector<unsigned char, std::allocator<unsigned char> >::operator[](unsigned int)
 .text._ZNSt6vectorIhSaIhEE5clearEv
                0x0000000008000a52       0x1c ./Core/Src/main.o
                0x0000000008000a52                std::vector<unsigned char, std::allocator<unsigned char> >::clear()
 .text._ZNSaIhEC2Ev
                0x0000000008000a6e       0x18 ./Core/Src/main.o
                0x0000000008000a6e                std::allocator<unsigned char>::allocator()
                0x0000000008000a6e                std::allocator<unsigned char>::allocator()
 .text._ZNSt12_Vector_baseIhSaIhEE17_Vector_impl_dataC2Ev
                0x0000000008000a86       0x28 ./Core/Src/main.o
                0x0000000008000a86                std::_Vector_base<unsigned char, std::allocator<unsigned char> >::_Vector_impl_data::_Vector_impl_data()
                0x0000000008000a86                std::_Vector_base<unsigned char, std::allocator<unsigned char> >::_Vector_impl_data::_Vector_impl_data()
 .text._ZN9__gnu_cxx13new_allocatorIhED2Ev
                0x0000000008000aae       0x16 ./Core/Src/main.o
                0x0000000008000aae                __gnu_cxx::new_allocator<unsigned char>::~new_allocator()
                0x0000000008000aae                __gnu_cxx::new_allocator<unsigned char>::~new_allocator()
 .text._ZNSt12_Vector_baseIhSaIhEE13_M_deallocateEPhj
                0x0000000008000ac4       0x26 ./Core/Src/main.o
                0x0000000008000ac4                std::_Vector_base<unsigned char, std::allocator<unsigned char> >::_M_deallocate(unsigned char*, unsigned int)
 .text._ZNSt6vectorIhSaIhEE15_M_erase_at_endEPh
                0x0000000008000aea       0x40 ./Core/Src/main.o
                0x0000000008000aea                std::vector<unsigned char, std::allocator<unsigned char> >::_M_erase_at_end(unsigned char*)
 .text._ZN9__gnu_cxx13new_allocatorIhEC2Ev
                0x0000000008000b2a       0x16 ./Core/Src/main.o
                0x0000000008000b2a                __gnu_cxx::new_allocator<unsigned char>::new_allocator()
                0x0000000008000b2a                __gnu_cxx::new_allocator<unsigned char>::new_allocator()
 .text._ZNSt16allocator_traitsISaIhEE10deallocateERS0_Phj
                0x0000000008000b40       0x1e ./Core/Src/main.o
                0x0000000008000b40                std::allocator_traits<std::allocator<unsigned char> >::deallocate(std::allocator<unsigned char>&, unsigned char*, unsigned int)
 .text._ZNSt12_Vector_baseIhSaIhEE19_M_get_Tp_allocatorEv
                0x0000000008000b5e       0x16 ./Core/Src/main.o
                0x0000000008000b5e                std::_Vector_base<unsigned char, std::allocator<unsigned char> >::_M_get_Tp_allocator()
 .text._ZSt8_DestroyIPhhEvT_S1_RSaIT0_E
                0x0000000008000b74       0x1c ./Core/Src/main.o
                0x0000000008000b74                void std::_Destroy<unsigned char*, unsigned char>(unsigned char*, unsigned char*, std::allocator<unsigned char>&)
 .text._ZN9__gnu_cxx13new_allocatorIhE10deallocateEPhj
                0x0000000008000b90       0x1c ./Core/Src/main.o
                0x0000000008000b90                __gnu_cxx::new_allocator<unsigned char>::deallocate(unsigned char*, unsigned int)
 .text._ZSt8_DestroyIPhEvT_S1_
                0x0000000008000bac       0x1a ./Core/Src/main.o
                0x0000000008000bac                void std::_Destroy<unsigned char*>(unsigned char*, unsigned char*)
 .text._ZNSt12_Destroy_auxILb1EE9__destroyIPhEEvT_S3_
                0x0000000008000bc6       0x16 ./Core/Src/main.o
                0x0000000008000bc6                void std::_Destroy_aux<true>::__destroy<unsigned char*>(unsigned char*, unsigned char*)
 .text._Z41__static_initialization_and_destruction_0ii
                0x0000000008000bdc       0x4c ./Core/Src/main.o
 .text._ZNSt6vectorIhSaIhEED2Ev
                0x0000000008000c28       0x36 ./Core/Src/main.o
                0x0000000008000c28                std::vector<unsigned char, std::allocator<unsigned char> >::~vector()
                0x0000000008000c28                std::vector<unsigned char, std::allocator<unsigned char> >::~vector()
 .text._GLOBAL__sub_I_rxSilenceTim
                0x0000000008000c5e       0x10 ./Core/Src/main.o
 .text._GLOBAL__sub_D_rxSilenceTim
                0x0000000008000c6e       0x10 ./Core/Src/main.o
 *fill*         0x0000000008000c7e        0x2 
 .text.HAL_MspInit
                0x0000000008000c80       0x50 ./Core/Src/stm32f4xx_hal_msp.o
                0x0000000008000c80                HAL_MspInit
 .text.NMI_Handler
                0x0000000008000cd0        0x6 ./Core/Src/stm32f4xx_it.o
                0x0000000008000cd0                NMI_Handler
 .text.HardFault_Handler
                0x0000000008000cd6        0x6 ./Core/Src/stm32f4xx_it.o
                0x0000000008000cd6                HardFault_Handler
 .text.MemManage_Handler
                0x0000000008000cdc        0x6 ./Core/Src/stm32f4xx_it.o
                0x0000000008000cdc                MemManage_Handler
 .text.BusFault_Handler
                0x0000000008000ce2        0x6 ./Core/Src/stm32f4xx_it.o
                0x0000000008000ce2                BusFault_Handler
 .text.UsageFault_Handler
                0x0000000008000ce8        0x6 ./Core/Src/stm32f4xx_it.o
                0x0000000008000ce8                UsageFault_Handler
 .text.SVC_Handler
                0x0000000008000cee        0xe ./Core/Src/stm32f4xx_it.o
                0x0000000008000cee                SVC_Handler
 .text.DebugMon_Handler
                0x0000000008000cfc        0xe ./Core/Src/stm32f4xx_it.o
                0x0000000008000cfc                DebugMon_Handler
 .text.PendSV_Handler
                0x0000000008000d0a        0xe ./Core/Src/stm32f4xx_it.o
                0x0000000008000d0a                PendSV_Handler
 .text.SysTick_Handler
                0x0000000008000d18        0xc ./Core/Src/stm32f4xx_it.o
                0x0000000008000d18                SysTick_Handler
 .text.OTG_FS_IRQHandler
                0x0000000008000d24       0x14 ./Core/Src/stm32f4xx_it.o
                0x0000000008000d24                OTG_FS_IRQHandler
 .text._getpid  0x0000000008000d38       0x10 ./Core/Src/syscalls.o
                0x0000000008000d38                _getpid
 .text._kill    0x0000000008000d48       0x20 ./Core/Src/syscalls.o
                0x0000000008000d48                _kill
 .text._exit    0x0000000008000d68       0x14 ./Core/Src/syscalls.o
                0x0000000008000d68                _exit
 .text._sbrk    0x0000000008000d7c       0x6c ./Core/Src/sysmem.o
                0x0000000008000d7c                _sbrk
 .text.SystemInit
                0x0000000008000de8       0x24 ./Core/Src/system_stm32f4xx.o
                0x0000000008000de8                SystemInit
 .text.Reset_Handler
                0x0000000008000e0c       0x50 ./Core/Startup/startup_stm32f429zitx.o
                0x0000000008000e0c                Reset_Handler
 .text.Default_Handler
                0x0000000008000e5c        0x2 ./Core/Startup/startup_stm32f429zitx.o
                0x0000000008000e5c                RTC_Alarm_IRQHandler
                0x0000000008000e5c                HASH_RNG_IRQHandler
                0x0000000008000e5c                EXTI2_IRQHandler
                0x0000000008000e5c                TIM8_CC_IRQHandler
                0x0000000008000e5c                UART8_IRQHandler
                0x0000000008000e5c                SPI4_IRQHandler
                0x0000000008000e5c                TIM1_CC_IRQHandler
                0x0000000008000e5c                DMA2_Stream5_IRQHandler
                0x0000000008000e5c                DMA1_Stream5_IRQHandler
                0x0000000008000e5c                PVD_IRQHandler
                0x0000000008000e5c                SDIO_IRQHandler
                0x0000000008000e5c                TAMP_STAMP_IRQHandler
                0x0000000008000e5c                CAN2_RX1_IRQHandler
                0x0000000008000e5c                EXTI3_IRQHandler
                0x0000000008000e5c                TIM8_TRG_COM_TIM14_IRQHandler
                0x0000000008000e5c                TIM1_UP_TIM10_IRQHandler
                0x0000000008000e5c                TIM8_UP_TIM13_IRQHandler
                0x0000000008000e5c                I2C3_ER_IRQHandler
                0x0000000008000e5c                EXTI0_IRQHandler
                0x0000000008000e5c                I2C2_EV_IRQHandler
                0x0000000008000e5c                DMA1_Stream2_IRQHandler
                0x0000000008000e5c                CAN1_RX0_IRQHandler
                0x0000000008000e5c                FPU_IRQHandler
                0x0000000008000e5c                OTG_HS_WKUP_IRQHandler
                0x0000000008000e5c                LTDC_ER_IRQHandler
                0x0000000008000e5c                CAN2_SCE_IRQHandler
                0x0000000008000e5c                DMA2_Stream2_IRQHandler
                0x0000000008000e5c                SPI1_IRQHandler
                0x0000000008000e5c                TIM6_DAC_IRQHandler
                0x0000000008000e5c                TIM1_BRK_TIM9_IRQHandler
                0x0000000008000e5c                DCMI_IRQHandler
                0x0000000008000e5c                CAN2_RX0_IRQHandler
                0x0000000008000e5c                DMA2_Stream3_IRQHandler
                0x0000000008000e5c                USART6_IRQHandler
                0x0000000008000e5c                USART3_IRQHandler
                0x0000000008000e5c                CAN1_RX1_IRQHandler
                0x0000000008000e5c                UART5_IRQHandler
                0x0000000008000e5c                DMA2_Stream0_IRQHandler
                0x0000000008000e5c                TIM4_IRQHandler
                0x0000000008000e5c                I2C1_EV_IRQHandler
                0x0000000008000e5c                DMA1_Stream6_IRQHandler
                0x0000000008000e5c                DMA1_Stream1_IRQHandler
                0x0000000008000e5c                UART4_IRQHandler
                0x0000000008000e5c                TIM3_IRQHandler
                0x0000000008000e5c                RCC_IRQHandler
                0x0000000008000e5c                TIM8_BRK_TIM12_IRQHandler
                0x0000000008000e5c                Default_Handler
                0x0000000008000e5c                EXTI15_10_IRQHandler
                0x0000000008000e5c                ADC_IRQHandler
                0x0000000008000e5c                DMA1_Stream7_IRQHandler
                0x0000000008000e5c                SPI5_IRQHandler
                0x0000000008000e5c                TIM7_IRQHandler
                0x0000000008000e5c                CAN2_TX_IRQHandler
                0x0000000008000e5c                TIM5_IRQHandler
                0x0000000008000e5c                DMA2_Stream7_IRQHandler
                0x0000000008000e5c                I2C3_EV_IRQHandler
                0x0000000008000e5c                EXTI9_5_IRQHandler
                0x0000000008000e5c                RTC_WKUP_IRQHandler
                0x0000000008000e5c                LTDC_IRQHandler
                0x0000000008000e5c                ETH_WKUP_IRQHandler
                0x0000000008000e5c                SPI2_IRQHandler
                0x0000000008000e5c                OTG_HS_EP1_IN_IRQHandler
                0x0000000008000e5c                DMA1_Stream0_IRQHandler
                0x0000000008000e5c                CAN1_TX_IRQHandler
                0x0000000008000e5c                EXTI4_IRQHandler
                0x0000000008000e5c                ETH_IRQHandler
                0x0000000008000e5c                OTG_HS_EP1_OUT_IRQHandler
                0x0000000008000e5c                WWDG_IRQHandler
                0x0000000008000e5c                SPI6_IRQHandler
                0x0000000008000e5c                TIM2_IRQHandler
                0x0000000008000e5c                OTG_FS_WKUP_IRQHandler
                0x0000000008000e5c                TIM1_TRG_COM_TIM11_IRQHandler
                0x0000000008000e5c                OTG_HS_IRQHandler
                0x0000000008000e5c                DMA2D_IRQHandler
                0x0000000008000e5c                EXTI1_IRQHandler
                0x0000000008000e5c                UART7_IRQHandler
                0x0000000008000e5c                USART2_IRQHandler
                0x0000000008000e5c                I2C2_ER_IRQHandler
                0x0000000008000e5c                DMA2_Stream1_IRQHandler
                0x0000000008000e5c                CAN1_SCE_IRQHandler
                0x0000000008000e5c                FLASH_IRQHandler
                0x0000000008000e5c                DMA2_Stream4_IRQHandler
                0x0000000008000e5c                USART1_IRQHandler
                0x0000000008000e5c                SPI3_IRQHandler
                0x0000000008000e5c                DMA1_Stream4_IRQHandler
                0x0000000008000e5c                I2C1_ER_IRQHandler
                0x0000000008000e5c                FMC_IRQHandler
                0x0000000008000e5c                DMA2_Stream6_IRQHandler
                0x0000000008000e5c                SAI1_IRQHandler
                0x0000000008000e5c                DMA1_Stream3_IRQHandler
 *fill*         0x0000000008000e5e        0x2 
 .text.HAL_Init
                0x0000000008000e60       0x44 ./Drivers/STM32F4xx_HAL_Driver/Src/stm32f4xx_hal.o
                0x0000000008000e60                HAL_Init
 .text.HAL_InitTick
                0x0000000008000ea4       0x60 ./Drivers/STM32F4xx_HAL_Driver/Src/stm32f4xx_hal.o
                0x0000000008000ea4                HAL_InitTick
 .text.HAL_IncTick
                0x0000000008000f04       0x28 ./Drivers/STM32F4xx_HAL_Driver/Src/stm32f4xx_hal.o
                0x0000000008000f04                HAL_IncTick
 .text.HAL_GetTick
                0x0000000008000f2c       0x18 ./Drivers/STM32F4xx_HAL_Driver/Src/stm32f4xx_hal.o
                0x0000000008000f2c                HAL_GetTick
 .text.HAL_Delay
                0x0000000008000f44       0x48 ./Drivers/STM32F4xx_HAL_Driver/Src/stm32f4xx_hal.o
                0x0000000008000f44                HAL_Delay
 .text.__NVIC_SetPriorityGrouping
                0x0000000008000f8c       0x48 ./Drivers/STM32F4xx_HAL_Driver/Src/stm32f4xx_hal_cortex.o
 .text.__NVIC_GetPriorityGrouping
                0x0000000008000fd4       0x1c ./Drivers/STM32F4xx_HAL_Driver/Src/stm32f4xx_hal_cortex.o
 .text.__NVIC_EnableIRQ
                0x0000000008000ff0       0x3c ./Drivers/STM32F4xx_HAL_Driver/Src/stm32f4xx_hal_cortex.o
 .text.__NVIC_SetPriority
                0x000000000800102c       0x54 ./Drivers/STM32F4xx_HAL_Driver/Src/stm32f4xx_hal_cortex.o
 .text.NVIC_EncodePriority
                0x0000000008001080       0x66 ./Drivers/STM32F4xx_HAL_Driver/Src/stm32f4xx_hal_cortex.o
 *fill*         0x00000000080010e6        0x2 
 .text.SysTick_Config
                0x00000000080010e8       0x44 ./Drivers/STM32F4xx_HAL_Driver/Src/stm32f4xx_hal_cortex.o
 .text.HAL_NVIC_SetPriorityGrouping
                0x000000000800112c       0x16 ./Drivers/STM32F4xx_HAL_Driver/Src/stm32f4xx_hal_cortex.o
                0x000000000800112c                HAL_NVIC_SetPriorityGrouping
 .text.HAL_NVIC_SetPriority
                0x0000000008001142       0x38 ./Drivers/STM32F4xx_HAL_Driver/Src/stm32f4xx_hal_cortex.o
                0x0000000008001142                HAL_NVIC_SetPriority
 .text.HAL_NVIC_EnableIRQ
                0x000000000800117a       0x1c ./Drivers/STM32F4xx_HAL_Driver/Src/stm32f4xx_hal_cortex.o
                0x000000000800117a                HAL_NVIC_EnableIRQ
 .text.HAL_SYSTICK_Config
                0x0000000008001196       0x18 ./Drivers/STM32F4xx_HAL_Driver/Src/stm32f4xx_hal_cortex.o
                0x0000000008001196                HAL_SYSTICK_Config
 *fill*         0x00000000080011ae        0x2 
 .text.HAL_GPIO_Init
                0x00000000080011b0      0x358 ./Drivers/STM32F4xx_HAL_Driver/Src/stm32f4xx_hal_gpio.o
                0x00000000080011b0                HAL_GPIO_Init
 .text.HAL_GPIO_WritePin
                0x0000000008001508       0x32 ./Drivers/STM32F4xx_HAL_Driver/Src/stm32f4xx_hal_gpio.o
                0x0000000008001508                HAL_GPIO_WritePin
 .text.HAL_PCD_Init
                0x000000000800153a      0x23a ./Drivers/STM32F4xx_HAL_Driver/Src/stm32f4xx_hal_pcd.o
                0x000000000800153a                HAL_PCD_Init
 .text.HAL_PCD_Start
                0x0000000008001774       0x66 ./Drivers/STM32F4xx_HAL_Driver/Src/stm32f4xx_hal_pcd.o
                0x0000000008001774                HAL_PCD_Start
 .text.HAL_PCD_IRQHandler
                0x00000000080017da      0x93e ./Drivers/STM32F4xx_HAL_Driver/Src/stm32f4xx_hal_pcd.o
                0x00000000080017da                HAL_PCD_IRQHandler
 .text.HAL_PCD_SetAddress
                0x0000000008002118       0x4a ./Drivers/STM32F4xx_HAL_Driver/Src/stm32f4xx_hal_pcd.o
                0x0000000008002118                HAL_PCD_SetAddress
 .text.HAL_PCD_EP_Open
                0x0000000008002162       0xd0 ./Drivers/STM32F4xx_HAL_Driver/Src/stm32f4xx_hal_pcd.o
                0x0000000008002162                HAL_PCD_EP_Open
 .text.HAL_PCD_EP_Close
                0x0000000008002232       0x94 ./Drivers/STM32F4xx_HAL_Driver/Src/stm32f4xx_hal_pcd.o
                0x0000000008002232                HAL_PCD_EP_Close
 .text.HAL_PCD_EP_Receive
                0x00000000080022c6       0x96 ./Drivers/STM32F4xx_HAL_Driver/Src/stm32f4xx_hal_pcd.o
                0x00000000080022c6                HAL_PCD_EP_Receive
 .text.HAL_PCD_EP_GetRxCount
                0x000000000800235c       0x30 ./Drivers/STM32F4xx_HAL_Driver/Src/stm32f4xx_hal_pcd.o
                0x000000000800235c                HAL_PCD_EP_GetRxCount
 .text.HAL_PCD_EP_Transmit
                0x000000000800238c       0x94 ./Drivers/STM32F4xx_HAL_Driver/Src/stm32f4xx_hal_pcd.o
                0x000000000800238c                HAL_PCD_EP_Transmit
 .text.HAL_PCD_EP_SetStall
                0x0000000008002420       0xc8 ./Drivers/STM32F4xx_HAL_Driver/Src/stm32f4xx_hal_pcd.o
                0x0000000008002420                HAL_PCD_EP_SetStall
 .text.HAL_PCD_EP_ClrStall
                0x00000000080024e8       0xac ./Drivers/STM32F4xx_HAL_Driver/Src/stm32f4xx_hal_pcd.o
                0x00000000080024e8                HAL_PCD_EP_ClrStall
 .text.HAL_PCD_EP_Abort
                0x0000000008002594       0x62 ./Drivers/STM32F4xx_HAL_Driver/Src/stm32f4xx_hal_pcd.o
                0x0000000008002594                HAL_PCD_EP_Abort
 .text.PCD_WriteEmptyTxFifo
                0x00000000080025f6      0x11a ./Drivers/STM32F4xx_HAL_Driver/Src/stm32f4xx_hal_pcd.o
 .text.PCD_EP_OutXfrComplete_int
                0x0000000008002710      0x1d0 ./Drivers/STM32F4xx_HAL_Driver/Src/stm32f4xx_hal_pcd.o
 .text.PCD_EP_OutSetupPacket_int
                0x00000000080028e0       0x8c ./Drivers/STM32F4xx_HAL_Driver/Src/stm32f4xx_hal_pcd.o
 .text.HAL_PCDEx_SetTxFiFo
                0x000000000800296c       0x8e ./Drivers/STM32F4xx_HAL_Driver/Src/stm32f4xx_hal_pcd_ex.o
                0x000000000800296c                HAL_PCDEx_SetTxFiFo
 .text.HAL_PCDEx_SetRxFiFo
                0x00000000080029fa       0x22 ./Drivers/STM32F4xx_HAL_Driver/Src/stm32f4xx_hal_pcd_ex.o
                0x00000000080029fa                HAL_PCDEx_SetRxFiFo
 .text.HAL_PCDEx_LPM_Callback
                0x0000000008002a1c       0x18 ./Drivers/STM32F4xx_HAL_Driver/Src/stm32f4xx_hal_pcd_ex.o
                0x0000000008002a1c                HAL_PCDEx_LPM_Callback
 .text.HAL_RCC_OscConfig
                0x0000000008002a34      0x4f0 ./Drivers/STM32F4xx_HAL_Driver/Src/stm32f4xx_hal_rcc.o
                0x0000000008002a34                HAL_RCC_OscConfig
 .text.HAL_RCC_ClockConfig
                0x0000000008002f24      0x1cc ./Drivers/STM32F4xx_HAL_Driver/Src/stm32f4xx_hal_rcc.o
                0x0000000008002f24                HAL_RCC_ClockConfig
 .text.HAL_RCC_GetSysClockFreq
                0x00000000080030f0      0x20c ./Drivers/STM32F4xx_HAL_Driver/Src/stm32f4xx_hal_rcc.o
                0x00000000080030f0                HAL_RCC_GetSysClockFreq
 .text.HAL_RCC_GetHCLKFreq
                0x00000000080032fc       0x18 ./Drivers/STM32F4xx_HAL_Driver/Src/stm32f4xx_hal_rcc.o
                0x00000000080032fc                HAL_RCC_GetHCLKFreq
 .text.USB_CoreInit
                0x0000000008003314       0xc2 ./Drivers/STM32F4xx_HAL_Driver/Src/stm32f4xx_ll_usb.o
                0x0000000008003314                USB_CoreInit
 *fill*         0x00000000080033d6        0x2 
 .text.USB_SetTurnaroundTime
                0x00000000080033d8      0x144 ./Drivers/STM32F4xx_HAL_Driver/Src/stm32f4xx_ll_usb.o
                0x00000000080033d8                USB_SetTurnaroundTime
 .text.USB_EnableGlobalInt
                0x000000000800351c       0x22 ./Drivers/STM32F4xx_HAL_Driver/Src/stm32f4xx_ll_usb.o
                0x000000000800351c                USB_EnableGlobalInt
 .text.USB_DisableGlobalInt
                0x000000000800353e       0x22 ./Drivers/STM32F4xx_HAL_Driver/Src/stm32f4xx_ll_usb.o
                0x000000000800353e                USB_DisableGlobalInt
 .text.USB_SetCurrentMode
                0x0000000008003560       0x98 ./Drivers/STM32F4xx_HAL_Driver/Src/stm32f4xx_ll_usb.o
                0x0000000008003560                USB_SetCurrentMode
 .text.USB_DevInit
                0x00000000080035f8      0x2c8 ./Drivers/STM32F4xx_HAL_Driver/Src/stm32f4xx_ll_usb.o
                0x00000000080035f8                USB_DevInit
 .text.USB_FlushTxFifo
                0x00000000080038c0       0x68 ./Drivers/STM32F4xx_HAL_Driver/Src/stm32f4xx_ll_usb.o
                0x00000000080038c0                USB_FlushTxFifo
 .text.USB_FlushRxFifo
                0x0000000008003928       0x60 ./Drivers/STM32F4xx_HAL_Driver/Src/stm32f4xx_ll_usb.o
                0x0000000008003928                USB_FlushRxFifo
 .text.USB_SetDevSpeed
                0x0000000008003988       0x32 ./Drivers/STM32F4xx_HAL_Driver/Src/stm32f4xx_ll_usb.o
                0x0000000008003988                USB_SetDevSpeed
 .text.USB_GetDevSpeed
                0x00000000080039ba       0x4a ./Drivers/STM32F4xx_HAL_Driver/Src/stm32f4xx_ll_usb.o
                0x00000000080039ba                USB_GetDevSpeed
 .text.USB_ActivateEndpoint
                0x0000000008003a04      0x10e ./Drivers/STM32F4xx_HAL_Driver/Src/stm32f4xx_ll_usb.o
                0x0000000008003a04                USB_ActivateEndpoint
 *fill*         0x0000000008003b12        0x2 
 .text.USB_DeactivateEndpoint
                0x0000000008003b14      0x1b8 ./Drivers/STM32F4xx_HAL_Driver/Src/stm32f4xx_ll_usb.o
                0x0000000008003b14                USB_DeactivateEndpoint
 .text.USB_EPStartXfer
                0x0000000008003ccc      0x490 ./Drivers/STM32F4xx_HAL_Driver/Src/stm32f4xx_ll_usb.o
                0x0000000008003ccc                USB_EPStartXfer
 .text.USB_EP0StartXfer
                0x000000000800415c      0x2b0 ./Drivers/STM32F4xx_HAL_Driver/Src/stm32f4xx_ll_usb.o
                0x000000000800415c                USB_EP0StartXfer
 .text.USB_EPStopXfer
                0x000000000800440c      0x154 ./Drivers/STM32F4xx_HAL_Driver/Src/stm32f4xx_ll_usb.o
                0x000000000800440c                USB_EPStopXfer
 .text.USB_WritePacket
                0x0000000008004560       0x7c ./Drivers/STM32F4xx_HAL_Driver/Src/stm32f4xx_ll_usb.o
                0x0000000008004560                USB_WritePacket
 .text.USB_ReadPacket
                0x00000000080045dc       0xb0 ./Drivers/STM32F4xx_HAL_Driver/Src/stm32f4xx_ll_usb.o
                0x00000000080045dc                USB_ReadPacket
 .text.USB_EPSetStall
                0x000000000800468c       0xdc ./Drivers/STM32F4xx_HAL_Driver/Src/stm32f4xx_ll_usb.o
                0x000000000800468c                USB_EPSetStall
 .text.USB_EPClearStall
                0x0000000008004768       0xcc ./Drivers/STM32F4xx_HAL_Driver/Src/stm32f4xx_ll_usb.o
                0x0000000008004768                USB_EPClearStall
 .text.USB_SetDevAddress
                0x0000000008004834       0x4c ./Drivers/STM32F4xx_HAL_Driver/Src/stm32f4xx_ll_usb.o
                0x0000000008004834                USB_SetDevAddress
 .text.USB_DevConnect
                0x0000000008004880       0x42 ./Drivers/STM32F4xx_HAL_Driver/Src/stm32f4xx_ll_usb.o
                0x0000000008004880                USB_DevConnect
 .text.USB_DevDisconnect
                0x00000000080048c2       0x42 ./Drivers/STM32F4xx_HAL_Driver/Src/stm32f4xx_ll_usb.o
                0x00000000080048c2                USB_DevDisconnect
 .text.USB_ReadInterrupts
                0x0000000008004904       0x26 ./Drivers/STM32F4xx_HAL_Driver/Src/stm32f4xx_ll_usb.o
                0x0000000008004904                USB_ReadInterrupts
 .text.USB_ReadDevAllOutEpInterrupt
                0x000000000800492a       0x34 ./Drivers/STM32F4xx_HAL_Driver/Src/stm32f4xx_ll_usb.o
                0x000000000800492a                USB_ReadDevAllOutEpInterrupt
 .text.USB_ReadDevAllInEpInterrupt
                0x000000000800495e       0x34 ./Drivers/STM32F4xx_HAL_Driver/Src/stm32f4xx_ll_usb.o
                0x000000000800495e                USB_ReadDevAllInEpInterrupt
 .text.USB_ReadDevOutEPInterrupt
                0x0000000008004992       0x3c ./Drivers/STM32F4xx_HAL_Driver/Src/stm32f4xx_ll_usb.o
                0x0000000008004992                USB_ReadDevOutEPInterrupt
 .text.USB_ReadDevInEPInterrupt
                0x00000000080049ce       0x5c ./Drivers/STM32F4xx_HAL_Driver/Src/stm32f4xx_ll_usb.o
                0x00000000080049ce                USB_ReadDevInEPInterrupt
 .text.USB_GetMode
                0x0000000008004a2a       0x1c ./Drivers/STM32F4xx_HAL_Driver/Src/stm32f4xx_ll_usb.o
                0x0000000008004a2a                USB_GetMode
 .text.USB_ActivateSetup
                0x0000000008004a46       0x46 ./Drivers/STM32F4xx_HAL_Driver/Src/stm32f4xx_ll_usb.o
                0x0000000008004a46                USB_ActivateSetup
 .text.USB_EP0_OutStart
                0x0000000008004a8c       0xbc ./Drivers/STM32F4xx_HAL_Driver/Src/stm32f4xx_ll_usb.o
                0x0000000008004a8c                USB_EP0_OutStart
 .text.USB_CoreReset
                0x0000000008004b48       0x68 ./Drivers/STM32F4xx_HAL_Driver/Src/stm32f4xx_ll_usb.o
 .text.USBD_CDC_Init
                0x0000000008004bb0      0x1f0 ./Middlewares/ST/STM32_USB_Device_Library/Class/CDC/Src/usbd_cdc.o
 .text.USBD_CDC_DeInit
                0x0000000008004da0      0x104 ./Middlewares/ST/STM32_USB_Device_Library/Class/CDC/Src/usbd_cdc.o
 .text.USBD_CDC_Setup
                0x0000000008004ea4      0x1b8 ./Middlewares/ST/STM32_USB_Device_Library/Class/CDC/Src/usbd_cdc.o
 .text.USBD_CDC_DataIn
                0x000000000800505c       0xfe ./Middlewares/ST/STM32_USB_Device_Library/Class/CDC/Src/usbd_cdc.o
 .text.USBD_CDC_DataOut
                0x000000000800515a       0x70 ./Middlewares/ST/STM32_USB_Device_Library/Class/CDC/Src/usbd_cdc.o
 .text.USBD_CDC_EP0_RxReady
                0x00000000080051ca       0x76 ./Middlewares/ST/STM32_USB_Device_Library/Class/CDC/Src/usbd_cdc.o
 .text.USBD_CDC_GetFSCfgDesc
                0x0000000008005240       0x70 ./Middlewares/ST/STM32_USB_Device_Library/Class/CDC/Src/usbd_cdc.o
 .text.USBD_CDC_GetHSCfgDesc
                0x00000000080052b0       0x70 ./Middlewares/ST/STM32_USB_Device_Library/Class/CDC/Src/usbd_cdc.o
 .text.USBD_CDC_GetOtherSpeedCfgDesc
                0x0000000008005320       0x70 ./Middlewares/ST/STM32_USB_Device_Library/Class/CDC/Src/usbd_cdc.o
 .text.USBD_CDC_GetDeviceQualifierDescriptor
                0x0000000008005390       0x20 ./Middlewares/ST/STM32_USB_Device_Library/Class/CDC/Src/usbd_cdc.o
                0x0000000008005390                USBD_CDC_GetDeviceQualifierDescriptor
 .text.USBD_CDC_RegisterInterface
                0x00000000080053b0       0x34 ./Middlewares/ST/STM32_USB_Device_Library/Class/CDC/Src/usbd_cdc.o
                0x00000000080053b0                USBD_CDC_RegisterInterface
 .text.USBD_CDC_SetTxBuffer
                0x00000000080053e4       0x44 ./Middlewares/ST/STM32_USB_Device_Library/Class/CDC/Src/usbd_cdc.o
                0x00000000080053e4                USBD_CDC_SetTxBuffer
 .text.USBD_CDC_SetRxBuffer
                0x0000000008005428       0x3a ./Middlewares/ST/STM32_USB_Device_Library/Class/CDC/Src/usbd_cdc.o
                0x0000000008005428                USBD_CDC_SetRxBuffer
 *fill*         0x0000000008005462        0x2 
 .text.USBD_CDC_TransmitPacket
                0x0000000008005464       0x8c ./Middlewares/ST/STM32_USB_Device_Library/Class/CDC/Src/usbd_cdc.o
                0x0000000008005464                USBD_CDC_TransmitPacket
 .text.USBD_CDC_ReceivePacket
                0x00000000080054f0       0x6c ./Middlewares/ST/STM32_USB_Device_Library/Class/CDC/Src/usbd_cdc.o
                0x00000000080054f0                USBD_CDC_ReceivePacket
 .text.USBD_Init
                0x000000000800555c       0x60 ./Middlewares/ST/STM32_USB_Device_Library/Core/Src/usbd_core.o
                0x000000000800555c                USBD_Init
 .text.USBD_RegisterClass
                0x00000000080055bc       0x6c ./Middlewares/ST/STM32_USB_Device_Library/Core/Src/usbd_core.o
                0x00000000080055bc                USBD_RegisterClass
 .text.USBD_Start
                0x0000000008005628       0x18 ./Middlewares/ST/STM32_USB_Device_Library/Core/Src/usbd_core.o
                0x0000000008005628                USBD_Start
 .text.USBD_RunTestMode
                0x0000000008005640       0x16 ./Middlewares/ST/STM32_USB_Device_Library/Core/Src/usbd_core.o
                0x0000000008005640                USBD_RunTestMode
 .text.USBD_SetClassConfig
                0x0000000008005656       0x38 ./Middlewares/ST/STM32_USB_Device_Library/Core/Src/usbd_core.o
                0x0000000008005656                USBD_SetClassConfig
 .text.USBD_ClrClassConfig
                0x000000000800568e       0x34 ./Middlewares/ST/STM32_USB_Device_Library/Core/Src/usbd_core.o
                0x000000000800568e                USBD_ClrClassConfig
 .text.USBD_LL_SetupStage
                0x00000000080056c2       0xaa ./Middlewares/ST/STM32_USB_Device_Library/Core/Src/usbd_core.o
                0x00000000080056c2                USBD_LL_SetupStage
 .text.USBD_LL_DataOutStage
                0x000000000800576c      0x166 ./Middlewares/ST/STM32_USB_Device_Library/Core/Src/usbd_core.o
                0x000000000800576c                USBD_LL_DataOutStage
 .text.USBD_LL_DataInStage
                0x00000000080058d2      0x164 ./Middlewares/ST/STM32_USB_Device_Library/Core/Src/usbd_core.o
                0x00000000080058d2                USBD_LL_DataInStage
 .text.USBD_LL_Reset
                0x0000000008005a36       0xa4 ./Middlewares/ST/STM32_USB_Device_Library/Core/Src/usbd_core.o
                0x0000000008005a36                USBD_LL_Reset
 .text.USBD_LL_SetSpeed
                0x0000000008005ada       0x20 ./Middlewares/ST/STM32_USB_Device_Library/Core/Src/usbd_core.o
                0x0000000008005ada                USBD_LL_SetSpeed
 .text.USBD_LL_Suspend
                0x0000000008005afa       0x2c ./Middlewares/ST/STM32_USB_Device_Library/Core/Src/usbd_core.o
                0x0000000008005afa                USBD_LL_Suspend
 .text.USBD_LL_Resume
                0x0000000008005b26       0x30 ./Middlewares/ST/STM32_USB_Device_Library/Core/Src/usbd_core.o
                0x0000000008005b26                USBD_LL_Resume
 .text.USBD_LL_SOF
                0x0000000008005b56       0x40 ./Middlewares/ST/STM32_USB_Device_Library/Core/Src/usbd_core.o
                0x0000000008005b56                USBD_LL_SOF
 .text.USBD_LL_IsoINIncomplete
                0x0000000008005b96       0x64 ./Middlewares/ST/STM32_USB_Device_Library/Core/Src/usbd_core.o
                0x0000000008005b96                USBD_LL_IsoINIncomplete
 .text.USBD_LL_IsoOUTIncomplete
                0x0000000008005bfa       0x64 ./Middlewares/ST/STM32_USB_Device_Library/Core/Src/usbd_core.o
                0x0000000008005bfa                USBD_LL_IsoOUTIncomplete
 .text.USBD_LL_DevConnected
                0x0000000008005c5e       0x16 ./Middlewares/ST/STM32_USB_Device_Library/Core/Src/usbd_core.o
                0x0000000008005c5e                USBD_LL_DevConnected
 .text.USBD_LL_DevDisconnected
                0x0000000008005c74       0x46 ./Middlewares/ST/STM32_USB_Device_Library/Core/Src/usbd_core.o
                0x0000000008005c74                USBD_LL_DevDisconnected
 .text.USBD_CoreFindIF
                0x0000000008005cba       0x1a ./Middlewares/ST/STM32_USB_Device_Library/Core/Src/usbd_core.o
                0x0000000008005cba                USBD_CoreFindIF
 .text.USBD_CoreFindEP
                0x0000000008005cd4       0x1a ./Middlewares/ST/STM32_USB_Device_Library/Core/Src/usbd_core.o
                0x0000000008005cd4                USBD_CoreFindEP
 .text.USBD_GetEpDesc
                0x0000000008005cee       0x74 ./Middlewares/ST/STM32_USB_Device_Library/Core/Src/usbd_core.o
                0x0000000008005cee                USBD_GetEpDesc
 .text.USBD_GetNextDesc
                0x0000000008005d62       0x3a ./Middlewares/ST/STM32_USB_Device_Library/Core/Src/usbd_core.o
                0x0000000008005d62                USBD_GetNextDesc
 .text.SWAPBYTE
                0x0000000008005d9c       0x3c ./Middlewares/ST/STM32_USB_Device_Library/Core/Src/usbd_ctlreq.o
 .text.USBD_StdDevReq
                0x0000000008005dd8       0xe4 ./Middlewares/ST/STM32_USB_Device_Library/Core/Src/usbd_ctlreq.o
                0x0000000008005dd8                USBD_StdDevReq
 .text.USBD_StdItfReq
                0x0000000008005ebc       0xd8 ./Middlewares/ST/STM32_USB_Device_Library/Core/Src/usbd_ctlreq.o
                0x0000000008005ebc                USBD_StdItfReq
 .text.USBD_StdEPReq
                0x0000000008005f94      0x33a ./Middlewares/ST/STM32_USB_Device_Library/Core/Src/usbd_ctlreq.o
                0x0000000008005f94                USBD_StdEPReq
 *fill*         0x00000000080062ce        0x2 
 .text.USBD_GetDescriptor
                0x00000000080062d0      0x2d4 ./Middlewares/ST/STM32_USB_Device_Library/Core/Src/usbd_ctlreq.o
 .text.USBD_SetAddress
                0x00000000080065a4       0x88 ./Middlewares/ST/STM32_USB_Device_Library/Core/Src/usbd_ctlreq.o
 .text.USBD_SetConfig
                0x000000000800662c      0x154 ./Middlewares/ST/STM32_USB_Device_Library/Core/Src/usbd_ctlreq.o
 .text.USBD_GetConfig
                0x0000000008006780       0x6c ./Middlewares/ST/STM32_USB_Device_Library/Core/Src/usbd_ctlreq.o
 .text.USBD_GetStatus
                0x00000000080067ec       0x68 ./Middlewares/ST/STM32_USB_Device_Library/Core/Src/usbd_ctlreq.o
 .text.USBD_SetFeature
                0x0000000008006854       0x52 ./Middlewares/ST/STM32_USB_Device_Library/Core/Src/usbd_ctlreq.o
 .text.USBD_ClrFeature
                0x00000000080068a6       0x44 ./Middlewares/ST/STM32_USB_Device_Library/Core/Src/usbd_ctlreq.o
 .text.USBD_ParseSetupRequest
                0x00000000080068ea       0x74 ./Middlewares/ST/STM32_USB_Device_Library/Core/Src/usbd_ctlreq.o
                0x00000000080068ea                USBD_ParseSetupRequest
 .text.USBD_CtlError
                0x000000000800695e       0x22 ./Middlewares/ST/STM32_USB_Device_Library/Core/Src/usbd_ctlreq.o
                0x000000000800695e                USBD_CtlError
 .text.USBD_GetString
                0x0000000008006980       0x8c ./Middlewares/ST/STM32_USB_Device_Library/Core/Src/usbd_ctlreq.o
                0x0000000008006980                USBD_GetString
 .text.USBD_GetLen
                0x0000000008006a0c       0x34 ./Middlewares/ST/STM32_USB_Device_Library/Core/Src/usbd_ctlreq.o
 .text.USBD_CtlSendData
                0x0000000008006a40       0x36 ./Middlewares/ST/STM32_USB_Device_Library/Core/Src/usbd_ioreq.o
                0x0000000008006a40                USBD_CtlSendData
 .text.USBD_CtlContinueSendData
                0x0000000008006a76       0x22 ./Middlewares/ST/STM32_USB_Device_Library/Core/Src/usbd_ioreq.o
                0x0000000008006a76                USBD_CtlContinueSendData
 .text.USBD_CtlPrepareRx
                0x0000000008006a98       0x3a ./Middlewares/ST/STM32_USB_Device_Library/Core/Src/usbd_ioreq.o
                0x0000000008006a98                USBD_CtlPrepareRx
 .text.USBD_CtlContinueRx
                0x0000000008006ad2       0x22 ./Middlewares/ST/STM32_USB_Device_Library/Core/Src/usbd_ioreq.o
                0x0000000008006ad2                USBD_CtlContinueRx
 .text.USBD_CtlSendStatus
                0x0000000008006af4       0x26 ./Middlewares/ST/STM32_USB_Device_Library/Core/Src/usbd_ioreq.o
                0x0000000008006af4                USBD_CtlSendStatus
 .text.USBD_CtlReceiveStatus
                0x0000000008006b1a       0x26 ./Middlewares/ST/STM32_USB_Device_Library/Core/Src/usbd_ioreq.o
                0x0000000008006b1a                USBD_CtlReceiveStatus
 .text.MX_USB_DEVICE_Init
                0x0000000008006b40       0x60 ./USB_DEVICE/App/usb_device.o
                0x0000000008006b40                MX_USB_DEVICE_Init
 .text._ZnwjPv  0x0000000008006ba0       0x18 ./USB_DEVICE/App/usbd_cdc_if.o
                0x0000000008006ba0                operator new(unsigned int, void*)
 .text._ZL11CDC_Init_FSv
                0x0000000008006bb8       0x28 ./USB_DEVICE/App/usbd_cdc_if.o
 .text._ZL13CDC_DeInit_FSv
                0x0000000008006be0       0x10 ./USB_DEVICE/App/usbd_cdc_if.o
 .text._ZL14CDC_Control_FShPht
                0x0000000008006bf0       0xbc ./USB_DEVICE/App/usbd_cdc_if.o
 .text._ZL14CDC_Receive_FSPhPm
                0x0000000008006cac       0x64 ./USB_DEVICE/App/usbd_cdc_if.o
 .text.CDC_Transmit_FS
                0x0000000008006d10       0x54 ./USB_DEVICE/App/usbd_cdc_if.o
                0x0000000008006d10                CDC_Transmit_FS
 .text._ZL19CDC_TransmitCplt_FSPhPmh
                0x0000000008006d64       0x22 ./USB_DEVICE/App/usbd_cdc_if.o
 .text._ZNSt6vectorIhSaIhEE9push_backERKh
                0x0000000008006d86       0x4a ./USB_DEVICE/App/usbd_cdc_if.o
                0x0000000008006d86                std::vector<unsigned char, std::allocator<unsigned char> >::push_back(unsigned char const&)
 .text._ZNSt16allocator_traitsISaIhEE9constructIhJRKhEEEvRS0_PT_DpOT0_
                0x0000000008006dd0       0x26 ./USB_DEVICE/App/usbd_cdc_if.o
                0x0000000008006dd0                void std::allocator_traits<std::allocator<unsigned char> >::construct<unsigned char, unsigned char const&>(std::allocator<unsigned char>&, unsigned char*, unsigned char const&)
 .text._ZNSt6vectorIhSaIhEE3endEv
                0x0000000008006df6       0x22 ./USB_DEVICE/App/usbd_cdc_if.o
                0x0000000008006df6                std::vector<unsigned char, std::allocator<unsigned char> >::end()
 .text._ZNSt6vectorIhSaIhEE15_S_use_relocateEv
                0x0000000008006e18       0x16 ./USB_DEVICE/App/usbd_cdc_if.o
                0x0000000008006e18                std::vector<unsigned char, std::allocator<unsigned char> >::_S_use_relocate()
 .text._ZNSt6vectorIhSaIhEE19_S_nothrow_relocateESt17integral_constantIbLb1EE
                0x0000000008006e2e       0x16 ./USB_DEVICE/App/usbd_cdc_if.o
                0x0000000008006e2e                std::vector<unsigned char, std::allocator<unsigned char> >::_S_nothrow_relocate(std::integral_constant<bool, true>)
 .text._ZNSt6vectorIhSaIhEE17_M_realloc_insertIJRKhEEEvN9__gnu_cxx17__normal_iteratorIPhS1_EEDpOT_
                0x0000000008006e44      0x170 ./USB_DEVICE/App/usbd_cdc_if.o
                0x0000000008006e44                void std::vector<unsigned char, std::allocator<unsigned char> >::_M_realloc_insert<unsigned char const&>(__gnu_cxx::__normal_iterator<unsigned char*, std::vector<unsigned char, std::allocator<unsigned char> > >, unsigned char const&)
 .text._ZSt7forwardIRKhEOT_RNSt16remove_referenceIS2_E4typeE
                0x0000000008006fb4       0x16 ./USB_DEVICE/App/usbd_cdc_if.o
                0x0000000008006fb4                unsigned char const& std::forward<unsigned char const&>(std::remove_reference<unsigned char const&>::type&)
 .text._ZN9__gnu_cxx13new_allocatorIhE9constructIhJRKhEEEvPT_DpOT0_
                0x0000000008006fca       0x2e ./USB_DEVICE/App/usbd_cdc_if.o
                0x0000000008006fca                void __gnu_cxx::new_allocator<unsigned char>::construct<unsigned char, unsigned char const&>(unsigned char*, unsigned char const&)
 .text._ZN9__gnu_cxx17__normal_iteratorIPhSt6vectorIhSaIhEEEC2ERKS1_
                0x0000000008006ff8       0x20 ./USB_DEVICE/App/usbd_cdc_if.o
                0x0000000008006ff8                __gnu_cxx::__normal_iterator<unsigned char*, std::vector<unsigned char, std::allocator<unsigned char> > >::__normal_iterator(unsigned char* const&)
                0x0000000008006ff8                __gnu_cxx::__normal_iterator<unsigned char*, std::vector<unsigned char, std::allocator<unsigned char> > >::__normal_iterator(unsigned char* const&)
 .text._ZNKSt6vectorIhSaIhEE12_M_check_lenEjPKc
                0x0000000008007018       0x8e ./USB_DEVICE/App/usbd_cdc_if.o
                0x0000000008007018                std::vector<unsigned char, std::allocator<unsigned char> >::_M_check_len(unsigned int, char const*) const
 .text._ZNSt6vectorIhSaIhEE5beginEv
                0x00000000080070a6       0x20 ./USB_DEVICE/App/usbd_cdc_if.o
                0x00000000080070a6                std::vector<unsigned char, std::allocator<unsigned char> >::begin()
 .text._ZN9__gnu_cxxmiIPhSt6vectorIhSaIhEEEENS_17__normal_iteratorIT_T0_E15difference_typeERKS8_SB_
                0x00000000080070c6       0x28 ./USB_DEVICE/App/usbd_cdc_if.o
                0x00000000080070c6                __gnu_cxx::__normal_iterator<unsigned char*, std::vector<unsigned char, std::allocator<unsigned char> > >::difference_type __gnu_cxx::operator-<unsigned char*, std::vector<unsigned char, std::allocator<unsigned char> > >(__gnu_cxx::__normal_iterator<unsigned char*, std::vector<unsigned char, std::allocator<unsigned char> > > const&, __gnu_cxx::__normal_iterator<unsigned char*, std::vector<unsigned char, std::allocator<unsigned char> > > const&)
 .text._ZNSt12_Vector_baseIhSaIhEE11_M_allocateEj
                0x00000000080070ee       0x28 ./USB_DEVICE/App/usbd_cdc_if.o
                0x00000000080070ee                std::_Vector_base<unsigned char, std::allocator<unsigned char> >::_M_allocate(unsigned int)
 .text._ZNSt6vectorIhSaIhEE11_S_relocateEPhS2_S2_RS0_
                0x0000000008007116       0x28 ./USB_DEVICE/App/usbd_cdc_if.o
                0x0000000008007116                std::vector<unsigned char, std::allocator<unsigned char> >::_S_relocate(unsigned char*, unsigned char*, unsigned char*, std::allocator<unsigned char>&)
 .text._ZNK9__gnu_cxx17__normal_iteratorIPhSt6vectorIhSaIhEEE4baseEv
                0x000000000800713e       0x16 ./USB_DEVICE/App/usbd_cdc_if.o
                0x000000000800713e                __gnu_cxx::__normal_iterator<unsigned char*, std::vector<unsigned char, std::allocator<unsigned char> > >::base() const
 .text._ZSt34__uninitialized_move_if_noexcept_aIPhS0_SaIhEET0_T_S3_S2_RT1_
                0x0000000008007154       0x32 ./USB_DEVICE/App/usbd_cdc_if.o
                0x0000000008007154                unsigned char* std::__uninitialized_move_if_noexcept_a<unsigned char*, unsigned char*, std::allocator<unsigned char> >(unsigned char*, unsigned char*, unsigned char*, std::allocator<unsigned char>&)
 .text._ZNKSt6vectorIhSaIhEE8max_sizeEv
                0x0000000008007186       0x22 ./USB_DEVICE/App/usbd_cdc_if.o
                0x0000000008007186                std::vector<unsigned char, std::allocator<unsigned char> >::max_size() const
 .text._ZSt3maxIjERKT_S2_S2_
                0x00000000080071a8       0x28 ./USB_DEVICE/App/usbd_cdc_if.o
                0x00000000080071a8                unsigned int const& std::max<unsigned int>(unsigned int const&, unsigned int const&)
 .text._ZNSt16allocator_traitsISaIhEE8allocateERS0_j
                0x00000000080071d0       0x1e ./USB_DEVICE/App/usbd_cdc_if.o
                0x00000000080071d0                std::allocator_traits<std::allocator<unsigned char> >::allocate(std::allocator<unsigned char>&, unsigned int)
 .text._ZNSt6vectorIhSaIhEE14_S_do_relocateEPhS2_S2_RS0_St17integral_constantIbLb1EE
                0x00000000080071ee       0x24 ./USB_DEVICE/App/usbd_cdc_if.o
                0x00000000080071ee                std::vector<unsigned char, std::allocator<unsigned char> >::_S_do_relocate(unsigned char*, unsigned char*, unsigned char*, std::allocator<unsigned char>&, std::integral_constant<bool, true>)
 .text._ZSt32__make_move_if_noexcept_iteratorIhSt13move_iteratorIPhEET0_PT_
                0x0000000008007212       0x1e ./USB_DEVICE/App/usbd_cdc_if.o
                0x0000000008007212                std::move_iterator<unsigned char*> std::__make_move_if_noexcept_iterator<unsigned char, std::move_iterator<unsigned char*> >(unsigned char*)
 .text._ZSt22__uninitialized_copy_aISt13move_iteratorIPhES1_hET0_T_S4_S3_RSaIT1_E
                0x0000000008007230       0x22 ./USB_DEVICE/App/usbd_cdc_if.o
                0x0000000008007230                unsigned char* std::__uninitialized_copy_a<std::move_iterator<unsigned char*>, unsigned char*, unsigned char>(std::move_iterator<unsigned char*>, std::move_iterator<unsigned char*>, unsigned char*, std::allocator<unsigned char>&)
 .text._ZNSt6vectorIhSaIhEE11_S_max_sizeERKS0_
                0x0000000008007252       0x34 ./USB_DEVICE/App/usbd_cdc_if.o
                0x0000000008007252                std::vector<unsigned char, std::allocator<unsigned char> >::_S_max_size(std::allocator<unsigned char> const&)
 .text._ZNKSt12_Vector_baseIhSaIhEE19_M_get_Tp_allocatorEv
                0x0000000008007286       0x16 ./USB_DEVICE/App/usbd_cdc_if.o
                0x0000000008007286                std::_Vector_base<unsigned char, std::allocator<unsigned char> >::_M_get_Tp_allocator() const
 .text._ZNK9__gnu_cxx13new_allocatorIhE11_M_max_sizeEv
                0x000000000800729c       0x18 ./USB_DEVICE/App/usbd_cdc_if.o
                0x000000000800729c                __gnu_cxx::new_allocator<unsigned char>::_M_max_size() const
 .text._ZN9__gnu_cxx13new_allocatorIhE8allocateEjPKv
                0x00000000080072b4       0x42 ./USB_DEVICE/App/usbd_cdc_if.o
                0x00000000080072b4                __gnu_cxx::new_allocator<unsigned char>::allocate(unsigned int, void const*)
 .text._ZSt12__relocate_aIPhS0_SaIhEET0_T_S3_S2_RT1_
                0x00000000080072f6       0x3a ./USB_DEVICE/App/usbd_cdc_if.o
                0x00000000080072f6                unsigned char* std::__relocate_a<unsigned char*, unsigned char*, std::allocator<unsigned char> >(unsigned char*, unsigned char*, unsigned char*, std::allocator<unsigned char>&)
 .text._ZNSt13move_iteratorIPhEC2ES0_
                0x0000000008007330       0x24 ./USB_DEVICE/App/usbd_cdc_if.o
                0x0000000008007330                std::move_iterator<unsigned char*>::move_iterator(unsigned char*)
                0x0000000008007330                std::move_iterator<unsigned char*>::move_iterator(unsigned char*)
 .text._ZSt18uninitialized_copyISt13move_iteratorIPhES1_ET0_T_S4_S3_
                0x0000000008007354       0x24 ./USB_DEVICE/App/usbd_cdc_if.o
                0x0000000008007354                unsigned char* std::uninitialized_copy<std::move_iterator<unsigned char*>, unsigned char*>(std::move_iterator<unsigned char*>, std::move_iterator<unsigned char*>, unsigned char*)
 .text._ZNSt16allocator_traitsISaIhEE8max_sizeERKS0_
                0x0000000008007378       0x18 ./USB_DEVICE/App/usbd_cdc_if.o
                0x0000000008007378                std::allocator_traits<std::allocator<unsigned char> >::max_size(std::allocator<unsigned char> const&)
 .text._ZSt3minIjERKT_S2_S2_
                0x0000000008007390       0x28 ./USB_DEVICE/App/usbd_cdc_if.o
                0x0000000008007390                unsigned int const& std::min<unsigned int>(unsigned int const&, unsigned int const&)
 .text._ZSt12__niter_baseIPhET_S1_
                0x00000000080073b8       0x16 ./USB_DEVICE/App/usbd_cdc_if.o
                0x00000000080073b8                unsigned char* std::__niter_base<unsigned char*>(unsigned char*)
 .text._ZSt14__relocate_a_1IhhENSt9enable_ifIXsrSt24__is_bitwise_relocatableIT_vE5valueEPS2_E4typeES4_S4_S4_RSaIT0_E
                0x00000000080073ce       0x36 ./USB_DEVICE/App/usbd_cdc_if.o
                0x00000000080073ce                std::enable_if<std::__is_bitwise_relocatable<unsigned char, void>::value, unsigned char*>::type std::__relocate_a_1<unsigned char, unsigned char>(unsigned char*, unsigned char*, unsigned char*, std::allocator<unsigned char>&)
 .text._ZSt4moveIRPhEONSt16remove_referenceIT_E4typeEOS3_
                0x0000000008007404       0x16 ./USB_DEVICE/App/usbd_cdc_if.o
                0x0000000008007404                std::remove_reference<unsigned char*&>::type&& std::move<unsigned char*&>(unsigned char*&)
 .text._ZNSt20__uninitialized_copyILb1EE13__uninit_copyISt13move_iteratorIPhES3_EET0_T_S6_S5_
                0x000000000800741a       0x20 ./USB_DEVICE/App/usbd_cdc_if.o
                0x000000000800741a                unsigned char* std::__uninitialized_copy<true>::__uninit_copy<std::move_iterator<unsigned char*>, unsigned char*>(std::move_iterator<unsigned char*>, std::move_iterator<unsigned char*>, unsigned char*)
 .text._ZNK9__gnu_cxx13new_allocatorIhE8max_sizeEv
                0x000000000800743a       0x18 ./USB_DEVICE/App/usbd_cdc_if.o
                0x000000000800743a                __gnu_cxx::new_allocator<unsigned char>::max_size() const
 .text._ZSt4copyISt13move_iteratorIPhES1_ET0_T_S4_S3_
                0x0000000008007452       0x30 ./USB_DEVICE/App/usbd_cdc_if.o
                0x0000000008007452                unsigned char* std::copy<std::move_iterator<unsigned char*>, unsigned char*>(std::move_iterator<unsigned char*>, std::move_iterator<unsigned char*>, unsigned char*)
 .text._ZSt12__miter_baseIPhEDTcl12__miter_basecldtfp_4baseEEESt13move_iteratorIT_E
                0x0000000008007482       0x22 ./USB_DEVICE/App/usbd_cdc_if.o
                0x0000000008007482                decltype (__miter_base(({parm#1}.base)())) std::__miter_base<unsigned char*>(std::move_iterator<unsigned char*>)
 .text._ZSt13__copy_move_aILb1EPhS0_ET1_T0_S2_S1_
                0x00000000080074a4       0x46 ./USB_DEVICE/App/usbd_cdc_if.o
                0x00000000080074a4                unsigned char* std::__copy_move_a<true, unsigned char*, unsigned char*>(unsigned char*, unsigned char*, unsigned char*)
 .text._ZNKSt13move_iteratorIPhE4baseEv
                0x00000000080074ea       0x18 ./USB_DEVICE/App/usbd_cdc_if.o
                0x00000000080074ea                std::move_iterator<unsigned char*>::base() const
 .text._ZSt12__miter_baseIPhET_S1_
                0x0000000008007502       0x16 ./USB_DEVICE/App/usbd_cdc_if.o
                0x0000000008007502                unsigned char* std::__miter_base<unsigned char*>(unsigned char*)
 .text._ZSt14__copy_move_a1ILb1EPhS0_ET1_T0_S2_S1_
                0x0000000008007518       0x20 ./USB_DEVICE/App/usbd_cdc_if.o
                0x0000000008007518                unsigned char* std::__copy_move_a1<true, unsigned char*, unsigned char*>(unsigned char*, unsigned char*, unsigned char*)
 .text._ZSt12__niter_wrapIPhET_RKS1_S1_
                0x0000000008007538       0x18 ./USB_DEVICE/App/usbd_cdc_if.o
                0x0000000008007538                unsigned char* std::__niter_wrap<unsigned char*>(unsigned char* const&, unsigned char*)
 .text._ZSt14__copy_move_a2ILb1EPhS0_ET1_T0_S2_S1_
                0x0000000008007550       0x20 ./USB_DEVICE/App/usbd_cdc_if.o
                0x0000000008007550                unsigned char* std::__copy_move_a2<true, unsigned char*, unsigned char*>(unsigned char*, unsigned char*, unsigned char*)
 .text._ZNSt11__copy_moveILb1ELb1ESt26random_access_iterator_tagE8__copy_mIhEEPT_PKS3_S6_S4_
                0x0000000008007570       0x34 ./USB_DEVICE/App/usbd_cdc_if.o
                0x0000000008007570                unsigned char* std::__copy_move<true, true, std::random_access_iterator_tag>::__copy_m<unsigned char>(unsigned char const*, unsigned char const*, unsigned char*)
 .text.USBD_FS_DeviceDescriptor
                0x00000000080075a4       0x24 ./USB_DEVICE/App/usbd_desc.o
                0x00000000080075a4                USBD_FS_DeviceDescriptor
 .text.USBD_FS_LangIDStrDescriptor
                0x00000000080075c8       0x24 ./USB_DEVICE/App/usbd_desc.o
                0x00000000080075c8                USBD_FS_LangIDStrDescriptor
 .text.USBD_FS_ProductStrDescriptor
                0x00000000080075ec       0x3c ./USB_DEVICE/App/usbd_desc.o
                0x00000000080075ec                USBD_FS_ProductStrDescriptor
 .text.USBD_FS_ManufacturerStrDescriptor
                0x0000000008007628       0x28 ./USB_DEVICE/App/usbd_desc.o
                0x0000000008007628                USBD_FS_ManufacturerStrDescriptor
 .text.USBD_FS_SerialStrDescriptor
                0x0000000008007650       0x24 ./USB_DEVICE/App/usbd_desc.o
                0x0000000008007650                USBD_FS_SerialStrDescriptor
 .text.USBD_FS_ConfigStrDescriptor
                0x0000000008007674       0x3c ./USB_DEVICE/App/usbd_desc.o
                0x0000000008007674                USBD_FS_ConfigStrDescriptor
 .text.USBD_FS_InterfaceStrDescriptor
                0x00000000080076b0       0x3c ./USB_DEVICE/App/usbd_desc.o
                0x00000000080076b0                USBD_FS_InterfaceStrDescriptor
 .text.Get_SerialNum
                0x00000000080076ec       0x58 ./USB_DEVICE/App/usbd_desc.o
 .text.IntToUnicode
                0x0000000008007744       0x7e ./USB_DEVICE/App/usbd_desc.o
 *fill*         0x00000000080077c2        0x2 
 .text.HAL_PCD_MspInit
                0x00000000080077c4       0xc4 ./USB_DEVICE/Target/usbd_conf.o
                0x00000000080077c4                HAL_PCD_MspInit
 .text.HAL_PCD_SetupStageCallback
                0x0000000008007888       0x24 ./USB_DEVICE/Target/usbd_conf.o
                0x0000000008007888                HAL_PCD_SetupStageCallback
 .text.HAL_PCD_DataOutStageCallback
                0x00000000080078ac       0x36 ./USB_DEVICE/Target/usbd_conf.o
                0x00000000080078ac                HAL_PCD_DataOutStageCallback
 .text.HAL_PCD_DataInStageCallback
                0x00000000080078e2       0x34 ./USB_DEVICE/Target/usbd_conf.o
                0x00000000080078e2                HAL_PCD_DataInStageCallback
 .text.HAL_PCD_SOFCallback
                0x0000000008007916       0x1c ./USB_DEVICE/Target/usbd_conf.o
                0x0000000008007916                HAL_PCD_SOFCallback
 .text.HAL_PCD_ResetCallback
                0x0000000008007932       0x50 ./USB_DEVICE/Target/usbd_conf.o
                0x0000000008007932                HAL_PCD_ResetCallback
 *fill*         0x0000000008007982        0x2 
 .text.HAL_PCD_SuspendCallback
                0x0000000008007984       0x4c ./USB_DEVICE/Target/usbd_conf.o
                0x0000000008007984                HAL_PCD_SuspendCallback
 .text.HAL_PCD_ResumeCallback
                0x00000000080079d0       0x1c ./USB_DEVICE/Target/usbd_conf.o
                0x00000000080079d0                HAL_PCD_ResumeCallback
 .text.HAL_PCD_ISOOUTIncompleteCallback
                0x00000000080079ec       0x24 ./USB_DEVICE/Target/usbd_conf.o
                0x00000000080079ec                HAL_PCD_ISOOUTIncompleteCallback
 .text.HAL_PCD_ISOINIncompleteCallback
                0x0000000008007a10       0x24 ./USB_DEVICE/Target/usbd_conf.o
                0x0000000008007a10                HAL_PCD_ISOINIncompleteCallback
 .text.HAL_PCD_ConnectCallback
                0x0000000008007a34       0x1c ./USB_DEVICE/Target/usbd_conf.o
                0x0000000008007a34                HAL_PCD_ConnectCallback
 .text.HAL_PCD_DisconnectCallback
                0x0000000008007a50       0x1c ./USB_DEVICE/Target/usbd_conf.o
                0x0000000008007a50                HAL_PCD_DisconnectCallback
 .text.USBD_LL_Init
                0x0000000008007a6c       0x98 ./USB_DEVICE/Target/usbd_conf.o
                0x0000000008007a6c                USBD_LL_Init
 .text.USBD_LL_Start
                0x0000000008007b04       0x36 ./USB_DEVICE/Target/usbd_conf.o
                0x0000000008007b04                USBD_LL_Start
 .text.USBD_LL_OpenEP
                0x0000000008007b3a       0x4c ./USB_DEVICE/Target/usbd_conf.o
                0x0000000008007b3a                USBD_LL_OpenEP
 .text.USBD_LL_CloseEP
                0x0000000008007b86       0x3e ./USB_DEVICE/Target/usbd_conf.o
                0x0000000008007b86                USBD_LL_CloseEP
 .text.USBD_LL_StallEP
                0x0000000008007bc4       0x3e ./USB_DEVICE/Target/usbd_conf.o
                0x0000000008007bc4                USBD_LL_StallEP
 .text.USBD_LL_ClearStallEP
                0x0000000008007c02       0x3e ./USB_DEVICE/Target/usbd_conf.o
                0x0000000008007c02                USBD_LL_ClearStallEP
 .text.USBD_LL_IsStallEP
                0x0000000008007c40       0x58 ./USB_DEVICE/Target/usbd_conf.o
                0x0000000008007c40                USBD_LL_IsStallEP
 .text.USBD_LL_SetUSBAddress
                0x0000000008007c98       0x3e ./USB_DEVICE/Target/usbd_conf.o
                0x0000000008007c98                USBD_LL_SetUSBAddress
 .text.USBD_LL_Transmit
                0x0000000008007cd6       0x42 ./USB_DEVICE/Target/usbd_conf.o
                0x0000000008007cd6                USBD_LL_Transmit
 .text.USBD_LL_PrepareReceive
                0x0000000008007d18       0x42 ./USB_DEVICE/Target/usbd_conf.o
                0x0000000008007d18                USBD_LL_PrepareReceive
 .text.USBD_LL_GetRxDataSize
                0x0000000008007d5a       0x26 ./USB_DEVICE/Target/usbd_conf.o
                0x0000000008007d5a                USBD_LL_GetRxDataSize
 .text.USBD_static_malloc
                0x0000000008007d80       0x1c ./USB_DEVICE/Target/usbd_conf.o
                0x0000000008007d80                USBD_static_malloc
 .text.USBD_static_free
                0x0000000008007d9c       0x14 ./USB_DEVICE/Target/usbd_conf.o
                0x0000000008007d9c                USBD_static_free
 .text.USBD_Get_USB_Status
                0x0000000008007db0       0x58 ./USB_DEVICE/Target/usbd_conf.o
                0x0000000008007db0                USBD_Get_USB_Status
 .text._ZdlPvj  0x0000000008007e08        0x4 C:/ST/STM32CubeIDE_1.12.1/STM32CubeIDE/plugins/com.st.stm32cube.ide.mcu.externaltools.gnu-tools-for-stm32.11.3.rel1.win32_1.1.1.202309131626/tools/bin/../lib/gcc/arm-none-eabi/11.3.1/../../../../arm-none-eabi/lib/thumb/v7e-m+fp/hard\libstdc++_nano.a(del_ops.o)
                0x0000000008007e08                operator delete(void*, unsigned int)
 .text._Znwj    0x0000000008007e0c       0x22 C:/ST/STM32CubeIDE_1.12.1/STM32CubeIDE/plugins/com.st.stm32cube.ide.mcu.externaltools.gnu-tools-for-stm32.11.3.rel1.win32_1.1.1.202309131626/tools/bin/../lib/gcc/arm-none-eabi/11.3.1/../../../../arm-none-eabi/lib/thumb/v7e-m+fp/hard\libstdc++_nano.a(new_op.o)
                0x0000000008007e0c                operator new(unsigned int)
 .text.unlikely._ZSt17__throw_bad_allocv
                0x0000000008007e2e        0x6 C:/ST/STM32CubeIDE_1.12.1/STM32CubeIDE/plugins/com.st.stm32cube.ide.mcu.externaltools.gnu-tools-for-stm32.11.3.rel1.win32_1.1.1.202309131626/tools/bin/../lib/gcc/arm-none-eabi/11.3.1/../../../../arm-none-eabi/lib/thumb/v7e-m+fp/hard\libstdc++_nano.a(functexcept.o)
                0x0000000008007e2e                std::__throw_bad_alloc()
 .text.unlikely._ZSt20__throw_length_errorPKc
                0x0000000008007e34        0x6 C:/ST/STM32CubeIDE_1.12.1/STM32CubeIDE/plugins/com.st.stm32cube.ide.mcu.externaltools.gnu-tools-for-stm32.11.3.rel1.win32_1.1.1.202309131626/tools/bin/../lib/gcc/arm-none-eabi/11.3.1/../../../../arm-none-eabi/lib/thumb/v7e-m+fp/hard\libstdc++_nano.a(functexcept.o)
                0x0000000008007e34                std::__throw_length_error(char const*)
 .text._ZdlPv   0x0000000008007e3a        0x4 C:/ST/STM32CubeIDE_1.12.1/STM32CubeIDE/plugins/com.st.stm32cube.ide.mcu.externaltools.gnu-tools-for-stm32.11.3.rel1.win32_1.1.1.202309131626/tools/bin/../lib/gcc/arm-none-eabi/11.3.1/../../../../arm-none-eabi/lib/thumb/v7e-m+fp/hard\libstdc++_nano.a(del_op.o)
                0x0000000008007e3a                operator delete(void*)
 *fill*         0x0000000008007e3e        0x2 
 .text._ZSt15get_new_handlerv
                0x0000000008007e40       0x10 C:/ST/STM32CubeIDE_1.12.1/STM32CubeIDE/plugins/com.st.stm32cube.ide.mcu.externaltools.gnu-tools-for-stm32.11.3.rel1.win32_1.1.1.202309131626/tools/bin/../lib/gcc/arm-none-eabi/11.3.1/../../../../arm-none-eabi/lib/thumb/v7e-m+fp/hard\libstdc++_nano.a(new_handler.o)
                0x0000000008007e40                std::get_new_handler()
 .text.abort    0x0000000008007e50        0xe C:/ST/STM32CubeIDE_1.12.1/STM32CubeIDE/plugins/com.st.stm32cube.ide.mcu.externaltools.gnu-tools-for-stm32.11.3.rel1.win32_1.1.1.202309131626/tools/bin/../lib/gcc/arm-none-eabi/11.3.1/../../../../arm-none-eabi/lib/thumb/v7e-m+fp/hard\libc_nano.a(libc_a-abort.o)
                0x0000000008007e50                abort
 *fill*         0x0000000008007e5e        0x2 
 .text.malloc   0x0000000008007e60       0x10 C:/ST/STM32CubeIDE_1.12.1/STM32CubeIDE/plugins/com.st.stm32cube.ide.mcu.externaltools.gnu-tools-for-stm32.11.3.rel1.win32_1.1.1.202309131626/tools/bin/../lib/gcc/arm-none-eabi/11.3.1/../../../../arm-none-eabi/lib/thumb/v7e-m+fp/hard\libc_nano.a(libc_a-malloc.o)
                0x0000000008007e60                malloc
 .text.free     0x0000000008007e70       0x10 C:/ST/STM32CubeIDE_1.12.1/STM32CubeIDE/plugins/com.st.stm32cube.ide.mcu.externaltools.gnu-tools-for-stm32.11.3.rel1.win32_1.1.1.202309131626/tools/bin/../lib/gcc/arm-none-eabi/11.3.1/../../../../arm-none-eabi/lib/thumb/v7e-m+fp/hard\libc_nano.a(libc_a-malloc.o)
                0x0000000008007e70                free
 .text.sbrk_aligned
                0x0000000008007e80       0x40 C:/ST/STM32CubeIDE_1.12.1/STM32CubeIDE/plugins/com.st.stm32cube.ide.mcu.externaltools.gnu-tools-for-stm32.11.3.rel1.win32_1.1.1.202309131626/tools/bin/../lib/gcc/arm-none-eabi/11.3.1/../../../../arm-none-eabi/lib/thumb/v7e-m+fp/hard\libc_nano.a(libc_a-mallocr.o)
 .text._malloc_r
                0x0000000008007ec0      0x100 C:/ST/STM32CubeIDE_1.12.1/STM32CubeIDE/plugins/com.st.stm32cube.ide.mcu.externaltools.gnu-tools-for-stm32.11.3.rel1.win32_1.1.1.202309131626/tools/bin/../lib/gcc/arm-none-eabi/11.3.1/../../../../arm-none-eabi/lib/thumb/v7e-m+fp/hard\libc_nano.a(libc_a-mallocr.o)
                0x0000000008007ec0                _malloc_r
 .text.__malloc_lock
                0x0000000008007fc0        0xc C:/ST/STM32CubeIDE_1.12.1/STM32CubeIDE/plugins/com.st.stm32cube.ide.mcu.externaltools.gnu-tools-for-stm32.11.3.rel1.win32_1.1.1.202309131626/tools/bin/../lib/gcc/arm-none-eabi/11.3.1/../../../../arm-none-eabi/lib/thumb/v7e-m+fp/hard\libc_nano.a(libc_a-mlock.o)
                0x0000000008007fc0                __malloc_lock
 .text.__malloc_unlock
                0x0000000008007fcc        0xc C:/ST/STM32CubeIDE_1.12.1/STM32CubeIDE/plugins/com.st.stm32cube.ide.mcu.externaltools.gnu-tools-for-stm32.11.3.rel1.win32_1.1.1.202309131626/tools/bin/../lib/gcc/arm-none-eabi/11.3.1/../../../../arm-none-eabi/lib/thumb/v7e-m+fp/hard\libc_nano.a(libc_a-mlock.o)
                0x0000000008007fcc                __malloc_unlock
 .text.memmove  0x0000000008007fd8       0x34 C:/ST/STM32CubeIDE_1.12.1/STM32CubeIDE/plugins/com.st.stm32cube.ide.mcu.externaltools.gnu-tools-for-stm32.11.3.rel1.win32_1.1.1.202309131626/tools/bin/../lib/gcc/arm-none-eabi/11.3.1/../../../../arm-none-eabi/lib/thumb/v7e-m+fp/hard\libc_nano.a(libc_a-memmove.o)
                0x0000000008007fd8                memmove
 .text.memset   0x000000000800800c       0x10 C:/ST/STM32CubeIDE_1.12.1/STM32CubeIDE/plugins/com.st.stm32cube.ide.mcu.externaltools.gnu-tools-for-stm32.11.3.rel1.win32_1.1.1.202309131626/tools/bin/../lib/gcc/arm-none-eabi/11.3.1/../../../../arm-none-eabi/lib/thumb/v7e-m+fp/hard\libc_nano.a(libc_a-memset.o)
                0x000000000800800c                memset
 .text._raise_r
                0x000000000800801c       0x50 C:/ST/STM32CubeIDE_1.12.1/STM32CubeIDE/plugins/com.st.stm32cube.ide.mcu.externaltools.gnu-tools-for-stm32.11.3.rel1.win32_1.1.1.202309131626/tools/bin/../lib/gcc/arm-none-eabi/11.3.1/../../../../arm-none-eabi/lib/thumb/v7e-m+fp/hard\libc_nano.a(libc_a-signal.o)
                0x000000000800801c                _raise_r
 .text.raise    0x000000000800806c       0x10 C:/ST/STM32CubeIDE_1.12.1/STM32CubeIDE/plugins/com.st.stm32cube.ide.mcu.externaltools.gnu-tools-for-stm32.11.3.rel1.win32_1.1.1.202309131626/tools/bin/../lib/gcc/arm-none-eabi/11.3.1/../../../../arm-none-eabi/lib/thumb/v7e-m+fp/hard\libc_nano.a(libc_a-signal.o)
                0x000000000800806c                raise
 .text._kill_r  0x000000000800807c       0x24 C:/ST/STM32CubeIDE_1.12.1/STM32CubeIDE/plugins/com.st.stm32cube.ide.mcu.externaltools.gnu-tools-for-stm32.11.3.rel1.win32_1.1.1.202309131626/tools/bin/../lib/gcc/arm-none-eabi/11.3.1/../../../../arm-none-eabi/lib/thumb/v7e-m+fp/hard\libc_nano.a(libc_a-signalr.o)
                0x000000000800807c                _kill_r
 .text._getpid_r
                0x00000000080080a0        0x4 C:/ST/STM32CubeIDE_1.12.1/STM32CubeIDE/plugins/com.st.stm32cube.ide.mcu.externaltools.gnu-tools-for-stm32.11.3.rel1.win32_1.1.1.202309131626/tools/bin/../lib/gcc/arm-none-eabi/11.3.1/../../../../arm-none-eabi/lib/thumb/v7e-m+fp/hard\libc_nano.a(libc_a-signalr.o)
                0x00000000080080a0                _getpid_r
 .text._sbrk_r  0x00000000080080a4       0x20 C:/ST/STM32CubeIDE_1.12.1/STM32CubeIDE/plugins/com.st.stm32cube.ide.mcu.externaltools.gnu-tools-for-stm32.11.3.rel1.win32_1.1.1.202309131626/tools/bin/../lib/gcc/arm-none-eabi/11.3.1/../../../../arm-none-eabi/lib/thumb/v7e-m+fp/hard\libc_nano.a(libc_a-sbrkr.o)
                0x00000000080080a4                _sbrk_r
 .text.__errno  0x00000000080080c4        0xc C:/ST/STM32CubeIDE_1.12.1/STM32CubeIDE/plugins/com.st.stm32cube.ide.mcu.externaltools.gnu-tools-for-stm32.11.3.rel1.win32_1.1.1.202309131626/tools/bin/../lib/gcc/arm-none-eabi/11.3.1/../../../../arm-none-eabi/lib/thumb/v7e-m+fp/hard\libc_nano.a(libc_a-errno.o)
                0x00000000080080c4                __errno
 .text.__libc_init_array
                0x00000000080080d0       0x48 C:/ST/STM32CubeIDE_1.12.1/STM32CubeIDE/plugins/com.st.stm32cube.ide.mcu.externaltools.gnu-tools-for-stm32.11.3.rel1.win32_1.1.1.202309131626/tools/bin/../lib/gcc/arm-none-eabi/11.3.1/../../../../arm-none-eabi/lib/thumb/v7e-m+fp/hard\libc_nano.a(libc_a-init.o)
                0x00000000080080d0                __libc_init_array
 .text.__retarget_lock_acquire_recursive
                0x0000000008008118        0x2 C:/ST/STM32CubeIDE_1.12.1/STM32CubeIDE/plugins/com.st.stm32cube.ide.mcu.externaltools.gnu-tools-for-stm32.11.3.rel1.win32_1.1.1.202309131626/tools/bin/../lib/gcc/arm-none-eabi/11.3.1/../../../../arm-none-eabi/lib/thumb/v7e-m+fp/hard\libc_nano.a(libc_a-lock.o)
                0x0000000008008118                __retarget_lock_acquire_recursive
 .text.__retarget_lock_release_recursive
                0x000000000800811a        0x2 C:/ST/STM32CubeIDE_1.12.1/STM32CubeIDE/plugins/com.st.stm32cube.ide.mcu.externaltools.gnu-tools-for-stm32.11.3.rel1.win32_1.1.1.202309131626/tools/bin/../lib/gcc/arm-none-eabi/11.3.1/../../../../arm-none-eabi/lib/thumb/v7e-m+fp/hard\libc_nano.a(libc_a-lock.o)
                0x000000000800811a                __retarget_lock_release_recursive
 .text._free_r  0x000000000800811c       0x98 C:/ST/STM32CubeIDE_1.12.1/STM32CubeIDE/plugins/com.st.stm32cube.ide.mcu.externaltools.gnu-tools-for-stm32.11.3.rel1.win32_1.1.1.202309131626/tools/bin/../lib/gcc/arm-none-eabi/11.3.1/../../../../arm-none-eabi/lib/thumb/v7e-m+fp/hard\libc_nano.a(libc_a-freer.o)
                0x000000000800811c                _free_r
 *(.glue_7)
 .glue_7        0x00000000080081b4        0x0 linker stubs
 *(.glue_7t)
 .glue_7t       0x00000000080081b4        0x0 linker stubs
 *(.eh_frame)
 .eh_frame      0x00000000080081b4        0x0 C:/ST/STM32CubeIDE_1.12.1/STM32CubeIDE/plugins/com.st.stm32cube.ide.mcu.externaltools.gnu-tools-for-stm32.11.3.rel1.win32_1.1.1.202309131626/tools/bin/../lib/gcc/arm-none-eabi/11.3.1/thumb/v7e-m+fp/hard/crtbegin.o
 *(.init)
 .init          0x00000000080081b4        0x4 C:/ST/STM32CubeIDE_1.12.1/STM32CubeIDE/plugins/com.st.stm32cube.ide.mcu.externaltools.gnu-tools-for-stm32.11.3.rel1.win32_1.1.1.202309131626/tools/bin/../lib/gcc/arm-none-eabi/11.3.1/thumb/v7e-m+fp/hard/crti.o
                0x00000000080081b4                _init
 .init          0x00000000080081b8        0x8 C:/ST/STM32CubeIDE_1.12.1/STM32CubeIDE/plugins/com.st.stm32cube.ide.mcu.externaltools.gnu-tools-for-stm32.11.3.rel1.win32_1.1.1.202309131626/tools/bin/../lib/gcc/arm-none-eabi/11.3.1/thumb/v7e-m+fp/hard/crtn.o
 *(.fini)
 .fini          0x00000000080081c0        0x4 C:/ST/STM32CubeIDE_1.12.1/STM32CubeIDE/plugins/com.st.stm32cube.ide.mcu.externaltools.gnu-tools-for-stm32.11.3.rel1.win32_1.1.1.202309131626/tools/bin/../lib/gcc/arm-none-eabi/11.3.1/thumb/v7e-m+fp/hard/crti.o
                0x00000000080081c0                _fini
 .fini          0x00000000080081c4        0x8 C:/ST/STM32CubeIDE_1.12.1/STM32CubeIDE/plugins/com.st.stm32cube.ide.mcu.externaltools.gnu-tools-for-stm32.11.3.rel1.win32_1.1.1.202309131626/tools/bin/../lib/gcc/arm-none-eabi/11.3.1/thumb/v7e-m+fp/hard/crtn.o
                0x00000000080081cc                . = ALIGN (0x4)
                0x00000000080081cc                _etext = .

.vfp11_veneer   0x00000000080081cc        0x0
 .vfp11_veneer  0x00000000080081cc        0x0 linker stubs

.v4_bx          0x00000000080081cc        0x0
 .v4_bx         0x00000000080081cc        0x0 linker stubs

.iplt           0x00000000080081cc        0x0
 .iplt          0x00000000080081cc        0x0 C:/ST/STM32CubeIDE_1.12.1/STM32CubeIDE/plugins/com.st.stm32cube.ide.mcu.externaltools.gnu-tools-for-stm32.11.3.rel1.win32_1.1.1.202309131626/tools/bin/../lib/gcc/arm-none-eabi/11.3.1/thumb/v7e-m+fp/hard/crtbegin.o

.rodata         0x00000000080081cc       0x74
                0x00000000080081cc                . = ALIGN (0x4)
 *(.rodata)
 .rodata        0x00000000080081cc       0x1a ./USB_DEVICE/App/usbd_cdc_if.o
 *fill*         0x00000000080081e6        0x2 
 .rodata        0x00000000080081e8       0x46 ./USB_DEVICE/App/usbd_desc.o
 *(.rodata*)
 *fill*         0x000000000800822e        0x2 
 .rodata.AHBPrescTable
                0x0000000008008230       0x10 ./Core/Src/system_stm32f4xx.o
                0x0000000008008230                AHBPrescTable
                0x0000000008008240                . = ALIGN (0x4)

.ARM.extab      0x0000000008008240        0x0
                0x0000000008008240                . = ALIGN (0x4)
 *(.ARM.extab* .gnu.linkonce.armextab.*)
                0x0000000008008240                . = ALIGN (0x4)

.ARM            0x0000000008008240        0x8
                0x0000000008008240                . = ALIGN (0x4)
                0x0000000008008240                __exidx_start = .
 *(.ARM.exidx*)
 .ARM.exidx     0x0000000008008240        0x8 C:/ST/STM32CubeIDE_1.12.1/STM32CubeIDE/plugins/com.st.stm32cube.ide.mcu.externaltools.gnu-tools-for-stm32.11.3.rel1.win32_1.1.1.202309131626/tools/bin/../lib/gcc/arm-none-eabi/11.3.1/thumb/v7e-m+fp/hard\libgcc.a(_udivmoddi4.o)
                0x0000000008008248                __exidx_end = .
                0x0000000008008248                . = ALIGN (0x4)

.rel.dyn        0x0000000008008248        0x0
 .rel.iplt      0x0000000008008248        0x0 C:/ST/STM32CubeIDE_1.12.1/STM32CubeIDE/plugins/com.st.stm32cube.ide.mcu.externaltools.gnu-tools-for-stm32.11.3.rel1.win32_1.1.1.202309131626/tools/bin/../lib/gcc/arm-none-eabi/11.3.1/thumb/v7e-m+fp/hard/crtbegin.o

.preinit_array  0x0000000008008248        0x0
                0x0000000008008248                . = ALIGN (0x4)
                0x0000000008008248                PROVIDE (__preinit_array_start = .)
 *(.preinit_array*)
                0x0000000008008248                PROVIDE (__preinit_array_end = .)
                0x0000000008008248                . = ALIGN (0x4)

.init_array     0x0000000008008248        0x8
                0x0000000008008248                . = ALIGN (0x4)
                0x0000000008008248                PROVIDE (__init_array_start = .)
 *(SORT_BY_NAME(.init_array.*))
 *(.init_array*)
 .init_array    0x0000000008008248        0x4 C:/ST/STM32CubeIDE_1.12.1/STM32CubeIDE/plugins/com.st.stm32cube.ide.mcu.externaltools.gnu-tools-for-stm32.11.3.rel1.win32_1.1.1.202309131626/tools/bin/../lib/gcc/arm-none-eabi/11.3.1/thumb/v7e-m+fp/hard/crtbegin.o
 .init_array    0x000000000800824c        0x4 ./Core/Src/main.o
                0x0000000008008250                PROVIDE (__init_array_end = .)
                0x0000000008008250                . = ALIGN (0x4)

.fini_array     0x0000000008008250        0x8
                0x0000000008008250                . = ALIGN (0x4)
                [!provide]                        PROVIDE (__fini_array_start = .)
 *(SORT_BY_NAME(.fini_array.*))
 *(.fini_array*)
 .fini_array    0x0000000008008250        0x4 C:/ST/STM32CubeIDE_1.12.1/STM32CubeIDE/plugins/com.st.stm32cube.ide.mcu.externaltools.gnu-tools-for-stm32.11.3.rel1.win32_1.1.1.202309131626/tools/bin/../lib/gcc/arm-none-eabi/11.3.1/thumb/v7e-m+fp/hard/crtbegin.o
 .fini_array    0x0000000008008254        0x4 ./Core/Src/main.o
                [!provide]                        PROVIDE (__fini_array_end = .)
                0x0000000008008258                . = ALIGN (0x4)
                0x0000000008008258                _sidata = LOADADDR (.data)

.data           0x0000000020000000      0x184 load address 0x0000000008008258
                0x0000000020000000                . = ALIGN (0x4)
                0x0000000020000000                _sdata = .
 *(.data)
 *(.data*)
 .data.Message  0x0000000020000000       0x35 ./Core/Src/main.o
                0x0000000020000000                Message
 *fill*         0x0000000020000035        0x3 
 .data.SystemCoreClock
                0x0000000020000038        0x4 ./Core/Src/system_stm32f4xx.o
                0x0000000020000038                SystemCoreClock
 .data.uwTickPrio
                0x000000002000003c        0x4 ./Drivers/STM32F4xx_HAL_Driver/Src/stm32f4xx_hal.o
                0x000000002000003c                uwTickPrio
 .data.uwTickFreq
                0x0000000020000040        0x1 ./Drivers/STM32F4xx_HAL_Driver/Src/stm32f4xx_hal.o
                0x0000000020000040                uwTickFreq
 *fill*         0x0000000020000041        0x3 
 .data.USBD_CDC_DeviceQualifierDesc
                0x0000000020000044        0xa ./Middlewares/ST/STM32_USB_Device_Library/Class/CDC/Src/usbd_cdc.o
 *fill*         0x000000002000004e        0x2 
 .data.USBD_CDC
                0x0000000020000050       0x38 ./Middlewares/ST/STM32_USB_Device_Library/Class/CDC/Src/usbd_cdc.o
                0x0000000020000050                USBD_CDC
 .data.USBD_CDC_CfgDesc
                0x0000000020000088       0x43 ./Middlewares/ST/STM32_USB_Device_Library/Class/CDC/Src/usbd_cdc.o
 .data.CDCInEpAdd
                0x00000000200000cb        0x1 ./Middlewares/ST/STM32_USB_Device_Library/Class/CDC/Src/usbd_cdc.o
 .data.CDCOutEpAdd
                0x00000000200000cc        0x1 ./Middlewares/ST/STM32_USB_Device_Library/Class/CDC/Src/usbd_cdc.o
 .data.CDCCmdEpAdd
                0x00000000200000cd        0x1 ./Middlewares/ST/STM32_USB_Device_Library/Class/CDC/Src/usbd_cdc.o
 *fill*         0x00000000200000ce        0x2 
 .data.USBD_Interface_fops_FS
                0x00000000200000d0       0x14 ./USB_DEVICE/App/usbd_cdc_if.o
                0x00000000200000d0                USBD_Interface_fops_FS
 .data.FS_Desc  0x00000000200000e4       0x1c ./USB_DEVICE/App/usbd_desc.o
                0x00000000200000e4                FS_Desc
 .data.USBD_FS_DeviceDesc
                0x0000000020000100       0x12 ./USB_DEVICE/App/usbd_desc.o
                0x0000000020000100                USBD_FS_DeviceDesc
 *fill*         0x0000000020000112        0x2 
 .data.USBD_LangIDDesc
                0x0000000020000114        0x4 ./USB_DEVICE/App/usbd_desc.o
                0x0000000020000114                USBD_LangIDDesc
 .data.USBD_StringSerial
                0x0000000020000118       0x1a ./USB_DEVICE/App/usbd_desc.o
                0x0000000020000118                USBD_StringSerial
 *fill*         0x0000000020000132        0x2 
 .data._impure_data
                0x0000000020000134       0x4c C:/ST/STM32CubeIDE_1.12.1/STM32CubeIDE/plugins/com.st.stm32cube.ide.mcu.externaltools.gnu-tools-for-stm32.11.3.rel1.win32_1.1.1.202309131626/tools/bin/../lib/gcc/arm-none-eabi/11.3.1/../../../../arm-none-eabi/lib/thumb/v7e-m+fp/hard\libc_nano.a(libc_a-impure.o)
                0x0000000020000134                _impure_data
 .data._impure_ptr
                0x0000000020000180        0x4 C:/ST/STM32CubeIDE_1.12.1/STM32CubeIDE/plugins/com.st.stm32cube.ide.mcu.externaltools.gnu-tools-for-stm32.11.3.rel1.win32_1.1.1.202309131626/tools/bin/../lib/gcc/arm-none-eabi/11.3.1/../../../../arm-none-eabi/lib/thumb/v7e-m+fp/hard\libc_nano.a(libc_a-impure.o)
                0x0000000020000180                _impure_ptr
 *(.RamFunc)
 *(.RamFunc*)
                0x0000000020000184                . = ALIGN (0x4)
                0x0000000020000184                _edata = .
                0x00000000080083dc                _siccmram = LOADADDR (.ccmram)

.igot.plt       0x0000000020000184        0x0 load address 0x00000000080083dc
 .igot.plt      0x0000000020000184        0x0 C:/ST/STM32CubeIDE_1.12.1/STM32CubeIDE/plugins/com.st.stm32cube.ide.mcu.externaltools.gnu-tools-for-stm32.11.3.rel1.win32_1.1.1.202309131626/tools/bin/../lib/gcc/arm-none-eabi/11.3.1/thumb/v7e-m+fp/hard/crtbegin.o

.ccmram         0x0000000010000000        0x0 load address 0x00000000080083dc
                0x0000000010000000                . = ALIGN (0x4)
                0x0000000010000000                _sccmram = .
 *(.ccmram)
 *(.ccmram*)
                0x0000000010000000                . = ALIGN (0x4)
                0x0000000010000000                _eccmram = .
                0x0000000010000000                . = ALIGN (0x4)

.bss            0x0000000020000184     0x1d98
                0x0000000020000184                _sbss = .
                0x0000000020000184                __bss_start__ = _sbss
 *(.bss)
 .bss           0x0000000020000184       0x1c C:/ST/STM32CubeIDE_1.12.1/STM32CubeIDE/plugins/com.st.stm32cube.ide.mcu.externaltools.gnu-tools-for-stm32.11.3.rel1.win32_1.1.1.202309131626/tools/bin/../lib/gcc/arm-none-eabi/11.3.1/thumb/v7e-m+fp/hard/crtbegin.o
 *(.bss*)
 .bss.rxSilenceTim
                0x00000000200001a0        0x4 ./Core/Src/main.o
                0x00000000200001a0                rxSilenceTim
 .bss.rxBuff    0x00000000200001a4        0xc ./Core/Src/main.o
                0x00000000200001a4                rxBuff
 .bss.rxState   0x00000000200001b0        0x1 ./Core/Src/main.o
                0x00000000200001b0                rxState
 .bss.bootState
                0x00000000200001b1        0x1 ./Core/Src/main.o
                0x00000000200001b1                bootState
 *fill*         0x00000000200001b2        0x2 
 .bss.a         0x00000000200001b4        0x4 ./Core/Src/main.o
                0x00000000200001b4                a
 .bss.b         0x00000000200001b8        0x4 ./Core/Src/main.o
                0x00000000200001b8                b
 .bss.__sbrk_heap_end
                0x00000000200001bc        0x4 ./Core/Src/sysmem.o
 .bss.uwTick    0x00000000200001c0        0x4 ./Drivers/STM32F4xx_HAL_Driver/Src/stm32f4xx_hal.o
                0x00000000200001c0                uwTick
 .bss.cfgidx.0  0x00000000200001c4        0x1 ./Middlewares/ST/STM32_USB_Device_Library/Core/Src/usbd_ctlreq.o
 *fill*         0x00000000200001c5        0x3 
 .bss.hUsbDeviceFS
                0x00000000200001c8      0x2dc ./USB_DEVICE/App/usb_device.o
                0x00000000200001c8                hUsbDeviceFS
 .bss.UserRxBufferFS
                0x00000000200004a4      0x800 ./USB_DEVICE/App/usbd_cdc_if.o
                0x00000000200004a4                UserRxBufferFS
 .bss.UserTxBufferFS
                0x0000000020000ca4      0x800 ./USB_DEVICE/App/usbd_cdc_if.o
                0x0000000020000ca4                UserTxBufferFS
 .bss.USBD_StrDesc
                0x00000000200014a4      0x200 ./USB_DEVICE/App/usbd_desc.o
                0x00000000200014a4                USBD_StrDesc
 .bss.hpcd_USB_OTG_FS
                0x00000000200016a4      0x50c ./USB_DEVICE/Target/usbd_conf.o
                0x00000000200016a4                hpcd_USB_OTG_FS
 .bss.mem.0     0x0000000020001bb0      0x220 ./USB_DEVICE/Target/usbd_conf.o
 .bss._ZN12_GLOBAL__N_113__new_handlerE
                0x0000000020001dd0        0x4 C:/ST/STM32CubeIDE_1.12.1/STM32CubeIDE/plugins/com.st.stm32cube.ide.mcu.externaltools.gnu-tools-for-stm32.11.3.rel1.win32_1.1.1.202309131626/tools/bin/../lib/gcc/arm-none-eabi/11.3.1/../../../../arm-none-eabi/lib/thumb/v7e-m+fp/hard\libstdc++_nano.a(new_handler.o)
 .bss.__malloc_free_list
                0x0000000020001dd4        0x4 C:/ST/STM32CubeIDE_1.12.1/STM32CubeIDE/plugins/com.st.stm32cube.ide.mcu.externaltools.gnu-tools-for-stm32.11.3.rel1.win32_1.1.1.202309131626/tools/bin/../lib/gcc/arm-none-eabi/11.3.1/../../../../arm-none-eabi/lib/thumb/v7e-m+fp/hard\libc_nano.a(libc_a-mallocr.o)
                0x0000000020001dd4                __malloc_free_list
 .bss.__malloc_sbrk_start
                0x0000000020001dd8        0x4 C:/ST/STM32CubeIDE_1.12.1/STM32CubeIDE/plugins/com.st.stm32cube.ide.mcu.externaltools.gnu-tools-for-stm32.11.3.rel1.win32_1.1.1.202309131626/tools/bin/../lib/gcc/arm-none-eabi/11.3.1/../../../../arm-none-eabi/lib/thumb/v7e-m+fp/hard\libc_nano.a(libc_a-mallocr.o)