Archive member included to satisfy reference by file (symbol)

C:/ST/STM32CubeIDE_1.10.1/STM32CubeIDE/plugins/com.st.stm32cube.ide.mcu.externaltools.gnu-tools-for-stm32.11.3.rel1.win32_1.1.0.202305231506/tools/bin/../lib/gcc/arm-none-eabi/11.3.1/../../../../arm-none-eabi/lib/thumb/v7e-m+fp/hard\libstdc++_nano.a(del_ops.o)
                              ./Core/Src/main.o (operator delete(void*, unsigned int))
C:/ST/STM32CubeIDE_1.10.1/STM32CubeIDE/plugins/com.st.stm32cube.ide.mcu.externaltools.gnu-tools-for-stm32.11.3.rel1.win32_1.1.0.202305231506/tools/bin/../lib/gcc/arm-none-eabi/11.3.1/../../../../arm-none-eabi/lib/thumb/v7e-m+fp/hard\libstdc++_nano.a(new_op.o)
                              ./USB_DEVICE/App/usbd_cdc_if.o (operator new(unsigned int))
C:/ST/STM32CubeIDE_1.10.1/STM32CubeIDE/plugins/com.st.stm32cube.ide.mcu.externaltools.gnu-tools-for-stm32.11.3.rel1.win32_1.1.0.202305231506/tools/bin/../lib/gcc/arm-none-eabi/11.3.1/../../../../arm-none-eabi/lib/thumb/v7e-m+fp/hard\libstdc++_nano.a(functexcept.o)
                              ./USB_DEVICE/App/usbd_cdc_if.o (std::__throw_bad_alloc())
C:/ST/STM32CubeIDE_1.10.1/STM32CubeIDE/plugins/com.st.stm32cube.ide.mcu.externaltools.gnu-tools-for-stm32.11.3.rel1.win32_1.1.0.202305231506/tools/bin/../lib/gcc/arm-none-eabi/11.3.1/../../../../arm-none-eabi/lib/thumb/v7e-m+fp/hard\libstdc++_nano.a(snprintf_lite.o)
                              C:/ST/STM32CubeIDE_1.10.1/STM32CubeIDE/plugins/com.st.stm32cube.ide.mcu.externaltools.gnu-tools-for-stm32.11.3.rel1.win32_1.1.0.202305231506/tools/bin/../lib/gcc/arm-none-eabi/11.3.1/../../../../arm-none-eabi/lib/thumb/v7e-m+fp/hard\libstdc++_nano.a(functexcept.o) (__gnu_cxx::__snprintf_lite(char*, unsigned int, char const*, std::__va_list))
C:/ST/STM32CubeIDE_1.10.1/STM32CubeIDE/plugins/com.st.stm32cube.ide.mcu.externaltools.gnu-tools-for-stm32.11.3.rel1.win32_1.1.0.202305231506/tools/bin/../lib/gcc/arm-none-eabi/11.3.1/../../../../arm-none-eabi/lib/thumb/v7e-m+fp/hard\libstdc++_nano.a(del_op.o)
                              C:/ST/STM32CubeIDE_1.10.1/STM32CubeIDE/plugins/com.st.stm32cube.ide.mcu.externaltools.gnu-tools-for-stm32.11.3.rel1.win32_1.1.0.202305231506/tools/bin/../lib/gcc/arm-none-eabi/11.3.1/../../../../arm-none-eabi/lib/thumb/v7e-m+fp/hard\libstdc++_nano.a(del_ops.o) (operator delete(void*))
C:/ST/STM32CubeIDE_1.10.1/STM32CubeIDE/plugins/com.st.stm32cube.ide.mcu.externaltools.gnu-tools-for-stm32.11.3.rel1.win32_1.1.0.202305231506/tools/bin/../lib/gcc/arm-none-eabi/11.3.1/../../../../arm-none-eabi/lib/thumb/v7e-m+fp/hard\libstdc++_nano.a(new_handler.o)
                              C:/ST/STM32CubeIDE_1.10.1/STM32CubeIDE/plugins/com.st.stm32cube.ide.mcu.externaltools.gnu-tools-for-stm32.11.3.rel1.win32_1.1.0.202305231506/tools/bin/../lib/gcc/arm-none-eabi/11.3.1/../../../../arm-none-eabi/lib/thumb/v7e-m+fp/hard\libstdc++_nano.a(new_op.o) (std::get_new_handler())
C:/ST/STM32CubeIDE_1.10.1/STM32CubeIDE/plugins/com.st.stm32cube.ide.mcu.externaltools.gnu-tools-for-stm32.11.3.rel1.win32_1.1.0.202305231506/tools/bin/../lib/gcc/arm-none-eabi/11.3.1/../../../../arm-none-eabi/lib/thumb/v7e-m+fp/hard\libc_nano.a(libc_a-abort.o)
                              C:/ST/STM32CubeIDE_1.10.1/STM32CubeIDE/plugins/com.st.stm32cube.ide.mcu.externaltools.gnu-tools-for-stm32.11.3.rel1.win32_1.1.0.202305231506/tools/bin/../lib/gcc/arm-none-eabi/11.3.1/../../../../arm-none-eabi/lib/thumb/v7e-m+fp/hard\libstdc++_nano.a(new_op.o) (abort)
C:/ST/STM32CubeIDE_1.10.1/STM32CubeIDE/plugins/com.st.stm32cube.ide.mcu.externaltools.gnu-tools-for-stm32.11.3.rel1.win32_1.1.0.202305231506/tools/bin/../lib/gcc/arm-none-eabi/11.3.1/../../../../arm-none-eabi/lib/thumb/v7e-m+fp/hard\libc_nano.a(libc_a-exit.o)
                              C:/ST/STM32CubeIDE_1.10.1/STM32CubeIDE/plugins/com.st.stm32cube.ide.mcu.externaltools.gnu-tools-for-stm32.11.3.rel1.win32_1.1.0.202305231506/tools/bin/../lib/gcc/arm-none-eabi/11.3.1/../../../../arm-none-eabi/lib/thumb/v7e-m+fp/hard/crt0.o (exit)
C:/ST/STM32CubeIDE_1.10.1/STM32CubeIDE/plugins/com.st.stm32cube.ide.mcu.externaltools.gnu-tools-for-stm32.11.3.rel1.win32_1.1.0.202305231506/tools/bin/../lib/gcc/arm-none-eabi/11.3.1/../../../../arm-none-eabi/lib/thumb/v7e-m+fp/hard\libc_nano.a(libc_a-malloc.o)
                              C:/ST/STM32CubeIDE_1.10.1/STM32CubeIDE/plugins/com.st.stm32cube.ide.mcu.externaltools.gnu-tools-for-stm32.11.3.rel1.win32_1.1.0.202305231506/tools/bin/../lib/gcc/arm-none-eabi/11.3.1/../../../../arm-none-eabi/lib/thumb/v7e-m+fp/hard\libstdc++_nano.a(new_op.o) (malloc)
C:/ST/STM32CubeIDE_1.10.1/STM32CubeIDE/plugins/com.st.stm32cube.ide.mcu.externaltools.gnu-tools-for-stm32.11.3.rel1.win32_1.1.0.202305231506/tools/bin/../lib/gcc/arm-none-eabi/11.3.1/../../../../arm-none-eabi/lib/thumb/v7e-m+fp/hard\libc_nano.a(libc_a-mallocr.o)
[...]
Memory Configuration

Name             Origin             Length             Attributes
CCMRAM           0x0000000010000000 0x0000000000010000 xrw
RAM              0x0000000020000000 0x0000000000030000 xrw
FLASH            0x0000000008000000 0x0000000000200000 xr
*default*        0x0000000000000000 0xffffffffffffffff

Linker script and memory map

LOAD C:/ST/STM32CubeIDE_1.10.1/STM32CubeIDE/plugins/com.st.stm32cube.ide.mcu.externaltools.gnu-tools-for-stm32.11.3.rel1.win32_1.1.0.202305231506/tools/bin/../lib/gcc/arm-none-eabi/11.3.1/thumb/v7e-m+fp/hard/crti.o
LOAD C:/ST/STM32CubeIDE_1.10.1/STM32CubeIDE/plugins/com.st.stm32cube.ide.mcu.externaltools.gnu-tools-for-stm32.11.3.rel1.win32_1.1.0.202305231506/tools/bin/../lib/gcc/arm-none-eabi/11.3.1/thumb/v7e-m+fp/hard/crtbegin.o
LOAD C:/ST/STM32CubeIDE_1.10.1/STM32CubeIDE/plugins/com.st.stm32cube.ide.mcu.externaltools.gnu-tools-for-stm32.11.3.rel1.win32_1.1.0.202305231506/tools/bin/../lib/gcc/arm-none-eabi/11.3.1/../../../../arm-none-eabi/lib/thumb/v7e-m+fp/hard/crt0.o
LOAD ./Core/Src/Tim.o
LOAD ./Core/Src/main.o
LOAD ./Core/Src/stm32f4xx_hal_msp.o
LOAD ./Core/Src/stm32f4xx_it.o
LOAD ./Core/Src/syscalls.o
LOAD ./Core/Src/sysmem.o
LOAD ./Core/Src/system_stm32f4xx.o
LOAD ./Core/Startup/startup_stm32f429zitx.o
LOAD ./Drivers/STM32F4xx_HAL_Driver/Src/stm32f4xx_hal.o
LOAD ./Drivers/STM32F4xx_HAL_Driver/Src/stm32f4xx_hal_cortex.o
LOAD ./Drivers/STM32F4xx_HAL_Driver/Src/stm32f4xx_hal_dma.o
LOAD ./Drivers/STM32F4xx_HAL_Driver/Src/stm32f4xx_hal_dma_ex.o
LOAD ./Drivers/STM32F4xx_HAL_Driver/Src/stm32f4xx_hal_exti.o
LOAD ./Drivers/STM32F4xx_HAL_Driver/Src/stm32f4xx_hal_flash.o
LOAD ./Drivers/STM32F4xx_HAL_Driver/Src/stm32f4xx_hal_flash_ex.o
LOAD ./Drivers/STM32F4xx_HAL_Driver/Src/stm32f4xx_hal_flash_ramfunc.o
LOAD ./Drivers/STM32F4xx_HAL_Driver/Src/stm32f4xx_hal_gpio.o
LOAD ./Drivers/STM32F4xx_HAL_Driver/Src/stm32f4xx_hal_pcd.o
LOAD ./Drivers/STM32F4xx_HAL_Driver/Src/stm32f4xx_hal_pcd_ex.o
LOAD ./Drivers/STM32F4xx_HAL_Driver/Src/stm32f4xx_hal_pwr.o
LOAD ./Drivers/STM32F4xx_HAL_Driver/Src/stm32f4xx_hal_pwr_ex.o
LOAD ./Drivers/STM32F4xx_HAL_Driver/Src/stm32f4xx_hal_rcc.o
LOAD ./Drivers/STM32F4xx_HAL_Driver/Src/stm32f4xx_hal_rcc_ex.o
LOAD ./Drivers/STM32F4xx_HAL_Driver/Src/stm32f4xx_hal_tim.o
LOAD ./Drivers/STM32F4xx_HAL_Driver/Src/stm32f4xx_hal_tim_ex.o
LOAD ./Drivers/STM32F4xx_HAL_Driver/Src/stm32f4xx_ll_usb.o
LOAD ./Middlewares/ST/STM32_USB_Device_Library/Class/CDC/Src/usbd_cdc.o
LOAD ./Middlewares/ST/STM32_USB_Device_Library/Core/Src/usbd_core.o
LOAD ./Middlewares/ST/STM32_USB_Device_Library/Core/Src/usbd_ctlreq.o
LOAD ./Middlewares/ST/STM32_USB_Device_Library/Core/Src/usbd_ioreq.o
LOAD ./USB_DEVICE/App/usb_device.o
LOAD ./USB_DEVICE/App/usbd_cdc_if.o
LOAD ./USB_DEVICE/App/usbd_desc.o
LOAD ./USB_DEVICE/Target/usbd_conf.o
START GROUP
LOAD C:/ST/STM32CubeIDE_1.10.1/STM32CubeIDE/plugins/com.st.stm32cube.ide.mcu.externaltools.gnu-tools-for-stm32.11.3.rel1.win32_1.1.0.202305231506/tools/bin/../lib/gcc/arm-none-eabi/11.3.1/../../../../arm-none-eabi/lib/thumb/v7e-m+fp/hard\libstdc++_nano.a
LOAD C:/ST/STM32CubeIDE_1.10.1/STM32CubeIDE/plugins/com.st.stm32cube.ide.mcu.externaltools.gnu-tools-for-stm32.11.3.rel1.win32_1.1.0.202305231506/tools/bin/../lib/gcc/arm-none-eabi/11.3.1/../../../../arm-none-eabi/lib/thumb/v7e-m+fp/hard\libsupc++_nano.a
END GROUP
LOAD C:/ST/STM32CubeIDE_1.10.1/STM32CubeIDE/plugins/com.st.stm32cube.ide.mcu.externaltools.gnu-tools-for-stm32.11.3.rel1.win32_1.1.0.202305231506/tools/bin/../lib/gcc/arm-none-eabi/11.3.1/../../../../arm-none-eabi/lib/thumb/v7e-m+fp/hard\libstdc++_nano.a
LOAD C:/ST/STM32CubeIDE_1.10.1/STM32CubeIDE/plugins/com.st.stm32cube.ide.mcu.externaltools.gnu-tools-for-stm32.11.3.rel1.win32_1.1.0.202305231506/tools/bin/../lib/gcc/arm-none-eabi/11.3.1/../../../../arm-none-eabi/lib/thumb/v7e-m+fp/hard\libm.a
LOAD C:/ST/STM32CubeIDE_1.10.1/STM32CubeIDE/plugins/com.st.stm32cube.ide.mcu.externaltools.gnu-tools-for-stm32.11.3.rel1.win32_1.1.0.202305231506/tools/bin/../lib/gcc/arm-none-eabi/11.3.1/../../../../arm-none-eabi/lib/thumb/v7e-m+fp/hard\libc_nano.a
START GROUP
LOAD C:/ST/STM32CubeIDE_1.10.1/STM32CubeIDE/plugins/com.st.stm32cube.ide.mcu.externaltools.gnu-tools-for-stm32.11.3.rel1.win32_1.1.0.202305231506/tools/bin/../lib/gcc/arm-none-eabi/11.3.1/thumb/v7e-m+fp/hard\libgcc.a
LOAD C:/ST/STM32CubeIDE_1.10.1/STM32CubeIDE/plugins/com.st.stm32cube.ide.mcu.externaltools.gnu-tools-for-stm32.11.3.rel1.win32_1.1.0.202305231506/tools/bin/../lib/gcc/arm-none-eabi/11.3.1/../../../../arm-none-eabi/lib/thumb/v7e-m+fp/hard\libc_nano.a
END GROUP
START GROUP
LOAD C:/ST/STM32CubeIDE_1.10.1/STM32CubeIDE/plugins/com.st.stm32cube.ide.mcu.externaltools.gnu-tools-for-stm32.11.3.rel1.win32_1.1.0.202305231506/tools/bin/../lib/gcc/arm-none-eabi/11.3.1/thumb/v7e-m+fp/hard\libgcc.a
LOAD C:/ST/STM32CubeIDE_1.10.1/STM32CubeIDE/plugins/com.st.stm32cube.ide.mcu.externaltools.gnu-tools-for-stm32.11.3.rel1.win32_1.1.0.202305231506/tools/bin/../lib/gcc/arm-none-eabi/11.3.1/../../../../arm-none-eabi/lib/thumb/v7e-m+fp/hard\libc_nano.a
LOAD C:/ST/STM32CubeIDE_1.10.1/STM32CubeIDE/plugins/com.st.stm32cube.ide.mcu.externaltools.gnu-tools-for-stm32.11.3.rel1.win32_1.1.0.202305231506/tools/bin/../lib/gcc/arm-none-eabi/11.3.1/../../../../arm-none-eabi/lib/thumb/v7e-m+fp/hard\libnosys.a
END GROUP
START GROUP
LOAD C:/ST/STM32CubeIDE_1.10.1/STM32CubeIDE/plugins/com.st.stm32cube.ide.mcu.externaltools.gnu-tools-for-stm32.11.3.rel1.win32_1.1.0.202305231506/tools/bin/../lib/gcc/arm-none-eabi/11.3.1/thumb/v7e-m+fp/hard\libgcc.a
LOAD C:/ST/STM32CubeIDE_1.10.1/STM32CubeIDE/plugins/com.st.stm32cube.ide.mcu.externaltools.gnu-tools-for-stm32.11.3.rel1.win32_1.1.0.202305231506/tools/bin/../lib/gcc/arm-none-eabi/11.3.1/../../../../arm-none-eabi/lib/thumb/v7e-m+fp/hard\libc_nano.a
LOAD C:/ST/STM32CubeIDE_1.10.1/STM32CubeIDE/plugins/com.st.stm32cube.ide.mcu.externaltools.gnu-tools-for-stm32.11.3.rel1.win32_1.1.0.202305231506/tools/bin/../lib/gcc/arm-none-eabi/11.3.1/../../../../arm-none-eabi/lib/thumb/v7e-m+fp/hard\libnosys.a
END GROUP
LOAD C:/ST/STM32CubeIDE_1.10.1/STM32CubeIDE/plugins/com.st.stm32cube.ide.mcu.externaltools.gnu-tools-for-stm32.11.3.rel1.win32_1.1.0.202305231506/tools/bin/../lib/gcc/arm-none-eabi/11.3.1/thumb/v7e-m+fp/hard/crtend.o
LOAD C:/ST/STM32CubeIDE_1.10.1/STM32CubeIDE/plugins/com.st.stm32cube.ide.mcu.externaltools.gnu-tools-for-stm32.11.3.rel1.win32_1.1.0.202305231506/tools/bin/../lib/gcc/arm-none-eabi/11.3.1/thumb/v7e-m+fp/hard/crtn.o
                0x0000000020030000                _estack = (ORIGIN (RAM) + LENGTH (RAM))
                0x0000000000000400                _Min_Heap_Size = 0x400
                0x0000000000000400                _Min_Stack_Size = 0x400

.isr_vector     0x0000000008000000      0x1ac
                0x0000000008000000                . = ALIGN (0x4)
 *(.isr_vector)
 .isr_vector    0x0000000008000000      0x1ac ./Core/Startup/startup_stm32f429zitx.o
                0x0000000008000000                g_pfnVectors
                0x00000000080001ac                . = ALIGN (0x4)

.text           0x00000000080001ac     0x83bc
                0x00000000080001ac                . = ALIGN (0x4)
 *(.text)
 .text          0x00000000080001ac       0x40 C:/ST/STM32CubeIDE_1.10.1/STM32CubeIDE/plugins/com.st.stm32cube.ide.mcu.externaltools.gnu-tools-for-stm32.11.3.rel1.win32_1.1.0.202305231506/tools/bin/../lib/gcc/arm-none-eabi/11.3.1/thumb/v7e-m+fp/hard/crtbegin.o
 .text          0x00000000080001ec       0x30 C:/ST/STM32CubeIDE_1.10.1/STM32CubeIDE/plugins/com.st.stm32cube.ide.mcu.externaltools.gnu-tools-for-stm32.11.3.rel1.win32_1.1.0.202305231506/tools/bin/../lib/gcc/arm-none-eabi/11.3.1/thumb/v7e-m+fp/hard\libgcc.a(_aeabi_uldivmod.o)
                0x00000000080001ec                __aeabi_uldivmod
 .text          0x000000000800021c      0x2c8 C:/ST/STM32CubeIDE_1.10.1/STM32CubeIDE/plugins/com.st.stm32cube.ide.mcu.externaltools.gnu-tools-for-stm32.11.3.rel1.win32_1.1.0.202305231506/tools/bin/../lib/gcc/arm-none-eabi/11.3.1/thumb/v7e-m+fp/hard\libgcc.a(_udivmoddi4.o)
                0x000000000800021c                __udivmoddi4
 .text          0x00000000080004e4        0x4 C:/ST/STM32CubeIDE_1.10.1/STM32CubeIDE/plugins/com.st.stm32cube.ide.mcu.externaltools.gnu-tools-for-stm32.11.3.rel1.win32_1.1.0.202305231506/tools/bin/../lib/gcc/arm-none-eabi/11.3.1/thumb/v7e-m+fp/hard\libgcc.a(_dvmd_tls.o)
                0x00000000080004e4                __aeabi_idiv0
                0x00000000080004e4                __aeabi_ldiv0
 *(.text*)
 .text._ZN3TimC2Ev
                0x00000000080004e8       0x1c ./Core/Src/Tim.o
                0x00000000080004e8                Tim::Tim()
                0x00000000080004e8                Tim::Tim()
 .text._ZN3Tim5resetEv
                0x0000000008000504       0x1a ./Core/Src/Tim.o
                0x0000000008000504                Tim::reset()
 .text._ZN3Tim8getMillsEv
                0x000000000800051e       0x1c ./Core/Src/Tim.o
                0x000000000800051e                Tim::getMills()
 .text._ZNSt12_Vector_baseIhSaIhEE12_Vector_implD2Ev
                0x000000000800053a       0x18 ./Core/Src/main.o
                0x000000000800053a                std::_Vector_base<unsigned char, std::allocator<unsigned char> >::_Vector_impl::~_Vector_impl()
                0x000000000800053a                std::_Vector_base<unsigned char, std::allocator<unsigned char> >::_Vector_impl::~_Vector_impl()
 .text._ZNSt12_Vector_baseIhSaIhEEC2Ev
                0x0000000008000552       0x1a ./Core/Src/main.o
                0x0000000008000552                std::_Vector_base<unsigned char, std::allocator<unsigned char> >::_Vector_base()
                0x0000000008000552                std::_Vector_base<unsigned char, std::allocator<unsigned char> >::_Vector_base()
 .text._ZNSt6vectorIhSaIhEEC2Ev
                0x000000000800056c       0x1a ./Core/Src/main.o
                0x000000000800056c                std::vector<unsigned char, std::allocator<unsigned char> >::vector()
                0x000000000800056c                std::vector<unsigned char, std::allocator<unsigned char> >::vector()
 *fill*         0x0000000008000586        0x2 
 .text.main     0x0000000008000588      0x108 ./Core/Src/main.o
                0x0000000008000588                main
 .text._Z18SystemClock_Configv
                0x0000000008000690       0xe8 ./Core/Src/main.o
                0x0000000008000690                SystemClock_Config()
 .text._ZL12MX_GPIO_Initv
                0x0000000008000778      0x208 ./Core/Src/main.o
 .text.Error_Handler
                0x0000000008000980        0xa ./Core/Src/main.o
                0x0000000008000980                Error_Handler
 .text._ZNSt12_Vector_baseIhSaIhEE12_Vector_implC2Ev
                0x000000000800098a       0x20 ./Core/Src/main.o
                0x000000000800098a                std::_Vector_base<unsigned char, std::allocator<unsigned char> >::_Vector_impl::_Vector_impl()
                0x000000000800098a                std::_Vector_base<unsigned char, std::allocator<unsigned char> >::_Vector_impl::_Vector_impl()
 .text._ZNSaIhED2Ev
                0x00000000080009aa       0x18 ./Core/Src/main.o
                0x00000000080009aa                std::allocator<unsigned char>::~allocator()
                0x00000000080009aa                std::allocator<unsigned char>::~allocator()
 .text._ZNSt12_Vector_baseIhSaIhEED2Ev
                0x00000000080009c2       0x30 ./Core/Src/main.o
                0x00000000080009c2                std::_Vector_base<unsigned char, std::allocator<unsigned char> >::~_Vector_base()
                0x00000000080009c2                std::_Vector_base<unsigned char, std::allocator<unsigned char> >::~_Vector_base()
 .text._ZNKSt6vectorIhSaIhEE4sizeEv
                0x00000000080009f2       0x1e ./Core/Src/main.o
                0x00000000080009f2                std::vector<unsigned char, std::allocator<unsigned char> >::size() const
 .text._ZNSt6vectorIhSaIhEEixEj
                0x0000000008000a10       0x1e ./Core/Src/main.o
                0x0000000008000a10                std::vector<unsigned char, std::allocator<unsigned char> >::operator[](unsigned int)
 .text._ZNSt6vectorIhSaIhEE5clearEv
                0x0000000008000a2e       0x1c ./Core/Src/main.o
                0x0000000008000a2e                std::vector<unsigned char, std::allocator<unsigned char> >::clear()
 .text._ZNSaIhEC2Ev
                0x0000000008000a4a       0x18 ./Core/Src/main.o
                0x0000000008000a4a                std::allocator<unsigned char>::allocator()
                0x0000000008000a4a                std::allocator<unsigned char>::allocator()
 .text._ZNSt12_Vector_baseIhSaIhEE17_Vector_impl_dataC2Ev
                0x0000000008000a62       0x28 ./Core/Src/main.o
                0x0000000008000a62                std::_Vector_base<unsigned char, std::allocator<unsigned char> >::_Vector_impl_data::_Vector_impl_data()
                0x0000000008000a62                std::_Vector_base<unsigned char, std::allocator<unsigned char> >::_Vector_impl_data::_Vector_impl_data()
 .text._ZN9__gnu_cxx13new_allocatorIhED2Ev
                0x0000000008000a8a       0x16 ./Core/Src/main.o
                0x0000000008000a8a                __gnu_cxx::new_allocator<unsigned char>::~new_allocator()
                0x0000000008000a8a                __gnu_cxx::new_allocator<unsigned char>::~new_allocator()
 .text._ZNSt12_Vector_baseIhSaIhEE13_M_deallocateEPhj
                0x0000000008000aa0       0x26 ./Core/Src/main.o
                0x0000000008000aa0                std::_Vector_base<unsigned char, std::allocator<unsigned char> >::_M_deallocate(unsigned char*, unsigned int)
 .text._ZNSt6vectorIhSaIhEE15_M_erase_at_endEPh
                0x0000000008000ac6       0x40 ./Core/Src/main.o
                0x0000000008000ac6                std::vector<unsigned char, std::allocator<unsigned char> >::_M_erase_at_end(unsigned char*)
 .text._ZN9__gnu_cxx13new_allocatorIhEC2Ev
                0x0000000008000b06       0x16 ./Core/Src/main.o
                0x0000000008000b06                __gnu_cxx::new_allocator<unsigned char>::new_allocator()
                0x0000000008000b06                __gnu_cxx::new_allocator<unsigned char>::new_allocator()
 .text._ZNSt16allocator_traitsISaIhEE10deallocateERS0_Phj
                0x0000000008000b1c       0x1e ./Core/Src/main.o
                0x0000000008000b1c                std::allocator_traits<std::allocator<unsigned char> >::deallocate(std::allocator<unsigned char>&, unsigned char*, unsigned int)
 .text._ZNSt12_Vector_baseIhSaIhEE19_M_get_Tp_allocatorEv
                0x0000000008000b3a       0x16 ./Core/Src/main.o
                0x0000000008000b3a                std::_Vector_base<unsigned char, std::allocator<unsigned char> >::_M_get_Tp_allocator()
 .text._ZSt8_DestroyIPhhEvT_S1_RSaIT0_E
                0x0000000008000b50       0x1c ./Core/Src/main.o
                0x0000000008000b50                void std::_Destroy<unsigned char*, unsigned char>(unsigned char*, unsigned char*, std::allocator<unsigned char>&)
 .text._ZN9__gnu_cxx13new_allocatorIhE10deallocateEPhj
                0x0000000008000b6c       0x1c ./Core/Src/main.o
                0x0000000008000b6c                __gnu_cxx::new_allocator<unsigned char>::deallocate(unsigned char*, unsigned int)
 .text._ZSt8_DestroyIPhEvT_S1_
                0x0000000008000b88       0x1a ./Core/Src/main.o
                0x0000000008000b88                void std::_Destroy<unsigned char*>(unsigned char*, unsigned char*)
 .text._ZNSt12_Destroy_auxILb1EE9__destroyIPhEEvT_S3_
                0x0000000008000ba2       0x16 ./Core/Src/main.o
                0x0000000008000ba2                void std::_Destroy_aux<true>::__destroy<unsigned char*>(unsigned char*, unsigned char*)
 .text._Z41__static_initialization_and_destruction_0ii
                0x0000000008000bb8       0x4c ./Core/Src/main.o
 .text._ZNSt6vectorIhSaIhEED2Ev
                0x0000000008000c04       0x36 ./Core/Src/main.o
                0x0000000008000c04                std::vector<unsigned char, std::allocator<unsigned char> >::~vector()
                0x0000000008000c04                std::vector<unsigned char, std::allocator<unsigned char> >::~vector()
 .text._GLOBAL__sub_I_rxSilenceTim
                0x0000000008000c3a       0x10 ./Core/Src/main.o
 .text._GLOBAL__sub_D_rxSilenceTim
                0x0000000008000c4a       0x10 ./Core/Src/main.o
 *fill*         0x0000000008000c5a        0x2 
 .text.HAL_MspInit
                0x0000000008000c5c       0x50 ./Core/Src/stm32f4xx_hal_msp.o
                0x0000000008000c5c                HAL_MspInit
 .text.NMI_Handler
                0x0000000008000cac        0x6 ./Core/Src/stm32f4xx_it.o
                0x0000000008000cac                NMI_Handler
 .text.HardFault_Handler
                0x0000000008000cb2        0x6 ./Core/Src/stm32f4xx_it.o
                0x0000000008000cb2                HardFault_Handler
 .text.MemManage_Handler
                0x0000000008000cb8        0x6 ./Core/Src/stm32f4xx_it.o
                0x0000000008000cb8                MemManage_Handler
 .text.BusFault_Handler
                0x0000000008000cbe        0x6 ./Core/Src/stm32f4xx_it.o
                0x0000000008000cbe                BusFault_Handler
 .text.UsageFault_Handler
                0x0000000008000cc4        0x6 ./Core/Src/stm32f4xx_it.o
                0x0000000008000cc4                UsageFault_Handler
 .text.SVC_Handler
                0x0000000008000cca        0xe ./Core/Src/stm32f4xx_it.o
                0x0000000008000cca                SVC_Handler
 .text.DebugMon_Handler
                0x0000000008000cd8        0xe ./Core/Src/stm32f4xx_it.o
                0x0000000008000cd8                DebugMon_Handler
 .text.PendSV_Handler
                0x0000000008000ce6        0xe ./Core/Src/stm32f4xx_it.o
                0x0000000008000ce6                PendSV_Handler
 .text.SysTick_Handler
                0x0000000008000cf4        0xc ./Core/Src/stm32f4xx_it.o
                0x0000000008000cf4                SysTick_Handler
 .text.OTG_FS_IRQHandler
                0x0000000008000d00       0x14 ./Core/Src/stm32f4xx_it.o
                0x0000000008000d00                OTG_FS_IRQHandler
 .text._getpid  0x0000000008000d14       0x10 ./Core/Src/syscalls.o
                0x0000000008000d14                _getpid
 .text._kill    0x0000000008000d24       0x20 ./Core/Src/syscalls.o
                0x0000000008000d24                _kill
 .text._exit    0x0000000008000d44       0x14 ./Core/Src/syscalls.o
                0x0000000008000d44                _exit
 .text._sbrk    0x0000000008000d58       0x6c ./Core/Src/sysmem.o
                0x0000000008000d58                _sbrk
 .text.SystemInit
                0x0000000008000dc4       0x24 ./Core/Src/system_stm32f4xx.o
                0x0000000008000dc4                SystemInit
 .text.Reset_Handler
                0x0000000008000de8       0x50 ./Core/Startup/startup_stm32f429zitx.o
                0x0000000008000de8                Reset_Handler
 .text.Default_Handler
                0x0000000008000e38        0x2 ./Core/Startup/startup_stm32f429zitx.o
                0x0000000008000e38                RTC_Alarm_IRQHandler
                0x0000000008000e38                HASH_RNG_IRQHandler
                0x0000000008000e38                EXTI2_IRQHandler
                0x0000000008000e38                TIM8_CC_IRQHandler
                0x0000000008000e38                UART8_IRQHandler
                0x0000000008000e38                SPI4_IRQHandler
                0x0000000008000e38                TIM1_CC_IRQHandler
                0x0000000008000e38                DMA2_Stream5_IRQHandler
                0x0000000008000e38                DMA1_Stream5_IRQHandler
                0x0000000008000e38                PVD_IRQHandler
                0x0000000008000e38                SDIO_IRQHandler
                0x0000000008000e38                TAMP_STAMP_IRQHandler
                0x0000000008000e38                CAN2_RX1_IRQHandler
                0x0000000008000e38                EXTI3_IRQHandler
                0x0000000008000e38                TIM8_TRG_COM_TIM14_IRQHandler
                0x0000000008000e38                TIM1_UP_TIM10_IRQHandler
                0x0000000008000e38                TIM8_UP_TIM13_IRQHandler
                0x0000000008000e38                I2C3_ER_IRQHandler
                0x0000000008000e38                EXTI0_IRQHandler
                0x0000000008000e38                I2C2_EV_IRQHandler
                0x0000000008000e38                DMA1_Stream2_IRQHandler
                0x0000000008000e38                CAN1_RX0_IRQHandler
                0x0000000008000e38                FPU_IRQHandler
                0x0000000008000e38                OTG_HS_WKUP_IRQHandler
                0x0000000008000e38                LTDC_ER_IRQHandler
                0x0000000008000e38                CAN2_SCE_IRQHandler
                0x0000000008000e38                DMA2_Stream2_IRQHandler
                0x0000000008000e38                SPI1_IRQHandler
                0x0000000008000e38                TIM6_DAC_IRQHandler
                0x0000000008000e38                TIM1_BRK_TIM9_IRQHandler
                0x0000000008000e38                DCMI_IRQHandler
                0x0000000008000e38                CAN2_RX0_IRQHandler
                0x0000000008000e38                DMA2_Stream3_IRQHandler
                0x0000000008000e38                USART6_IRQHandler
                0x0000000008000e38                USART3_IRQHandler
                0x0000000008000e38                CAN1_RX1_IRQHandler
                0x0000000008000e38                UART5_IRQHandler
                0x0000000008000e38                DMA2_Stream0_IRQHandler
                0x0000000008000e38                TIM4_IRQHandler
                0x0000000008000e38                I2C1_EV_IRQHandler
                0x0000000008000e38                DMA1_Stream6_IRQHandler
                0x0000000008000e38                DMA1_Stream1_IRQHandler
                0x0000000008000e38                UART4_IRQHandler
                0x0000000008000e38                TIM3_IRQHandler
                0x0000000008000e38                RCC_IRQHandler
                0x0000000008000e38                TIM8_BRK_TIM12_IRQHandler
                0x0000000008000e38                Default_Handler
                0x0000000008000e38                EXTI15_10_IRQHandler
                0x0000000008000e38                ADC_IRQHandler
                0x0000000008000e38                DMA1_Stream7_IRQHandler
                0x0000000008000e38                SPI5_IRQHandler
                0x0000000008000e38                TIM7_IRQHandler
                0x0000000008000e38                CAN2_TX_IRQHandler
                0x0000000008000e38                TIM5_IRQHandler
                0x0000000008000e38                DMA2_Stream7_IRQHandler
                0x0000000008000e38                I2C3_EV_IRQHandler
                0x0000000008000e38                EXTI9_5_IRQHandler
                0x0000000008000e38                RTC_WKUP_IRQHandler
                0x0000000008000e38                LTDC_IRQHandler
                0x0000000008000e38                ETH_WKUP_IRQHandler
                0x0000000008000e38                SPI2_IRQHandler
                0x0000000008000e38                OTG_HS_EP1_IN_IRQHandler
                0x0000000008000e38                DMA1_Stream0_IRQHandler
                0x0000000008000e38                CAN1_TX_IRQHandler
                0x0000000008000e38                EXTI4_IRQHandler
                0x0000000008000e38                ETH_IRQHandler
                0x0000000008000e38                OTG_HS_EP1_OUT_IRQHandler
                0x0000000008000e38                WWDG_IRQHandler
                0x0000000008000e38                SPI6_IRQHandler
                0x0000000008000e38                TIM2_IRQHandler
                0x0000000008000e38                OTG_FS_WKUP_IRQHandler
                0x0000000008000e38                TIM1_TRG_COM_TIM11_IRQHandler
                0x0000000008000e38                OTG_HS_IRQHandler
                0x0000000008000e38                DMA2D_IRQHandler
                0x0000000008000e38                EXTI1_IRQHandler
                0x0000000008000e38                UART7_IRQHandler
                0x0000000008000e38                USART2_IRQHandler
                0x0000000008000e38                I2C2_ER_IRQHandler
                0x0000000008000e38                DMA2_Stream1_IRQHandler
                0x0000000008000e38                CAN1_SCE_IRQHandler
                0x0000000008000e38                FLASH_IRQHandler
                0x0000000008000e38                DMA2_Stream4_IRQHandler
                0x0000000008000e38                USART1_IRQHandler
                0x0000000008000e38                SPI3_IRQHandler
                0x0000000008000e38                DMA1_Stream4_IRQHandler
                0x0000000008000e38                I2C1_ER_IRQHandler
                0x0000000008000e38                FMC_IRQHandler
                0x0000000008000e38                DMA2_Stream6_IRQHandler
                0x0000000008000e38                SAI1_IRQHandler
                0x0000000008000e38                DMA1_Stream3_IRQHandler
 *fill*         0x0000000008000e3a        0x2 
 .text.HAL_Init
                0x0000000008000e3c       0x44 ./Drivers/STM32F4xx_HAL_Driver/Src/stm32f4xx_hal.o
                0x0000000008000e3c                HAL_Init
 .text.HAL_InitTick
                0x0000000008000e80       0x60 ./Drivers/STM32F4xx_HAL_Driver/Src/stm32f4xx_hal.o
                0x0000000008000e80                HAL_InitTick
 .text.HAL_IncTick
                0x0000000008000ee0       0x28 ./Drivers/STM32F4xx_HAL_Driver/Src/stm32f4xx_hal.o
                0x0000000008000ee0                HAL_IncTick
 .text.HAL_GetTick
                0x0000000008000f08       0x18 ./Drivers/STM32F4xx_HAL_Driver/Src/stm32f4xx_hal.o
                0x0000000008000f08                HAL_GetTick
 .text.HAL_Delay
                0x0000000008000f20       0x48 ./Drivers/STM32F4xx_HAL_Driver/Src/stm32f4xx_hal.o
                0x0000000008000f20                HAL_Delay
 .text.__NVIC_SetPriorityGrouping
                0x0000000008000f68       0x48 ./Drivers/STM32F4xx_HAL_Driver/Src/stm32f4xx_hal_cortex.o
 .text.__NVIC_GetPriorityGrouping
                0x0000000008000fb0       0x1c ./Drivers/STM32F4xx_HAL_Driver/Src/stm32f4xx_hal_cortex.o
 .text.__NVIC_EnableIRQ
                0x0000000008000fcc       0x3c ./Drivers/STM32F4xx_HAL_Driver/Src/stm32f4xx_hal_cortex.o
 .text.__NVIC_SetPriority
                0x0000000008001008       0x54 ./Drivers/STM32F4xx_HAL_Driver/Src/stm32f4xx_hal_cortex.o
 .text.NVIC_EncodePriority
                0x000000000800105c       0x66 ./Drivers/STM32F4xx_HAL_Driver/Src/stm32f4xx_hal_cortex.o
 *fill*         0x00000000080010c2        0x2 
 .text.__NVIC_SystemReset
                0x00000000080010c4       0x2c ./Drivers/STM32F4xx_HAL_Driver/Src/stm32f4xx_hal_cortex.o
 .text.SysTick_Config
                0x00000000080010f0       0x44 ./Drivers/STM32F4xx_HAL_Driver/Src/stm32f4xx_hal_cortex.o
 .text.HAL_NVIC_SetPriorityGrouping
                0x0000000008001134       0x16 ./Drivers/STM32F4xx_HAL_Driver/Src/stm32f4xx_hal_cortex.o
                0x0000000008001134                HAL_NVIC_SetPriorityGrouping
 .text.HAL_NVIC_SetPriority
                0x000000000800114a       0x38 ./Drivers/STM32F4xx_HAL_Driver/Src/stm32f4xx_hal_cortex.o
                0x000000000800114a                HAL_NVIC_SetPriority
 .text.HAL_NVIC_EnableIRQ
                0x0000000008001182       0x1c ./Drivers/STM32F4xx_HAL_Driver/Src/stm32f4xx_hal_cortex.o
                0x0000000008001182                HAL_NVIC_EnableIRQ
 .text.HAL_NVIC_SystemReset
                0x000000000800119e        0x8 ./Drivers/STM32F4xx_HAL_Driver/Src/stm32f4xx_hal_cortex.o
                0x000000000800119e                HAL_NVIC_SystemReset
 .text.HAL_SYSTICK_Config
                0x00000000080011a6       0x18 ./Drivers/STM32F4xx_HAL_Driver/Src/stm32f4xx_hal_cortex.o
                0x00000000080011a6                HAL_SYSTICK_Config
 *fill*         0x00000000080011be        0x2 
 .text.HAL_GPIO_Init
                0x00000000080011c0      0x358 ./Drivers/STM32F4xx_HAL_Driver/Src/stm32f4xx_hal_gpio.o
                0x00000000080011c0                HAL_GPIO_Init
 .text.HAL_GPIO_WritePin
                0x0000000008001518       0x32 ./Drivers/STM32F4xx_HAL_Driver/Src/stm32f4xx_hal_gpio.o
                0x0000000008001518                HAL_GPIO_WritePin
 .text.HAL_PCD_Init
                0x000000000800154a      0x23a ./Drivers/STM32F4xx_HAL_Driver/Src/stm32f4xx_hal_pcd.o
                0x000000000800154a                HAL_PCD_Init
 .text.HAL_PCD_Start
                0x0000000008001784       0x66 ./Drivers/STM32F4xx_HAL_Driver/Src/stm32f4xx_hal_pcd.o
                0x0000000008001784                HAL_PCD_Start
 .text.HAL_PCD_IRQHandler
                0x00000000080017ea      0x93e ./Drivers/STM32F4xx_HAL_Driver/Src/stm32f4xx_hal_pcd.o
                0x00000000080017ea                HAL_PCD_IRQHandler
 .text.HAL_PCD_SetAddress
                0x0000000008002128       0x4a ./Drivers/STM32F4xx_HAL_Driver/Src/stm32f4xx_hal_pcd.o
                0x0000000008002128                HAL_PCD_SetAddress
 .text.HAL_PCD_EP_Open
                0x0000000008002172       0xd0 ./Drivers/STM32F4xx_HAL_Driver/Src/stm32f4xx_hal_pcd.o
                0x0000000008002172                HAL_PCD_EP_Open
 .text.HAL_PCD_EP_Close
                0x0000000008002242       0x94 ./Drivers/STM32F4xx_HAL_Driver/Src/stm32f4xx_hal_pcd.o
                0x0000000008002242                HAL_PCD_EP_Close
 .text.HAL_PCD_EP_Receive
                0x00000000080022d6       0x96 ./Drivers/STM32F4xx_HAL_Driver/Src/stm32f4xx_hal_pcd.o
                0x00000000080022d6                HAL_PCD_EP_Receive
 .text.HAL_PCD_EP_GetRxCount
                0x000000000800236c       0x30 ./Drivers/STM32F4xx_HAL_Driver/Src/stm32f4xx_hal_pcd.o
                0x000000000800236c                HAL_PCD_EP_GetRxCount
 .text.HAL_PCD_EP_Transmit
                0x000000000800239c       0x94 ./Drivers/STM32F4xx_HAL_Driver/Src/stm32f4xx_hal_pcd.o
                0x000000000800239c                HAL_PCD_EP_Transmit
 .text.HAL_PCD_EP_SetStall
                0x0000000008002430       0xc8 ./Drivers/STM32F4xx_HAL_Driver/Src/stm32f4xx_hal_pcd.o
                0x0000000008002430                HAL_PCD_EP_SetStall
 .text.HAL_PCD_EP_ClrStall
                0x00000000080024f8       0xac ./Drivers/STM32F4xx_HAL_Driver/Src/stm32f4xx_hal_pcd.o
                0x00000000080024f8                HAL_PCD_EP_ClrStall
 .text.HAL_PCD_EP_Abort
                0x00000000080025a4       0x62 ./Drivers/STM32F4xx_HAL_Driver/Src/stm32f4xx_hal_pcd.o
                0x00000000080025a4                HAL_PCD_EP_Abort
 .text.PCD_WriteEmptyTxFifo
                0x0000000008002606      0x11a ./Drivers/STM32F4xx_HAL_Driver/Src/stm32f4xx_hal_pcd.o
 .text.PCD_EP_OutXfrComplete_int
                0x0000000008002720      0x1d0 ./Drivers/STM32F4xx_HAL_Driver/Src/stm32f4xx_hal_pcd.o
 .text.PCD_EP_OutSetupPacket_int
                0x00000000080028f0       0x8c ./Drivers/STM32F4xx_HAL_Driver/Src/stm32f4xx_hal_pcd.o
 .text.HAL_PCDEx_SetTxFiFo
                0x000000000800297c       0x8e ./Drivers/STM32F4xx_HAL_Driver/Src/stm32f4xx_hal_pcd_ex.o
                0x000000000800297c                HAL_PCDEx_SetTxFiFo
 .text.HAL_PCDEx_SetRxFiFo
                0x0000000008002a0a       0x22 ./Drivers/STM32F4xx_HAL_Driver/Src/stm32f4xx_hal_pcd_ex.o
                0x0000000008002a0a                HAL_PCDEx_SetRxFiFo
 .text.HAL_PCDEx_LPM_Callback
                0x0000000008002a2c       0x18 ./Drivers/STM32F4xx_HAL_Driver/Src/stm32f4xx_hal_pcd_ex.o
                0x0000000008002a2c                HAL_PCDEx_LPM_Callback
 .text.HAL_RCC_OscConfig
                0x0000000008002a44      0x4f0 ./Drivers/STM32F4xx_HAL_Driver/Src/stm32f4xx_hal_rcc.o
                0x0000000008002a44                HAL_RCC_OscConfig
 .text.HAL_RCC_ClockConfig
                0x0000000008002f34      0x1cc ./Drivers/STM32F4xx_HAL_Driver/Src/stm32f4xx_hal_rcc.o
                0x0000000008002f34                HAL_RCC_ClockConfig
 .text.HAL_RCC_GetSysClockFreq
                0x0000000008003100      0x20c ./Drivers/STM32F4xx_HAL_Driver/Src/stm32f4xx_hal_rcc.o
                0x0000000008003100                HAL_RCC_GetSysClockFreq
 .text.HAL_RCC_GetHCLKFreq
                0x000000000800330c       0x18 ./Drivers/STM32F4xx_HAL_Driver/Src/stm32f4xx_hal_rcc.o
                0x000000000800330c                HAL_RCC_GetHCLKFreq
 .text.USB_CoreInit
                0x0000000008003324       0xc2 ./Drivers/STM32F4xx_HAL_Driver/Src/stm32f4xx_ll_usb.o
                0x0000000008003324                USB_CoreInit
 *fill*         0x00000000080033e6        0x2 
 .text.USB_SetTurnaroundTime
                0x00000000080033e8      0x144 ./Drivers/STM32F4xx_HAL_Driver/Src/stm32f4xx_ll_usb.o
                0x00000000080033e8                USB_SetTurnaroundTime
 .text.USB_EnableGlobalInt
                0x000000000800352c       0x22 ./Drivers/STM32F4xx_HAL_Driver/Src/stm32f4xx_ll_usb.o
                0x000000000800352c                USB_EnableGlobalInt
 .text.USB_DisableGlobalInt
                0x000000000800354e       0x22 ./Drivers/STM32F4xx_HAL_Driver/Src/stm32f4xx_ll_usb.o
                0x000000000800354e                USB_DisableGlobalInt
 .text.USB_SetCurrentMode
                0x0000000008003570       0x98 ./Drivers/STM32F4xx_HAL_Driver/Src/stm32f4xx_ll_usb.o
                0x0000000008003570                USB_SetCurrentMode
 .text.USB_DevInit
                0x0000000008003608      0x2c8 ./Drivers/STM32F4xx_HAL_Driver/Src/stm32f4xx_ll_usb.o
                0x0000000008003608                USB_DevInit
 .text.USB_FlushTxFifo
                0x00000000080038d0       0x68 ./Drivers/STM32F4xx_HAL_Driver/Src/stm32f4xx_ll_usb.o
                0x00000000080038d0                USB_FlushTxFifo
 .text.USB_FlushRxFifo
                0x0000000008003938       0x60 ./Drivers/STM32F4xx_HAL_Driver/Src/stm32f4xx_ll_usb.o
                0x0000000008003938                USB_FlushRxFifo
 .text.USB_SetDevSpeed
                0x0000000008003998       0x32 ./Drivers/STM32F4xx_HAL_Driver/Src/stm32f4xx_ll_usb.o
                0x0000000008003998                USB_SetDevSpeed
 .text.USB_GetDevSpeed
                0x00000000080039ca       0x4a ./Drivers/STM32F4xx_HAL_Driver/Src/stm32f4xx_ll_usb.o
                0x00000000080039ca                USB_GetDevSpeed
 .text.USB_ActivateEndpoint
                0x0000000008003a14      0x10e ./Drivers/STM32F4xx_HAL_Driver/Src/stm32f4xx_ll_usb.o
                0x0000000008003a14                USB_ActivateEndpoint
 *fill*         0x0000000008003b22        0x2 
 .text.USB_DeactivateEndpoint
                0x0000000008003b24      0x1b8 ./Drivers/STM32F4xx_HAL_Driver/Src/stm32f4xx_ll_usb.o
                0x0000000008003b24                USB_DeactivateEndpoint
 .text.USB_EPStartXfer
                0x0000000008003cdc      0x490 ./Drivers/STM32F4xx_HAL_Driver/Src/stm32f4xx_ll_usb.o
                0x0000000008003cdc                USB_EPStartXfer
 .text.USB_EP0StartXfer
                0x000000000800416c      0x2b0 ./Drivers/STM32F4xx_HAL_Driver/Src/stm32f4xx_ll_usb.o
                0x000000000800416c                USB_EP0StartXfer
 .text.USB_EPStopXfer
                0x000000000800441c      0x154 ./Drivers/STM32F4xx_HAL_Driver/Src/stm32f4xx_ll_usb.o
                0x000000000800441c                USB_EPStopXfer
 .text.USB_WritePacket
                0x0000000008004570       0x7c ./Drivers/STM32F4xx_HAL_Driver/Src/stm32f4xx_ll_usb.o
                0x0000000008004570                USB_WritePacket
 .text.USB_ReadPacket
                0x00000000080045ec       0xb0 ./Drivers/STM32F4xx_HAL_Driver/Src/stm32f4xx_ll_usb.o
                0x00000000080045ec                USB_ReadPacket
 .text.USB_EPSetStall
                0x000000000800469c       0xdc ./Drivers/STM32F4xx_HAL_Driver/Src/stm32f4xx_ll_usb.o
                0x000000000800469c                USB_EPSetStall
 .text.USB_EPClearStall
                0x0000000008004778       0xcc ./Drivers/STM32F4xx_HAL_Driver/Src/stm32f4xx_ll_usb.o
                0x0000000008004778                USB_EPClearStall
 .text.USB_SetDevAddress
                0x0000000008004844       0x4c ./Drivers/STM32F4xx_HAL_Driver/Src/stm32f4xx_ll_usb.o
                0x0000000008004844                USB_SetDevAddress
 .text.USB_DevConnect
                0x0000000008004890       0x42 ./Drivers/STM32F4xx_HAL_Driver/Src/stm32f4xx_ll_usb.o
                0x0000000008004890                USB_DevConnect
 .text.USB_DevDisconnect
                0x00000000080048d2       0x42 ./Drivers/STM32F4xx_HAL_Driver/Src/stm32f4xx_ll_usb.o
                0x00000000080048d2                USB_DevDisconnect
 .text.USB_ReadInterrupts
                0x0000000008004914       0x26 ./Drivers/STM32F4xx_HAL_Driver/Src/stm32f4xx_ll_usb.o
                0x0000000008004914                USB_ReadInterrupts
 .text.USB_ReadDevAllOutEpInterrupt
                0x000000000800493a       0x34 ./Drivers/STM32F4xx_HAL_Driver/Src/stm32f4xx_ll_usb.o
                0x000000000800493a                USB_ReadDevAllOutEpInterrupt
 .text.USB_ReadDevAllInEpInterrupt
                0x000000000800496e       0x34 ./Drivers/STM32F4xx_HAL_Driver/Src/stm32f4xx_ll_usb.o
                0x000000000800496e                USB_ReadDevAllInEpInterrupt
 .text.USB_ReadDevOutEPInterrupt
                0x00000000080049a2       0x3c ./Drivers/STM32F4xx_HAL_Driver/Src/stm32f4xx_ll_usb.o
                0x00000000080049a2                USB_ReadDevOutEPInterrupt
 .text.USB_ReadDevInEPInterrupt
                0x00000000080049de       0x5c ./Drivers/STM32F4xx_HAL_Driver/Src/stm32f4xx_ll_usb.o
                0x00000000080049de                USB_ReadDevInEPInterrupt
 .text.USB_GetMode
                0x0000000008004a3a       0x1c ./Drivers/STM32F4xx_HAL_Driver/Src/stm32f4xx_ll_usb.o
                0x0000000008004a3a                USB_GetMode
 .text.USB_ActivateSetup
                0x0000000008004a56       0x46 ./Drivers/STM32F4xx_HAL_Driver/Src/stm32f4xx_ll_usb.o
                0x0000000008004a56                USB_ActivateSetup
 .text.USB_EP0_OutStart
                0x0000000008004a9c       0xbc ./Drivers/STM32F4xx_HAL_Driver/Src/stm32f4xx_ll_usb.o
                0x0000000008004a9c                USB_EP0_OutStart
 .text.USB_CoreReset
                0x0000000008004b58       0x68 ./Drivers/STM32F4xx_HAL_Driver/Src/stm32f4xx_ll_usb.o
 .text.USBD_CDC_Init
                0x0000000008004bc0      0x1f0 ./Middlewares/ST/STM32_USB_Device_Library/Class/CDC/Src/usbd_cdc.o
 .text.USBD_CDC_DeInit
                0x0000000008004db0      0x104 ./Middlewares/ST/STM32_USB_Device_Library/Class/CDC/Src/usbd_cdc.o
 .text.USBD_CDC_Setup
                0x0000000008004eb4      0x1b8 ./Middlewares/ST/STM32_USB_Device_Library/Class/CDC/Src/usbd_cdc.o
 .text.USBD_CDC_DataIn
                0x000000000800506c       0xfe ./Middlewares/ST/STM32_USB_Device_Library/Class/CDC/Src/usbd_cdc.o
 .text.USBD_CDC_DataOut
                0x000000000800516a       0x70 ./Middlewares/ST/STM32_USB_Device_Library/Class/CDC/Src/usbd_cdc.o
 .text.USBD_CDC_EP0_RxReady
                0x00000000080051da       0x76 ./Middlewares/ST/STM32_USB_Device_Library/Class/CDC/Src/usbd_cdc.o
 .text.USBD_CDC_GetFSCfgDesc
                0x0000000008005250       0x70 ./Middlewares/ST/STM32_USB_Device_Library/Class/CDC/Src/usbd_cdc.o
 .text.USBD_CDC_GetHSCfgDesc
                0x00000000080052c0       0x70 ./Middlewares/ST/STM32_USB_Device_Library/Class/CDC/Src/usbd_cdc.o
 .text.USBD_CDC_GetOtherSpeedCfgDesc
                0x0000000008005330       0x70 ./Middlewares/ST/STM32_USB_Device_Library/Class/CDC/Src/usbd_cdc.o
 .text.USBD_CDC_GetDeviceQualifierDescriptor
                0x00000000080053a0       0x20 ./Middlewares/ST/STM32_USB_Device_Library/Class/CDC/Src/usbd_cdc.o
                0x00000000080053a0                USBD_CDC_GetDeviceQualifierDescriptor
 .text.USBD_CDC_RegisterInterface
                0x00000000080053c0       0x34 ./Middlewares/ST/STM32_USB_Device_Library/Class/CDC/Src/usbd_cdc.o
                0x00000000080053c0                USBD_CDC_RegisterInterface
 .text.USBD_CDC_SetTxBuffer
                0x00000000080053f4       0x44 ./Middlewares/ST/STM32_USB_Device_Library/Class/CDC/Src/usbd_cdc.o
                0x00000000080053f4                USBD_CDC_SetTxBuffer
 .text.USBD_CDC_SetRxBuffer
                0x0000000008005438       0x3a ./Middlewares/ST/STM32_USB_Device_Library/Class/CDC/Src/usbd_cdc.o
                0x0000000008005438                USBD_CDC_SetRxBuffer
 *fill*         0x0000000008005472        0x2 
 .text.USBD_CDC_TransmitPacket
                0x0000000008005474       0x8c ./Middlewares/ST/STM32_USB_Device_Library/Class/CDC/Src/usbd_cdc.o
                0x0000000008005474                USBD_CDC_TransmitPacket
 .text.USBD_CDC_ReceivePacket
                0x0000000008005500       0x6c ./Middlewares/ST/STM32_USB_Device_Library/Class/CDC/Src/usbd_cdc.o
                0x0000000008005500                USBD_CDC_ReceivePacket
 .text.USBD_Init
                0x000000000800556c       0x60 ./Middlewares/ST/STM32_USB_Device_Library/Core/Src/usbd_core.o
                0x000000000800556c                USBD_Init
 .text.USBD_RegisterClass
                0x00000000080055cc       0x6c ./Middlewares/ST/STM32_USB_Device_Library/Core/Src/usbd_core.o
                0x00000000080055cc                USBD_RegisterClass
 .text.USBD_Start
                0x0000000008005638       0x18 ./Middlewares/ST/STM32_USB_Device_Library/Core/Src/usbd_core.o
                0x0000000008005638                USBD_Start
 .text.USBD_RunTestMode
                0x0000000008005650       0x16 ./Middlewares/ST/STM32_USB_Device_Library/Core/Src/usbd_core.o
                0x0000000008005650                USBD_RunTestMode
 .text.USBD_SetClassConfig
                0x0000000008005666       0x38 ./Middlewares/ST/STM32_USB_Device_Library/Core/Src/usbd_core.o
                0x0000000008005666                USBD_SetClassConfig
 .text.USBD_ClrClassConfig
                0x000000000800569e       0x34 ./Middlewares/ST/STM32_USB_Device_Library/Core/Src/usbd_core.o
                0x000000000800569e                USBD_ClrClassConfig
 .text.USBD_LL_SetupStage
                0x00000000080056d2       0xaa ./Middlewares/ST/STM32_USB_Device_Library/Core/Src/usbd_core.o
                0x00000000080056d2                USBD_LL_SetupStage
 .text.USBD_LL_DataOutStage
                0x000000000800577c      0x166 ./Middlewares/ST/STM32_USB_Device_Library/Core/Src/usbd_core.o
                0x000000000800577c                USBD_LL_DataOutStage
 .text.USBD_LL_DataInStage
                0x00000000080058e2      0x164 ./Middlewares/ST/STM32_USB_Device_Library/Core/Src/usbd_core.o
                0x00000000080058e2                USBD_LL_DataInStage
 .text.USBD_LL_Reset
                0x0000000008005a46       0xa4 ./Middlewares/ST/STM32_USB_Device_Library/Core/Src/usbd_core.o
                0x0000000008005a46                USBD_LL_Reset
 .text.USBD_LL_SetSpeed
                0x0000000008005aea       0x20 ./Middlewares/ST/STM32_USB_Device_Library/Core/Src/usbd_core.o
                0x0000000008005aea                USBD_LL_SetSpeed
 .text.USBD_LL_Suspend
                0x0000000008005b0a       0x2c ./Middlewares/ST/STM32_USB_Device_Library/Core/Src/usbd_core.o
                0x0000000008005b0a                USBD_LL_Suspend
 .text.USBD_LL_Resume
                0x0000000008005b36       0x30 ./Middlewares/ST/STM32_USB_Device_Library/Core/Src/usbd_core.o
                0x0000000008005b36                USBD_LL_Resume
 .text.USBD_LL_SOF
                0x0000000008005b66       0x40 ./Middlewares/ST/STM32_USB_Device_Library/Core/Src/usbd_core.o
                0x0000000008005b66                USBD_LL_SOF
 .text.USBD_LL_IsoINIncomplete
                0x0000000008005ba6       0x64 ./Middlewares/ST/STM32_USB_Device_Library/Core/Src/usbd_core.o
                0x0000000008005ba6                USBD_LL_IsoINIncomplete
 .text.USBD_LL_IsoOUTIncomplete
                0x0000000008005c0a       0x64 ./Middlewares/ST/STM32_USB_Device_Library/Core/Src/usbd_core.o
                0x0000000008005c0a                USBD_LL_IsoOUTIncomplete
 .text.USBD_LL_DevConnected
                0x0000000008005c6e       0x16 ./Middlewares/ST/STM32_USB_Device_Library/Core/Src/usbd_core.o
                0x0000000008005c6e                USBD_LL_DevConnected
 .text.USBD_LL_DevDisconnected
                0x0000000008005c84       0x46 ./Middlewares/ST/STM32_USB_Device_Library/Core/Src/usbd_core.o
                0x0000000008005c84                USBD_LL_DevDisconnected
 .text.USBD_CoreFindIF
                0x0000000008005cca       0x1a ./Middlewares/ST/STM32_USB_Device_Library/Core/Src/usbd_core.o
                0x0000000008005cca                USBD_CoreFindIF
 .text.USBD_CoreFindEP
                0x0000000008005ce4       0x1a ./Middlewares/ST/STM32_USB_Device_Library/Core/Src/usbd_core.o
                0x0000000008005ce4                USBD_CoreFindEP
 .text.USBD_GetEpDesc
                0x0000000008005cfe       0x74 ./Middlewares/ST/STM32_USB_Device_Library/Core/Src/usbd_core.o
                0x0000000008005cfe                USBD_GetEpDesc
 .text.USBD_GetNextDesc
                0x0000000008005d72       0x3a ./Middlewares/ST/STM32_USB_Device_Library/Core/Src/usbd_core.o
                0x0000000008005d72                USBD_GetNextDesc
 .text.SWAPBYTE
                0x0000000008005dac       0x3c ./Middlewares/ST/STM32_USB_Device_Library/Core/Src/usbd_ctlreq.o
 .text.USBD_StdDevReq
                0x0000000008005de8       0xe4 ./Middlewares/ST/STM32_USB_Device_Library/Core/Src/usbd_ctlreq.o
                0x0000000008005de8                USBD_StdDevReq
 .text.USBD_StdItfReq
                0x0000000008005ecc       0xd8 ./Middlewares/ST/STM32_USB_Device_Library/Core/Src/usbd_ctlreq.o
                0x0000000008005ecc                USBD_StdItfReq
 .text.USBD_StdEPReq
                0x0000000008005fa4      0x33a ./Middlewares/ST/STM32_USB_Device_Library/Core/Src/usbd_ctlreq.o
                0x0000000008005fa4                USBD_StdEPReq
 *fill*         0x00000000080062de        0x2 
 .text.USBD_GetDescriptor
                0x00000000080062e0      0x2d4 ./Middlewares/ST/STM32_USB_Device_Library/Core/Src/usbd_ctlreq.o
 .text.USBD_SetAddress
                0x00000000080065b4       0x88 ./Middlewares/ST/STM32_USB_Device_Library/Core/Src/usbd_ctlreq.o
 .text.USBD_SetConfig
                0x000000000800663c      0x154 ./Middlewares/ST/STM32_USB_Device_Library/Core/Src/usbd_ctlreq.o
 .text.USBD_GetConfig
                0x0000000008006790       0x6c ./Middlewares/ST/STM32_USB_Device_Library/Core/Src/usbd_ctlreq.o
 .text.USBD_GetStatus
                0x00000000080067fc       0x68 ./Middlewares/ST/STM32_USB_Device_Library/Core/Src/usbd_ctlreq.o
 .text.USBD_SetFeature
                0x0000000008006864       0x52 ./Middlewares/ST/STM32_USB_Device_Library/Core/Src/usbd_ctlreq.o
 .text.USBD_ClrFeature
                0x00000000080068b6       0x44 ./Middlewares/ST/STM32_USB_Device_Library/Core/Src/usbd_ctlreq.o
 .text.USBD_ParseSetupRequest
                0x00000000080068fa       0x74 ./Middlewares/ST/STM32_USB_Device_Library/Core/Src/usbd_ctlreq.o
                0x00000000080068fa                USBD_ParseSetupRequest
 .text.USBD_CtlError
                0x000000000800696e       0x22 ./Middlewares/ST/STM32_USB_Device_Library/Core/Src/usbd_ctlreq.o
                0x000000000800696e                USBD_CtlError
 .text.USBD_GetString
                0x0000000008006990       0x8c ./Middlewares/ST/STM32_USB_Device_Library/Core/Src/usbd_ctlreq.o
                0x0000000008006990                USBD_GetString
 .text.USBD_GetLen
                0x0000000008006a1c       0x34 ./Middlewares/ST/STM32_USB_Device_Library/Core/Src/usbd_ctlreq.o
 .text.USBD_CtlSendData
                0x0000000008006a50       0x36 ./Middlewares/ST/STM32_USB_Device_Library/Core/Src/usbd_ioreq.o
                0x0000000008006a50                USBD_CtlSendData
 .text.USBD_CtlContinueSendData
                0x0000000008006a86       0x22 ./Middlewares/ST/STM32_USB_Device_Library/Core/Src/usbd_ioreq.o
                0x0000000008006a86                USBD_CtlContinueSendData
 .text.USBD_CtlPrepareRx
                0x0000000008006aa8       0x3a ./Middlewares/ST/STM32_USB_Device_Library/Core/Src/usbd_ioreq.o
                0x0000000008006aa8                USBD_CtlPrepareRx
 .text.USBD_CtlContinueRx
                0x0000000008006ae2       0x22 ./Middlewares/ST/STM32_USB_Device_Library/Core/Src/usbd_ioreq.o
                0x0000000008006ae2                USBD_CtlContinueRx
 .text.USBD_CtlSendStatus
                0x0000000008006b04       0x26 ./Middlewares/ST/STM32_USB_Device_Library/Core/Src/usbd_ioreq.o
                0x0000000008006b04                USBD_CtlSendStatus
 .text.USBD_CtlReceiveStatus
                0x0000000008006b2a       0x26 ./Middlewares/ST/STM32_USB_Device_Library/Core/Src/usbd_ioreq.o
                0x0000000008006b2a                USBD_CtlReceiveStatus
 .text.MX_USB_DEVICE_Init
                0x0000000008006b50       0x60 ./USB_DEVICE/App/usb_device.o
                0x0000000008006b50                MX_USB_DEVICE_Init
 .text._ZSt17__size_to_integerj
                0x0000000008006bb0       0x16 ./USB_DEVICE/App/usbd_cdc_if.o
                0x0000000008006bb0                std::__size_to_integer(unsigned int)
 .text._ZnwjPv  0x0000000008006bc6       0x18 ./USB_DEVICE/App/usbd_cdc_if.o
                0x0000000008006bc6                operator new(unsigned int, void*)
 *fill*         0x0000000008006bde        0x2 
 .text._ZL11CDC_Init_FSv
                0x0000000008006be0       0x28 ./USB_DEVICE/App/usbd_cdc_if.o
 .text._ZL13CDC_DeInit_FSv
                0x0000000008006c08       0x10 ./USB_DEVICE/App/usbd_cdc_if.o
 .text._ZL14CDC_Control_FShPht
                0x0000000008006c18       0xbc ./USB_DEVICE/App/usbd_cdc_if.o
 .text._ZL14CDC_Receive_FSPhPm
                0x0000000008006cd4       0x78 ./USB_DEVICE/App/usbd_cdc_if.o
 .text.CDC_Transmit_FS
                0x0000000008006d4c       0x54 ./USB_DEVICE/App/usbd_cdc_if.o
                0x0000000008006d4c                CDC_Transmit_FS
 .text._ZL19CDC_TransmitCplt_FSPhPmh
                0x0000000008006da0       0x22 ./USB_DEVICE/App/usbd_cdc_if.o
 .text._ZNSt6vectorIhSaIhEE6resizeEj
                0x0000000008006dc2       0x68 ./USB_DEVICE/App/usbd_cdc_if.o
                0x0000000008006dc2                std::vector<unsigned char, std::allocator<unsigned char> >::resize(unsigned int)
 .text._ZNSt6vectorIhSaIhEE9push_backERKh
                0x0000000008006e2a       0x4a ./USB_DEVICE/App/usbd_cdc_if.o
                0x0000000008006e2a                std::vector<unsigned char, std::allocator<unsigned char> >::push_back(unsigned char const&)
 .text._ZNSt6vectorIhSaIhEE15_S_use_relocateEv
                0x0000000008006e74       0x16 ./USB_DEVICE/App/usbd_cdc_if.o
                0x0000000008006e74                std::vector<unsigned char, std::allocator<unsigned char> >::_S_use_relocate()
 .text._ZNSt6vectorIhSaIhEE19_S_nothrow_relocateESt17integral_constantIbLb1EE
                0x0000000008006e8a       0x16 ./USB_DEVICE/App/usbd_cdc_if.o
                0x0000000008006e8a                std::vector<unsigned char, std::allocator<unsigned char> >::_S_nothrow_relocate(std::integral_constant<bool, true>)
 .text._ZNSt6vectorIhSaIhEE17_M_default_appendEj
                0x0000000008006ea0      0x170 ./USB_DEVICE/App/usbd_cdc_if.o
                0x0000000008006ea0                std::vector<unsigned char, std::allocator<unsigned char> >::_M_default_append(unsigned int)
 .text._ZNSt16allocator_traitsISaIhEE9constructIhJRKhEEEvRS0_PT_DpOT0_
                0x0000000008007010       0x26 ./USB_DEVICE/App/usbd_cdc_if.o
                0x0000000008007010                void std::allocator_traits<std::allocator<unsigned char> >::construct<unsigned char, unsigned char const&>(std::allocator<unsigned char>&, unsigned char*, unsigned char const&)
 .text._ZNSt6vectorIhSaIhEE3endEv
                0x0000000008007036       0x22 ./USB_DEVICE/App/usbd_cdc_if.o
                0x0000000008007036                std::vector<unsigned char, std::allocator<unsigned char> >::end()
 .text._ZNSt6vectorIhSaIhEE17_M_realloc_insertIJRKhEEEvN9__gnu_cxx17__normal_iteratorIPhS1_EEDpOT_
                0x0000000008007058      0x170 ./USB_DEVICE/App/usbd_cdc_if.o
                0x0000000008007058                void std::vector<unsigned char, std::allocator<unsigned char> >::_M_realloc_insert<unsigned char const&>(__gnu_cxx::__normal_iterator<unsigned char*, std::vector<unsigned char, std::allocator<unsigned char> > >, unsigned char const&)
 .text._ZNKSt6vectorIhSaIhEE8max_sizeEv
                0x00000000080071c8       0x22 ./USB_DEVICE/App/usbd_cdc_if.o
                0x00000000080071c8                std::vector<unsigned char, std::allocator<unsigned char> >::max_size() const
 .text._ZSt27__uninitialized_default_n_aIPhjhET_S1_T0_RSaIT1_E
                0x00000000080071ea       0x1e ./USB_DEVICE/App/usbd_cdc_if.o
                0x00000000080071ea                unsigned char* std::__uninitialized_default_n_a<unsigned char*, unsigned int, unsigned char>(unsigned char*, unsigned int, std::allocator<unsigned char>&)
 .text._ZNKSt6vectorIhSaIhEE12_M_check_lenEjPKc
                0x0000000008007208       0x8e ./USB_DEVICE/App/usbd_cdc_if.o
                0x0000000008007208                std::vector<unsigned char, std::allocator<unsigned char> >::_M_check_len(unsigned int, char const*) const
 .text._ZNSt12_Vector_baseIhSaIhEE11_M_allocateEj
                0x0000000008007296       0x28 ./USB_DEVICE/App/usbd_cdc_if.o
                0x0000000008007296                std::_Vector_base<unsigned char, std::allocator<unsigned char> >::_M_allocate(unsigned int)
 .text._ZNSt6vectorIhSaIhEE11_S_relocateEPhS2_S2_RS0_
                0x00000000080072be       0x28 ./USB_DEVICE/App/usbd_cdc_if.o
                0x00000000080072be                std::vector<unsigned char, std::allocator<unsigned char> >::_S_relocate(unsigned char*, unsigned char*, unsigned char*, std::allocator<unsigned char>&)
 .text._ZSt34__uninitialized_move_if_noexcept_aIPhS0_SaIhEET0_T_S3_S2_RT1_
                0x00000000080072e6       0x32 ./USB_DEVICE/App/usbd_cdc_if.o
                0x00000000080072e6                unsigned char* std::__uninitialized_move_if_noexcept_a<unsigned char*, unsigned char*, std::allocator<unsigned char> >(unsigned char*, unsigned char*, unsigned char*, std::allocator<unsigned char>&)
 .text._ZSt7forwardIRKhEOT_RNSt16remove_referenceIS2_E4typeE
                0x0000000008007318       0x16 ./USB_DEVICE/App/usbd_cdc_if.o
                0x0000000008007318                unsigned char const& std::forward<unsigned char const&>(std::remove_reference<unsigned char const&>::type&)
 .text._ZN9__gnu_cxx13new_allocatorIhE9constructIhJRKhEEEvPT_DpOT0_
                0x000000000800732e       0x2e ./USB_DEVICE/App/usbd_cdc_if.o
                0x000000000800732e                void __gnu_cxx::new_allocator<unsigned char>::construct<unsigned char, unsigned char const&>(unsigned char*, unsigned char const&)
 .text._ZN9__gnu_cxx17__normal_iteratorIPhSt6vectorIhSaIhEEEC2ERKS1_
                0x000000000800735c       0x20 ./USB_DEVICE/App/usbd_cdc_if.o
                0x000000000800735c                __gnu_cxx::__normal_iterator<unsigned char*, std::vector<unsigned char, std::allocator<unsigned char> > >::__normal_iterator(unsigned char* const&)
                0x000000000800735c                __gnu_cxx::__normal_iterator<unsigned char*, std::vector<unsigned char, std::allocator<unsigned char> > >::__normal_iterator(unsigned char* const&)
 .text._ZNSt6vectorIhSaIhEE5beginEv
                0x000000000800737c       0x20 ./USB_DEVICE/App/usbd_cdc_if.o
                0x000000000800737c                std::vector<unsigned char, std::allocator<unsigned char> >::begin()
 .text._ZN9__gnu_cxxmiIPhSt6vectorIhSaIhEEEENS_17__normal_iteratorIT_T0_E15difference_typeERKS8_SB_
                0x000000000800739c       0x28 ./USB_DEVICE/App/usbd_cdc_if.o
                0x000000000800739c                __gnu_cxx::__normal_iterator<unsigned char*, std::vector<unsigned char, std::allocator<unsigned char> > >::difference_type __gnu_cxx::operator-<unsigned char*, std::vector<unsigned char, std::allocator<unsigned char> > >(__gnu_cxx::__normal_iterator<unsigned char*, std::vector<unsigned char, std::allocator<unsigned char> > > const&, __gnu_cxx::__normal_iterator<unsigned char*, std::vector<unsigned char, std::allocator<unsigned char> > > const&)
 .text._ZNK9__gnu_cxx17__normal_iteratorIPhSt6vectorIhSaIhEEE4baseEv
                0x00000000080073c4       0x16 ./USB_DEVICE/App/usbd_cdc_if.o
                0x00000000080073c4                __gnu_cxx::__normal_iterator<unsigned char*, std::vector<unsigned char, std::allocator<unsigned char> > >::base() const
 .text._ZNSt6vectorIhSaIhEE11_S_max_sizeERKS0_
                0x00000000080073da       0x34 ./USB_DEVICE/App/usbd_cdc_if.o
                0x00000000080073da                std::vector<unsigned char, std::allocator<unsigned char> >::_S_max_size(std::allocator<unsigned char> const&)
 .text._ZNKSt12_Vector_baseIhSaIhEE19_M_get_Tp_allocatorEv
                0x000000000800740e       0x16 ./USB_DEVICE/App/usbd_cdc_if.o
                0x000000000800740e                std::_Vector_base<unsigned char, std::allocator<unsigned char> >::_M_get_Tp_allocator() const
 .text._ZSt25__uninitialized_default_nIPhjET_S1_T0_
                0x0000000008007424       0x20 ./USB_DEVICE/App/usbd_cdc_if.o
                0x0000000008007424                unsigned char* std::__uninitialized_default_n<unsigned char*, unsigned int>(unsigned char*, unsigned int)
 .text._ZSt3maxIjERKT_S2_S2_
                0x0000000008007444       0x28 ./USB_DEVICE/App/usbd_cdc_if.o
                0x0000000008007444                unsigned int const& std::max<unsigned int>(unsigned int const&, unsigned int const&)
 .text._ZNSt16allocator_traitsISaIhEE8allocateERS0_j
                0x000000000800746c       0x1e ./USB_DEVICE/App/usbd_cdc_if.o
                0x000000000800746c                std::allocator_traits<std::allocator<unsigned char> >::allocate(std::allocator<unsigned char>&, unsigned int)
 .text._ZNSt6vectorIhSaIhEE14_S_do_relocateEPhS2_S2_RS0_St17integral_constantIbLb1EE
                0x000000000800748a       0x24 ./USB_DEVICE/App/usbd_cdc_if.o
                0x000000000800748a                std::vector<unsigned char, std::allocator<unsigned char> >::_S_do_relocate(unsigned char*, unsigned char*, unsigned char*, std::allocator<unsigned char>&, std::integral_constant<bool, true>)
 .text._ZSt32__make_move_if_noexcept_iteratorIhSt13move_iteratorIPhEET0_PT_
                0x00000000080074ae       0x1e ./USB_DEVICE/App/usbd_cdc_if.o
                0x00000000080074ae                std::move_iterator<unsigned char*> std::__make_move_if_noexcept_iterator<unsigned char, std::move_iterator<unsigned char*> >(unsigned char*)
 .text._ZSt22__uninitialized_copy_aISt13move_iteratorIPhES1_hET0_T_S4_S3_RSaIT1_E
                0x00000000080074cc       0x22 ./USB_DEVICE/App/usbd_cdc_if.o
                0x00000000080074cc                unsigned char* std::__uninitialized_copy_a<std::move_iterator<unsigned char*>, unsigned char*, unsigned char>(std::move_iterator<unsigned char*>, std::move_iterator<unsigned char*>, unsigned char*, std::allocator<unsigned char>&)
 .text._ZNSt16allocator_traitsISaIhEE8max_sizeERKS0_
                0x00000000080074ee       0x18 ./USB_DEVICE/App/usbd_cdc_if.o
                0x00000000080074ee                std::allocator_traits<std::allocator<unsigned char> >::max_size(std::allocator<unsigned char> const&)
 .text._ZSt3minIjERKT_S2_S2_
                0x0000000008007506       0x28 ./USB_DEVICE/App/usbd_cdc_if.o
                0x0000000008007506                unsigned int const& std::min<unsigned int>(unsigned int const&, unsigned int const&)
 .text._ZSt11__addressofIhEPT_RS0_
                0x000000000800752e       0x16 ./USB_DEVICE/App/usbd_cdc_if.o
                0x000000000800752e                unsigned char* std::__addressof<unsigned char>(unsigned char&)
 .text._ZNSt27__uninitialized_default_n_1ILb1EE18__uninit_default_nIPhjEET_S3_T0_
                0x0000000008007544       0x3e ./USB_DEVICE/App/usbd_cdc_if.o
                0x0000000008007544                unsigned char* std::__uninitialized_default_n_1<true>::__uninit_default_n<unsigned char*, unsigned int>(unsigned char*, unsigned int)
 .text._ZNK9__gnu_cxx13new_allocatorIhE11_M_max_sizeEv
                0x0000000008007582       0x18 ./USB_DEVICE/App/usbd_cdc_if.o
                0x0000000008007582                __gnu_cxx::new_allocator<unsigned char>::_M_max_size() const
 .text._ZN9__gnu_cxx13new_allocatorIhE8allocateEjPKv
                0x000000000800759a       0x42 ./USB_DEVICE/App/usbd_cdc_if.o
                0x000000000800759a                __gnu_cxx::new_allocator<unsigned char>::allocate(unsigned int, void const*)
 .text._ZSt12__relocate_aIPhS0_SaIhEET0_T_S3_S2_RT1_
                0x00000000080075dc       0x3a ./USB_DEVICE/App/usbd_cdc_if.o
                0x00000000080075dc                unsigned char* std::__relocate_a<unsigned char*, unsigned char*, std::allocator<unsigned char> >(unsigned char*, unsigned char*, unsigned char*, std::allocator<unsigned char>&)
 .text._ZNSt13move_iteratorIPhEC2ES0_
                0x0000000008007616       0x24 ./USB_DEVICE/App/usbd_cdc_if.o
                0x0000000008007616                std::move_iterator<unsigned char*>::move_iterator(unsigned char*)
                0x0000000008007616                std::move_iterator<unsigned char*>::move_iterator(unsigned char*)
 .text._ZSt18uninitialized_copyISt13move_iteratorIPhES1_ET0_T_S4_S3_
                0x000000000800763a       0x24 ./USB_DEVICE/App/usbd_cdc_if.o
                0x000000000800763a                unsigned char* std::uninitialized_copy<std::move_iterator<unsigned char*>, unsigned char*>(std::move_iterator<unsigned char*>, std::move_iterator<unsigned char*>, unsigned char*)
 .text._ZNK9__gnu_cxx13new_allocatorIhE8max_sizeEv
                0x000000000800765e       0x18 ./USB_DEVICE/App/usbd_cdc_if.o
                0x000000000800765e                __gnu_cxx::new_allocator<unsigned char>::max_size() const
 .text._ZSt10_ConstructIhJEEvPT_DpOT0_
                0x0000000008007676       0x20 ./USB_DEVICE/App/usbd_cdc_if.o
                0x0000000008007676                void std::_Construct<unsigned char>(unsigned char*)
 .text._ZSt6fill_nIPhjhET_S1_T0_RKT1_
                0x0000000008007696       0x36 ./USB_DEVICE/App/usbd_cdc_if.o
                0x0000000008007696                unsigned char* std::fill_n<unsigned char*, unsigned int, unsigned char>(unsigned char*, unsigned int, unsigned char const&)
 .text._ZSt12__niter_baseIPhET_S1_
                0x00000000080076cc       0x16 ./USB_DEVICE/App/usbd_cdc_if.o
                0x00000000080076cc                unsigned char* std::__niter_base<unsigned char*>(unsigned char*)
 .text._ZSt14__relocate_a_1IhhENSt9enable_ifIXsrSt24__is_bitwise_relocatableIT_vE5valueEPS2_E4typeES4_S4_S4_RSaIT0_E
                0x00000000080076e2       0x36 ./USB_DEVICE/App/usbd_cdc_if.o
                0x00000000080076e2                std::enable_if<std::__is_bitwise_relocatable<unsigned char, void>::value, unsigned char*>::type std::__relocate_a_1<unsigned char, unsigned char>(unsigned char*, unsigned char*, unsigned char*, std::allocator<unsigned char>&)
 .text._ZSt4moveIRPhEONSt16remove_referenceIT_E4typeEOS3_
                0x0000000008007718       0x16 ./USB_DEVICE/App/usbd_cdc_if.o
                0x0000000008007718                std::remove_reference<unsigned char*&>::type&& std::move<unsigned char*&>(unsigned char*&)
 .text._ZNSt20__uninitialized_copyILb1EE13__uninit_copyISt13move_iteratorIPhES3_EET0_T_S6_S5_
                0x000000000800772e       0x20 ./USB_DEVICE/App/usbd_cdc_if.o
                0x000000000800772e                unsigned char* std::__uninitialized_copy<true>::__uninit_copy<std::move_iterator<unsigned char*>, unsigned char*>(std::move_iterator<unsigned char*>, std::move_iterator<unsigned char*>, unsigned char*)
 .text._ZSt19__iterator_categoryIPhENSt15iterator_traitsIT_E17iterator_categoryERKS2_
                0x000000000800774e       0x16 ./USB_DEVICE/App/usbd_cdc_if.o
                0x000000000800774e                std::iterator_traits<unsigned char*>::iterator_category std::__iterator_category<unsigned char*>(unsigned char* const&)
 .text._ZSt10__fill_n_aIPhjhET_S1_T0_RKT1_St26random_access_iterator_tag
                0x0000000008007764       0x36 ./USB_DEVICE/App/usbd_cdc_if.o
                0x0000000008007764                unsigned char* std::__fill_n_a<unsigned char*, unsigned int, unsigned char>(unsigned char*, unsigned int, unsigned char const&, std::random_access_iterator_tag)
 .text._ZSt4copyISt13move_iteratorIPhES1_ET0_T_S4_S3_
                0x000000000800779a       0x30 ./USB_DEVICE/App/usbd_cdc_if.o
                0x000000000800779a                unsigned char* std::copy<std::move_iterator<unsigned char*>, unsigned char*>(std::move_iterator<unsigned char*>, std::move_iterator<unsigned char*>, unsigned char*)
 .text._ZSt8__fill_aIPhhEvT_S1_RKT0_
                0x00000000080077ca       0x1e ./USB_DEVICE/App/usbd_cdc_if.o
                0x00000000080077ca                void std::__fill_a<unsigned char*, unsigned char>(unsigned char*, unsigned char*, unsigned char const&)
 .text._ZSt12__miter_baseIPhEDTcl12__miter_basecldtfp_4baseEEESt13move_iteratorIT_E
                0x00000000080077e8       0x22 ./USB_DEVICE/App/usbd_cdc_if.o
                0x00000000080077e8                decltype (__miter_base(({parm#1}.base)())) std::__miter_base<unsigned char*>(std::move_iterator<unsigned char*>)
 .text._ZSt13__copy_move_aILb1EPhS0_ET1_T0_S2_S1_
                0x000000000800780a       0x46 ./USB_DEVICE/App/usbd_cdc_if.o
                0x000000000800780a                unsigned char* std::__copy_move_a<true, unsigned char*, unsigned char*>(unsigned char*, unsigned char*, unsigned char*)
 .text._ZSt9__fill_a1IhEN9__gnu_cxx11__enable_ifIXsrSt9__is_byteIT_E7__valueEvE6__typeEPS3_S7_RKS3_
                0x0000000008007850       0x34 ./USB_DEVICE/App/usbd_cdc_if.o
                0x0000000008007850                __gnu_cxx::__enable_if<std::__is_byte<unsigned char>::__value, void>::__type std::__fill_a1<unsigned char>(unsigned char*, unsigned char*, unsigned char const&)
 .text._ZNKSt13move_iteratorIPhE4baseEv
                0x0000000008007884       0x18 ./USB_DEVICE/App/usbd_cdc_if.o
                0x0000000008007884                std::move_iterator<unsigned char*>::base() const
 .text._ZSt12__miter_baseIPhET_S1_
                0x000000000800789c       0x16 ./USB_DEVICE/App/usbd_cdc_if.o
                0x000000000800789c                unsigned char* std::__miter_base<unsigned char*>(unsigned char*)
 .text._ZSt14__copy_move_a1ILb1EPhS0_ET1_T0_S2_S1_
                0x00000000080078b2       0x20 ./USB_DEVICE/App/usbd_cdc_if.o
                0x00000000080078b2                unsigned char* std::__copy_move_a1<true, unsigned char*, unsigned char*>(unsigned char*, unsigned char*, unsigned char*)
 .text._ZSt12__niter_wrapIPhET_RKS1_S1_
                0x00000000080078d2       0x18 ./USB_DEVICE/App/usbd_cdc_if.o
                0x00000000080078d2                unsigned char* std::__niter_wrap<unsigned char*>(unsigned char* const&, unsigned char*)
 .text._ZSt14__copy_move_a2ILb1EPhS0_ET1_T0_S2_S1_
                0x00000000080078ea       0x20 ./USB_DEVICE/App/usbd_cdc_if.o
                0x00000000080078ea                unsigned char* std::__copy_move_a2<true, unsigned char*, unsigned char*>(unsigned char*, unsigned char*, unsigned char*)
 .text._ZNSt11__copy_moveILb1ELb1ESt26random_access_iterator_tagE8__copy_mIhEEPT_PKS3_S6_S4_
                0x000000000800790a       0x34 ./USB_DEVICE/App/usbd_cdc_if.o
                0x000000000800790a                unsigned char* std::__copy_move<true, true, std::random_access_iterator_tag>::__copy_m<unsigned char>(unsigned char const*, unsigned char const*, unsigned char*)
 *fill*         0x000000000800793e        0x2 
 .text.USBD_FS_DeviceDescriptor
                0x0000000008007940       0x24 ./USB_DEVICE/App/usbd_desc.o
                0x0000000008007940                USBD_FS_DeviceDescriptor
 .text.USBD_FS_LangIDStrDescriptor
                0x0000000008007964       0x24 ./USB_DEVICE/App/usbd_desc.o
                0x0000000008007964                USBD_FS_LangIDStrDescriptor
 .text.USBD_FS_ProductStrDescriptor
                0x0000000008007988       0x3c ./USB_DEVICE/App/usbd_desc.o
                0x0000000008007988                USBD_FS_ProductStrDescriptor
 .text.USBD_FS_ManufacturerStrDescriptor
                0x00000000080079c4       0x28 ./USB_DEVICE/App/usbd_desc.o
                0x00000000080079c4                USBD_FS_ManufacturerStrDescriptor
 .text.USBD_FS_SerialStrDescriptor
                0x00000000080079ec       0x24 ./USB_DEVICE/App/usbd_desc.o
                0x00000000080079ec                USBD_FS_SerialStrDescriptor
 .text.USBD_FS_ConfigStrDescriptor
                0x0000000008007a10       0x3c ./USB_DEVICE/App/usbd_desc.o
                0x0000000008007a10                USBD_FS_ConfigStrDescriptor
 .text.USBD_FS_InterfaceStrDescriptor
                0x0000000008007a4c       0x3c ./USB_DEVICE/App/usbd_desc.o
                0x0000000008007a4c                USBD_FS_InterfaceStrDescriptor
 .text.Get_SerialNum
                0x0000000008007a88       0x58 ./USB_DEVICE/App/usbd_desc.o
 .text.IntToUnicode
                0x0000000008007ae0       0x7e ./USB_DEVICE/App/usbd_desc.o
 *fill*         0x0000000008007b5e        0x2 
 .text.HAL_PCD_MspInit
                0x0000000008007b60       0xc4 ./USB_DEVICE/Target/usbd_conf.o
                0x0000000008007b60                HAL_PCD_MspInit
 .text.HAL_PCD_SetupStageCallback
                0x0000000008007c24       0x24 ./USB_DEVICE/Target/usbd_conf.o
                0x0000000008007c24                HAL_PCD_SetupStageCallback
 .text.HAL_PCD_DataOutStageCallback
                0x0000000008007c48       0x36 ./USB_DEVICE/Target/usbd_conf.o
                0x0000000008007c48                HAL_PCD_DataOutStageCallback
 .text.HAL_PCD_DataInStageCallback
                0x0000000008007c7e       0x34 ./USB_DEVICE/Target/usbd_conf.o
                0x0000000008007c7e                HAL_PCD_DataInStageCallback
 .text.HAL_PCD_SOFCallback
                0x0000000008007cb2       0x1c ./USB_DEVICE/Target/usbd_conf.o
                0x0000000008007cb2                HAL_PCD_SOFCallback
 .text.HAL_PCD_ResetCallback
                0x0000000008007cce       0x50 ./USB_DEVICE/Target/usbd_conf.o
                0x0000000008007cce                HAL_PCD_ResetCallback
 *fill*         0x0000000008007d1e        0x2 
 .text.HAL_PCD_SuspendCallback
                0x0000000008007d20       0x4c ./USB_DEVICE/Target/usbd_conf.o
                0x0000000008007d20                HAL_PCD_SuspendCallback
 .text.HAL_PCD_ResumeCallback
                0x0000000008007d6c       0x1c ./USB_DEVICE/Target/usbd_conf.o
                0x0000000008007d6c                HAL_PCD_ResumeCallback
 .text.HAL_PCD_ISOOUTIncompleteCallback
                0x0000000008007d88       0x24 ./USB_DEVICE/Target/usbd_conf.o
                0x0000000008007d88                HAL_PCD_ISOOUTIncompleteCallback
 .text.HAL_PCD_ISOINIncompleteCallback
                0x0000000008007dac       0x24 ./USB_DEVICE/Target/usbd_conf.o
                0x0000000008007dac                HAL_PCD_ISOINIncompleteCallback
 .text.HAL_PCD_ConnectCallback
                0x0000000008007dd0       0x1c ./USB_DEVICE/Target/usbd_conf.o
                0x0000000008007dd0                HAL_PCD_ConnectCallback
 .text.HAL_PCD_DisconnectCallback
                0x0000000008007dec       0x1c ./USB_DEVICE/Target/usbd_conf.o
                0x0000000008007dec                HAL_PCD_DisconnectCallback
 .text.USBD_LL_Init
                0x0000000008007e08       0x98 ./USB_DEVICE/Target/usbd_conf.o
                0x0000000008007e08                USBD_LL_Init
 .text.USBD_LL_Start
                0x0000000008007ea0       0x36 ./USB_DEVICE/Target/usbd_conf.o
                0x0000000008007ea0                USBD_LL_Start
 .text.USBD_LL_OpenEP
                0x0000000008007ed6       0x4c ./USB_DEVICE/Target/usbd_conf.o
                0x0000000008007ed6                USBD_LL_OpenEP
 .text.USBD_LL_CloseEP
                0x0000000008007f22       0x3e ./USB_DEVICE/Target/usbd_conf.o
                0x0000000008007f22                USBD_LL_CloseEP
 .text.USBD_LL_StallEP
                0x0000000008007f60       0x3e ./USB_DEVICE/Target/usbd_conf.o
                0x0000000008007f60                USBD_LL_StallEP
 .text.USBD_LL_ClearStallEP
                0x0000000008007f9e       0x3e ./USB_DEVICE/Target/usbd_conf.o
                0x0000000008007f9e                USBD_LL_ClearStallEP
 .text.USBD_LL_IsStallEP
                0x0000000008007fdc       0x58 ./USB_DEVICE/Target/usbd_conf.o
                0x0000000008007fdc                USBD_LL_IsStallEP
 .text.USBD_LL_SetUSBAddress
                0x0000000008008034       0x3e ./USB_DEVICE/Target/usbd_conf.o
                0x0000000008008034                USBD_LL_SetUSBAddress
 .text.USBD_LL_Transmit
                0x0000000008008072       0x42 ./USB_DEVICE/Target/usbd_conf.o
                0x0000000008008072                USBD_LL_Transmit
 .text.USBD_LL_PrepareReceive
                0x00000000080080b4       0x42 ./USB_DEVICE/Target/usbd_conf.o
                0x00000000080080b4                USBD_LL_PrepareReceive
 .text.USBD_LL_GetRxDataSize
                0x00000000080080f6       0x26 ./USB_DEVICE/Target/usbd_conf.o
                0x00000000080080f6                USBD_LL_GetRxDataSize
 .text.USBD_static_malloc
                0x000000000800811c       0x1c ./USB_DEVICE/Target/usbd_conf.o
                0x000000000800811c                USBD_static_malloc
 .text.USBD_static_free
                0x0000000008008138       0x14 ./USB_DEVICE/Target/usbd_conf.o
                0x0000000008008138                USBD_static_free
 .text.USBD_Get_USB_Status
                0x000000000800814c       0x58 ./USB_DEVICE/Target/usbd_conf.o
                0x000000000800814c                USBD_Get_USB_Status
 .text._ZdlPvj  0x00000000080081a4        0x4 C:/ST/STM32CubeIDE_1.10.1/STM32CubeIDE/plugins/com.st.stm32cube.ide.mcu.externaltools.gnu-tools-for-stm32.11.3.rel1.win32_1.1.0.202305231506/tools/bin/../lib/gcc/arm-none-eabi/11.3.1/../../../../arm-none-eabi/lib/thumb/v7e-m+fp/hard\libstdc++_nano.a(del_ops.o)
                0x00000000080081a4                operator delete(void*, unsigned int)
 .text._Znwj    0x00000000080081a8       0x22 C:/ST/STM32CubeIDE_1.10.1/STM32CubeIDE/plugins/com.st.stm32cube.ide.mcu.externaltools.gnu-tools-for-stm32.11.3.rel1.win32_1.1.0.202305231506/tools/bin/../lib/gcc/arm-none-eabi/11.3.1/../../../../arm-none-eabi/lib/thumb/v7e-m+fp/hard\libstdc++_nano.a(new_op.o)
                0x00000000080081a8                operator new(unsigned int)
 .text.unlikely._ZSt17__throw_bad_allocv
                0x00000000080081ca        0x6 C:/ST/STM32CubeIDE_1.10.1/STM32CubeIDE/plugins/com.st.stm32cube.ide.mcu.externaltools.gnu-tools-for-stm32.11.3.rel1.win32_1.1.0.202305231506/tools/bin/../lib/gcc/arm-none-eabi/11.3.1/../../../../arm-none-eabi/lib/thumb/v7e-m+fp/hard\libstdc++_nano.a(functexcept.o)
                0x00000000080081ca                std::__throw_bad_alloc()
 .text.unlikely._ZSt20__throw_length_errorPKc
                0x00000000080081d0        0x6 C:/ST/STM32CubeIDE_1.10.1/STM32CubeIDE/plugins/com.st.stm32cube.ide.mcu.externaltools.gnu-tools-for-stm32.11.3.rel1.win32_1.1.0.202305231506/tools/bin/../lib/gcc/arm-none-eabi/11.3.1/../../../../arm-none-eabi/lib/thumb/v7e-m+fp/hard\libstdc++_nano.a(functexcept.o)
                0x00000000080081d0                std::__throw_length_error(char const*)
 .text._ZdlPv   0x00000000080081d6        0x4 C:/ST/STM32CubeIDE_1.10.1/STM32CubeIDE/plugins/com.st.stm32cube.ide.mcu.externaltools.gnu-tools-for-stm32.11.3.rel1.win32_1.1.0.202305231506/tools/bin/../lib/gcc/arm-none-eabi/11.3.1/../../../../arm-none-eabi/lib/thumb/v7e-m+fp/hard\libstdc++_nano.a(del_op.o)
                0x00000000080081d6                operator delete(void*)
 *fill*         0x00000000080081da        0x2 
 .text._ZSt15get_new_handlerv
                0x00000000080081dc       0x10 C:/ST/STM32CubeIDE_1.10.1/STM32CubeIDE/plugins/com.st.stm32cube.ide.mcu.externaltools.gnu-tools-for-stm32.11.3.rel1.win32_1.1.0.202305231506/tools/bin/../lib/gcc/arm-none-eabi/11.3.1/../../../../arm-none-eabi/lib/thumb/v7e-m+fp/hard\libstdc++_nano.a(new_handler.o)
                0x00000000080081dc                std::get_new_handler()
 .text.abort    0x00000000080081ec        0xe C:/ST/STM32CubeIDE_1.10.1/STM32CubeIDE/plugins/com.st.stm32cube.ide.mcu.externaltools.gnu-tools-for-stm32.11.3.rel1.win32_1.1.0.202305231506/tools/bin/../lib/gcc/arm-none-eabi/11.3.1/../../../../arm-none-eabi/lib/thumb/v7e-m+fp/hard\libc_nano.a(libc_a-abort.o)
                0x00000000080081ec                abort
 *fill*         0x00000000080081fa        0x2 
 .text.malloc   0x00000000080081fc       0x10 C:/ST/STM32CubeIDE_1.10.1/STM32CubeIDE/plugins/com.st.stm32cube.ide.mcu.externaltools.gnu-tools-for-stm32.11.3.rel1.win32_1.1.0.202305231506/tools/bin/../lib/gcc/arm-none-eabi/11.3.1/../../../../arm-none-eabi/lib/thumb/v7e-m+fp/hard\libc_nano.a(libc_a-malloc.o)
                0x00000000080081fc                malloc
 .text.free     0x000000000800820c       0x10 C:/ST/STM32CubeIDE_1.10.1/STM32CubeIDE/plugins/com.st.stm32cube.ide.mcu.externaltools.gnu-tools-for-stm32.11.3.rel1.win32_1.1.0.202305231506/tools/bin/../lib/gcc/arm-none-eabi/11.3.1/../../../../arm-none-eabi/lib/thumb/v7e-m+fp/hard\libc_nano.a(libc_a-malloc.o)
                0x000000000800820c                free
 .text.sbrk_aligned
                0x000000000800821c       0x40 C:/ST/STM32CubeIDE_1.10.1/STM32CubeIDE/plugins/com.st.stm32cube.ide.mcu.externaltools.gnu-tools-for-stm32.11.3.rel1.win32_1.1.0.202305231506/tools/bin/../lib/gcc/arm-none-eabi/11.3.1/../../../../arm-none-eabi/lib/thumb/v7e-m+fp/hard\libc_nano.a(libc_a-mallocr.o)
 .text._malloc_r
                0x000000000800825c      0x100 C:/ST/STM32CubeIDE_1.10.1/STM32CubeIDE/plugins/com.st.stm32cube.ide.mcu.externaltools.gnu-tools-for-stm32.11.3.rel1.win32_1.1.0.202305231506/tools/bin/../lib/gcc/arm-none-eabi/11.3.1/../../../../arm-none-eabi/lib/thumb/v7e-m+fp/hard\libc_nano.a(libc_a-mallocr.o)
                0x000000000800825c                _malloc_r
 .text.__malloc_lock
                0x000000000800835c        0xc C:/ST/STM32CubeIDE_1.10.1/STM32CubeIDE/plugins/com.st.stm32cube.ide.mcu.externaltools.gnu-tools-for-stm32.11.3.rel1.win32_1.1.0.202305231506/tools/bin/../lib/gcc/arm-none-eabi/11.3.1/../../../../arm-none-eabi/lib/thumb/v7e-m+fp/hard\libc_nano.a(libc_a-mlock.o)
                0x000000000800835c                __malloc_lock
 .text.__malloc_unlock
                0x0000000008008368        0xc C:/ST/STM32CubeIDE_1.10.1/STM32CubeIDE/plugins/com.st.stm32cube.ide.mcu.externaltools.gnu-tools-for-stm32.11.3.rel1.win32_1.1.0.202305231506/tools/bin/../lib/gcc/arm-none-eabi/11.3.1/../../../../arm-none-eabi/lib/thumb/v7e-m+fp/hard\libc_nano.a(libc_a-mlock.o)
                0x0000000008008368                __malloc_unlock
 .text.memmove  0x0000000008008374       0x34 C:/ST/STM32CubeIDE_1.10.1/STM32CubeIDE/plugins/com.st.stm32cube.ide.mcu.externaltools.gnu-tools-for-stm32.11.3.rel1.win32_1.1.0.202305231506/tools/bin/../lib/gcc/arm-none-eabi/11.3.1/../../../../arm-none-eabi/lib/thumb/v7e-m+fp/hard\libc_nano.a(libc_a-memmove.o)
                0x0000000008008374                memmove
 .text.memset   0x00000000080083a8       0x10 C:/ST/STM32CubeIDE_1.10.1/STM32CubeIDE/plugins/com.st.stm32cube.ide.mcu.externaltools.gnu-tools-for-stm32.11.3.rel1.win32_1.1.0.202305231506/tools/bin/../lib/gcc/arm-none-eabi/11.3.1/../../../../arm-none-eabi/lib/thumb/v7e-m+fp/hard\libc_nano.a(libc_a-memset.o)
                0x00000000080083a8                memset
 .text._raise_r
                0x00000000080083b8       0x50 C:/ST/STM32CubeIDE_1.10.1/STM32CubeIDE/plugins/com.st.stm32cube.ide.mcu.externaltools.gnu-tools-for-stm32.11.3.rel1.win32_1.1.0.202305231506/tools/bin/../lib/gcc/arm-none-eabi/11.3.1/../../../../arm-none-eabi/lib/thumb/v7e-m+fp/hard\libc_nano.a(libc_a-signal.o)
                0x00000000080083b8                _raise_r
 .text.raise    0x0000000008008408       0x10 C:/ST/STM32CubeIDE_1.10.1/STM32CubeIDE/plugins/com.st.stm32cube.ide.mcu.externaltools.gnu-tools-for-stm32.11.3.rel1.win32_1.1.0.202305231506/tools/bin/../lib/gcc/arm-none-eabi/11.3.1/../../../../arm-none-eabi/lib/thumb/v7e-m+fp/hard\libc_nano.a(libc_a-signal.o)
                0x0000000008008408                raise
 .text._kill_r  0x0000000008008418       0x24 C:/ST/STM32CubeIDE_1.10.1/STM32CubeIDE/plugins/com.st.stm32cube.ide.mcu.externaltools.gnu-tools-for-stm32.11.3.rel1.win32_1.1.0.202305231506/tools/bin/../lib/gcc/arm-none-eabi/11.3.1/../../../../arm-none-eabi/lib/thumb/v7e-m+fp/hard\libc_nano.a(libc_a-signalr.o)
                0x0000000008008418                _kill_r
 .text._getpid_r
                0x000000000800843c        0x4 C:/ST/STM32CubeIDE_1.10.1/STM32CubeIDE/plugins/com.st.stm32cube.ide.mcu.externaltools.gnu-tools-for-stm32.11.3.rel1.win32_1.1.0.202305231506/tools/bin/../lib/gcc/arm-none-eabi/11.3.1/../../../../arm-none-eabi/lib/thumb/v7e-m+fp/hard\libc_nano.a(libc_a-signalr.o)
                0x000000000800843c                _getpid_r
 .text._sbrk_r  0x0000000008008440       0x20 C:/ST/STM32CubeIDE_1.10.1/STM32CubeIDE/plugins/com.st.stm32cube.ide.mcu.externaltools.gnu-tools-for-stm32.11.3.rel1.win32_1.1.0.202305231506/tools/bin/../lib/gcc/arm-none-eabi/11.3.1/../../../../arm-none-eabi/lib/thumb/v7e-m+fp/hard\libc_nano.a(libc_a-sbrkr.o)
                0x0000000008008440                _sbrk_r
 .text.__errno  0x0000000008008460        0xc C:/ST/STM32CubeIDE_1.10.1/STM32CubeIDE/plugins/com.st.stm32cube.ide.mcu.externaltools.gnu-tools-for-stm32.11.3.rel1.win32_1.1.0.202305231506/tools/bin/../lib/gcc/arm-none-eabi/11.3.1/../../../../arm-none-eabi/lib/thumb/v7e-m+fp/hard\libc_nano.a(libc_a-errno.o)
                0x0000000008008460                __errno
 .text.__libc_init_array
                0x000000000800846c       0x48 C:/ST/STM32CubeIDE_1.10.1/STM32CubeIDE/plugins/com.st.stm32cube.ide.mcu.externaltools.gnu-tools-for-stm32.11.3.rel1.win32_1.1.0.202305231506/tools/bin/../lib/gcc/arm-none-eabi/11.3.1/../../../../arm-none-eabi/lib/thumb/v7e-m+fp/hard\libc_nano.a(libc_a-init.o)
                0x000000000800846c                __libc_init_array
 .text.__retarget_lock_acquire_recursive
                0x00000000080084b4        0x2 C:/ST/STM32CubeIDE_1.10.1/STM32CubeIDE/plugins/com.st.stm32cube.ide.mcu.externaltools.gnu-tools-for-stm32.11.3.rel1.win32_1.1.0.202305231506/tools/bin/../lib/gcc/arm-none-eabi/11.3.1/../../../../arm-none-eabi/lib/thumb/v7e-m+fp/hard\libc_nano.a(libc_a-lock.o)
                0x00000000080084b4                __retarget_lock_acquire_recursive
 .text.__retarget_lock_release_recursive
                0x00000000080084b6        0x2 C:/ST/STM32CubeIDE_1.10.1/STM32CubeIDE/plugins/com.st.stm32cube.ide.mcu.externaltools.gnu-tools-for-stm32.11.3.rel1.win32_1.1.0.202305231506/tools/bin/../lib/gcc/arm-none-eabi/11.3.1/../../../../arm-none-eabi/lib/thumb/v7e-m+fp/hard\libc_nano.a(libc_a-lock.o)
                0x00000000080084b6                __retarget_lock_release_recursive
 .text._free_r  0x00000000080084b8       0x98 C:/ST/STM32CubeIDE_1.10.1/STM32CubeIDE/plugins/com.st.stm32cube.ide.mcu.externaltools.gnu-tools-for-stm32.11.3.rel1.win32_1.1.0.202305231506/tools/bin/../lib/gcc/arm-none-eabi/11.3.1/../../../../arm-none-eabi/lib/thumb/v7e-m+fp/hard\libc_nano.a(libc_a-freer.o)
                0x00000000080084b8                _free_r
 *(.glue_7)
 .glue_7        0x0000000008008550        0x0 linker stubs
 *(.glue_7t)
 .glue_7t       0x0000000008008550        0x0 linker stubs
 *(.eh_frame)
 .eh_frame      0x0000000008008550        0x0 C:/ST/STM32CubeIDE_1.10.1/STM32CubeIDE/plugins/com.st.stm32cube.ide.mcu.externaltools.gnu-tools-for-stm32.11.3.rel1.win32_1.1.0.202305231506/tools/bin/../lib/gcc/arm-none-eabi/11.3.1/thumb/v7e-m+fp/hard/crtbegin.o
 *(.init)
 .init          0x0000000008008550        0x4 C:/ST/STM32CubeIDE_1.10.1/STM32CubeIDE/plugins/com.st.stm32cube.ide.mcu.externaltools.gnu-tools-for-stm32.11.3.rel1.win32_1.1.0.202305231506/tools/bin/../lib/gcc/arm-none-eabi/11.3.1/thumb/v7e-m+fp/hard/crti.o
                0x0000000008008550                _init
 .init          0x0000000008008554        0x8 C:/ST/STM32CubeIDE_1.10.1/STM32CubeIDE/plugins/com.st.stm32cube.ide.mcu.externaltools.gnu-tools-for-stm32.11.3.rel1.win32_1.1.0.202305231506/tools/bin/../lib/gcc/arm-none-eabi/11.3.1/thumb/v7e-m+fp/hard/crtn.o
 *(.fini)
 .fini          0x000000000800855c        0x4 C:/ST/STM32CubeIDE_1.10.1/STM32CubeIDE/plugins/com.st.stm32cube.ide.mcu.externaltools.gnu-tools-for-stm32.11.3.rel1.win32_1.1.0.202305231506/tools/bin/../lib/gcc/arm-none-eabi/11.3.1/thumb/v7e-m+fp/hard/crti.o
                0x000000000800855c                _fini
 .fini          0x0000000008008560        0x8 C:/ST/STM32CubeIDE_1.10.1/STM32CubeIDE/plugins/com.st.stm32cube.ide.mcu.externaltools.gnu-tools-for-stm32.11.3.rel1.win32_1.1.0.202305231506/tools/bin/../lib/gcc/arm-none-eabi/11.3.1/thumb/v7e-m+fp/hard/crtn.o
                0x0000000008008568                . = ALIGN (0x4)
                0x0000000008008568                _etext = .

.vfp11_veneer   0x0000000008008568        0x0
 .vfp11_veneer  0x0000000008008568        0x0 linker stubs

.v4_bx          0x0000000008008568        0x0
 .v4_bx         0x0000000008008568        0x0 linker stubs

.iplt           0x0000000008008568        0x0
 .iplt          0x0000000008008568        0x0 C:/ST/STM32CubeIDE_1.10.1/STM32CubeIDE/plugins/com.st.stm32cube.ide.mcu.externaltools.gnu-tools-for-stm32.11.3.rel1.win32_1.1.0.202305231506/tools/bin/../lib/gcc/arm-none-eabi/11.3.1/thumb/v7e-m+fp/hard/crtbegin.o

.rodata         0x0000000008008568       0x90
                0x0000000008008568                . = ALIGN (0x4)
 *(.rodata)
 .rodata        0x0000000008008568       0x36 ./USB_DEVICE/App/usbd_cdc_if.o
 *fill*         0x000000000800859e        0x2 
 .rodata        0x00000000080085a0       0x46 ./USB_DEVICE/App/usbd_desc.o
 *(.rodata*)
 *fill*         0x00000000080085e6        0x2 
 .rodata.AHBPrescTable
                0x00000000080085e8       0x10 ./Core/Src/system_stm32f4xx.o
                0x00000000080085e8                AHBPrescTable
                0x00000000080085f8                . = ALIGN (0x4)

.ARM.extab      0x00000000080085f8        0x0
                0x00000000080085f8                . = ALIGN (0x4)
 *(.ARM.extab* .gnu.linkonce.armextab.*)
                0x00000000080085f8                . = ALIGN (0x4)

.ARM            0x00000000080085f8        0x8
                0x00000000080085f8                . = ALIGN (0x4)
                0x00000000080085f8                __exidx_start = .
 *(.ARM.exidx*)
 .ARM.exidx     0x00000000080085f8        0x8 C:/ST/STM32CubeIDE_1.10.1/STM32CubeIDE/plugins/com.st.stm32cube.ide.mcu.externaltools.gnu-tools-for-stm32.11.3.rel1.win32_1.1.0.202305231506/tools/bin/../lib/gcc/arm-none-eabi/11.3.1/thumb/v7e-m+fp/hard\libgcc.a(_udivmoddi4.o)
                0x0000000008008600                __exidx_end = .
                0x0000000008008600                . = ALIGN (0x4)

.rel.dyn        0x0000000008008600        0x0
 .rel.iplt      0x0000000008008600        0x0 C:/ST/STM32CubeIDE_1.10.1/STM32CubeIDE/plugins/com.st.stm32cube.ide.mcu.externaltools.gnu-tools-for-stm32.11.3.rel1.win32_1.1.0.202305231506/tools/bin/../lib/gcc/arm-none-eabi/11.3.1/thumb/v7e-m+fp/hard/crtbegin.o

.preinit_array  0x0000000008008600        0x0
                0x0000000008008600                . = ALIGN (0x4)
                0x0000000008008600                PROVIDE (__preinit_array_start = .)
 *(.preinit_array*)
                0x0000000008008600                PROVIDE (__preinit_array_end = .)
                0x0000000008008600                . = ALIGN (0x4)

.init_array     0x0000000008008600        0x8
                0x0000000008008600                . = ALIGN (0x4)
                0x0000000008008600                PROVIDE (__init_array_start = .)
 *(SORT_BY_NAME(.init_array.*))
 *(.init_array*)
 .init_array    0x0000000008008600        0x4 C:/ST/STM32CubeIDE_1.10.1/STM32CubeIDE/plugins/com.st.stm32cube.ide.mcu.externaltools.gnu-tools-for-stm32.11.3.rel1.win32_1.1.0.202305231506/tools/bin/../lib/gcc/arm-none-eabi/11.3.1/thumb/v7e-m+fp/hard/crtbegin.o
 .init_array    0x0000000008008604        0x4 ./Core/Src/main.o
                0x0000000008008608                PROVIDE (__init_array_end = .)
                0x0000000008008608                . = ALIGN (0x4)

.fini_array     0x0000000008008608        0x8
                0x0000000008008608                . = ALIGN (0x4)
                [!provide]                        PROVIDE (__fini_array_start = .)
 *(SORT_BY_NAME(.fini_array.*))
 *(.fini_array*)
 .fini_array    0x0000000008008608        0x4 C:/ST/STM32CubeIDE_1.10.1/STM32CubeIDE/plugins/com.st.stm32cube.ide.mcu.externaltools.gnu-tools-for-stm32.11.3.rel1.win32_1.1.0.202305231506/tools/bin/../lib/gcc/arm-none-eabi/11.3.1/thumb/v7e-m+fp/hard/crtbegin.o
 .fini_array    0x000000000800860c        0x4 ./Core/Src/main.o
                [!provide]                        PROVIDE (__fini_array_end = .)
                0x0000000008008610                . = ALIGN (0x4)
                0x0000000008008610                _sidata = LOADADDR (.data)

.data           0x0000000020000000      0x170 load address 0x0000000008008610
                0x0000000020000000                . = ALIGN (0x4)
                0x0000000020000000                _sdata = .
 *(.data)
 *(.data*)
 .data.Message  0x0000000020000000       0x23 ./Core/Src/main.o
                0x0000000020000000                Message
 *fill*         0x0000000020000023        0x1 
 .data.SystemCoreClock
                0x0000000020000024        0x4 ./Core/Src/system_stm32f4xx.o
                0x0000000020000024                SystemCoreClock
 .data.uwTickPrio
                0x0000000020000028        0x4 ./Drivers/STM32F4xx_HAL_Driver/Src/stm32f4xx_hal.o
                0x0000000020000028                uwTickPrio
 .data.uwTickFreq
                0x000000002000002c        0x1 ./Drivers/STM32F4xx_HAL_Driver/Src/stm32f4xx_hal.o
                0x000000002000002c                uwTickFreq
 *fill*         0x000000002000002d        0x3 
 .data.USBD_CDC_DeviceQualifierDesc
                0x0000000020000030        0xa ./Middlewares/ST/STM32_USB_Device_Library/Class/CDC/Src/usbd_cdc.o
 *fill*         0x000000002000003a        0x2 
 .data.USBD_CDC
                0x000000002000003c       0x38 ./Middlewares/ST/STM32_USB_Device_Library/Class/CDC/Src/usbd_cdc.o
                0x000000002000003c                USBD_CDC
 .data.USBD_CDC_CfgDesc
                0x0000000020000074       0x43 ./Middlewares/ST/STM32_USB_Device_Library/Class/CDC/Src/usbd_cdc.o
 .data.CDCInEpAdd
                0x00000000200000b7        0x1 ./Middlewares/ST/STM32_USB_Device_Library/Class/CDC/Src/usbd_cdc.o
 .data.CDCOutEpAdd
                0x00000000200000b8        0x1 ./Middlewares/ST/STM32_USB_Device_Library/Class/CDC/Src/usbd_cdc.o
 .data.CDCCmdEpAdd
                0x00000000200000b9        0x1 ./Middlewares/ST/STM32_USB_Device_Library/Class/CDC/Src/usbd_cdc.o
 *fill*         0x00000000200000ba        0x2 
 .data.USBD_Interface_fops_FS
                0x00000000200000bc       0x14 ./USB_DEVICE/App/usbd_cdc_if.o
                0x00000000200000bc                USBD_Interface_fops_FS
 .data.FS_Desc  0x00000000200000d0       0x1c ./USB_DEVICE/App/usbd_desc.o
                0x00000000200000d0                FS_Desc
 .data.USBD_FS_DeviceDesc
                0x00000000200000ec       0x12 ./USB_DEVICE/App/usbd_desc.o
                0x00000000200000ec                USBD_FS_DeviceDesc
 *fill*         0x00000000200000fe        0x2 
 .data.USBD_LangIDDesc
                0x0000000020000100        0x4 ./USB_DEVICE/App/usbd_desc.o
                0x0000000020000100                USBD_LangIDDesc
 .data.USBD_StringSerial
                0x0000000020000104       0x1a ./USB_DEVICE/App/usbd_desc.o
                0x0000000020000104                USBD_StringSerial
 *fill*         0x000000002000011e        0x2 
 .data._impure_data
                0x0000000020000120       0x4c C:/ST/STM32CubeIDE_1.10.1/STM32CubeIDE/plugins/com.st.stm32cube.ide.mcu.externaltools.gnu-tools-for-stm32.11.3.rel1.win32_1.1.0.202305231506/tools/bin/../lib/gcc/arm-none-eabi/11.3.1/../../../../arm-none-eabi/lib/thumb/v7e-m+fp/hard\libc_nano.a(libc_a-impure.o)
                0x0000000020000120                _impure_data
 .data._impure_ptr
                0x000000002000016c        0x4 C:/ST/STM32CubeIDE_1.10.1/STM32CubeIDE/plugins/com.st.stm32cube.ide.mcu.externaltools.gnu-tools-for-stm32.11.3.rel1.win32_1.1.0.202305231506/tools/bin/../lib/gcc/arm-none-eabi/11.3.1/../../../../arm-none-eabi/lib/thumb/v7e-m+fp/hard\libc_nano.a(libc_a-impure.o)
                0x000000002000016c                _impure_ptr
 *(.RamFunc)
 *(.RamFunc*)
                0x0000000020000170                . = ALIGN (0x4)
                0x0000000020000170                _edata = .
                0x0000000008008780                _siccmram = LOADADDR (.ccmram)

.igot.plt       0x0000000020000170        0x0 load address 0x0000000008008780